Archive member included to satisfy reference by file (symbol)

C:/CLionToolchains/gcc-arm-none-eabi-10.3-2021.10/bin/../lib/gcc/arm-none-eabi/13.3.1/thumb/v7e-m+fp/hard\libgcc.a(_arm_muldf3.o)
                              CMakeFiles/bubing_RM2025.elf.dir/code_mf/Src/Robstride01.c.obj (__aeabi_dmul)
C:/CLionToolchains/gcc-arm-none-eabi-10.3-2021.10/bin/../lib/gcc/arm-none-eabi/13.3.1/thumb/v7e-m+fp/hard\libgcc.a(_arm_addsubdf3.o)
                              CMakeFiles/bubing_RM2025.elf.dir/code_mf/Src/Robstride01.c.obj (__aeabi_i2d)
C:/CLionToolchains/gcc-arm-none-eabi-10.3-2021.10/bin/../lib/gcc/arm-none-eabi/13.3.1/thumb/v7e-m+fp/hard\libgcc.a(_arm_truncdfsf2.o)
                              CMakeFiles/bubing_RM2025.elf.dir/code_mf/Src/Robstride01.c.obj (__aeabi_d2f)
C:/CLionToolchains/gcc-arm-none-eabi-10.3-2021.10/bin/../lib/gcc/arm-none-eabi/13.3.1/thumb/v7e-m+fp/hard\libgcc.a(_aeabi_uldivmod.o)
                              CMakeFiles/bubing_RM2025.elf.dir/Drivers/STM32F4xx_HAL_Driver/Src/stm32f4xx_hal_rcc.c.obj (__aeabi_uldivmod)
C:/CLionToolchains/gcc-arm-none-eabi-10.3-2021.10/bin/../lib/gcc/arm-none-eabi/13.3.1/thumb/v7e-m+fp/hard\libgcc.a(_udivmoddi4.o)
                              C:/CLionToolchains/gcc-arm-none-eabi-10.3-2021.10/bin/../lib/gcc/arm-none-eabi/13.3.1/thumb/v7e-m+fp/hard\libgcc.a(_aeabi_uldivmod.o) (__udivmoddi4)
C:/CLionToolchains/gcc-arm-none-eabi-10.3-2021.10/bin/../lib/gcc/arm-none-eabi/13.3.1/thumb/v7e-m+fp/hard\libgcc.a(_dvmd_tls.o)
                              C:/CLionToolchains/gcc-arm-none-eabi-10.3-2021.10/bin/../lib/gcc/arm-none-eabi/13.3.1/thumb/v7e-m+fp/hard\libgcc.a(_aeabi_uldivmod.o) (__aeabi_ldiv0)
C:/CLionToolchains/gcc-arm-none-eabi-10.3-2021.10/bin/../lib/gcc/arm-none-eabi/13.3.1/thumb/v7e-m+fp/hard\libg.a(libc_a-exit.o)
                              C:/CLionToolchains/gcc-arm-none-eabi-10.3-2021.10/bin/../lib/gcc/arm-none-eabi/13.3.1/thumb/v7e-m+fp/hard/crt0.o (exit)
C:/CLionToolchains/gcc-arm-none-eabi-10.3-2021.10/bin/../lib/gcc/arm-none-eabi/13.3.1/thumb/v7e-m+fp/hard\libg.a(libc_a-findfp.o)
                              CMakeFiles/bubing_RM2025.elf.dir/Middlewares/Third_Party/FreeRTOS/Source/tasks.c.obj (__sf)
C:/CLionToolchains/gcc-arm-none-eabi-10.3-2021.10/bin/../lib/gcc/arm-none-eabi/13.3.1/thumb/v7e-m+fp/hard\libg.a(libc_a-fwalk.o)
                              C:/CLionToolchains/gcc-arm-none-eabi-10.3-2021.10/bin/../lib/gcc/arm-none-eabi/13.3.1/thumb/v7e-m+fp/hard\libg.a(libc_a-findfp.o) (_fwalk_sglue)
C:/CLionToolchains/gcc-arm-none-eabi-10.3-2021.10/bin/../lib/gcc/arm-none-eabi/13.3.1/thumb/v7e-m+fp/hard\libg.a(libc_a-stdio.o)
                              C:/CLionToolchains/gcc-arm-none-eabi-10.3-2021.10/bin/../lib/gcc/arm-none-eabi/13.3.1/thumb/v7e-m+fp/hard\libg.a(libc_a-findfp.o) (__sread)
C:/CLionToolchains/gcc-arm-none-eabi-10.3-2021.10/bin/../lib/gcc/arm-none-eabi/13.3.1/thumb/v7e-m+fp/hard\libg.a(libc_a-vsprintf.o)
                              CMakeFiles/bubing_RM2025.elf.dir/code_mf/Src/uart_printf.c.obj (vsprintf)
C:/CLionToolchains/gcc-arm-none-eabi-10.3-2021.10/bin/../lib/gcc/arm-none-eabi/13.3.1/thumb/v7e-m+fp/hard\libg.a(libc_a-memset.o)
                              C:/CLionToolchains/gcc-arm-none-eabi-10.3-2021.10/bin/../lib/gcc/arm-none-eabi/13.3.1/thumb/v7e-m+fp/hard/crt0.o (memset)
C:/CLionToolchains/gcc-arm-none-eabi-10.3-2021.10/bin/../lib/gcc/arm-none-eabi/13.3.1/thumb/v7e-m+fp/hard\libg.a(libc_a-closer.o)
                              C:/CLionToolchains/gcc-arm-none-eabi-10.3-2021.10/bin/../lib/gcc/arm-none-eabi/13.3.1/thumb/v7e-m+fp/hard\libg.a(libc_a-stdio.o) (_close_r)
C:/CLionToolchains/gcc-arm-none-eabi-10.3-2021.10/bin/../lib/gcc/arm-none-eabi/13.3.1/thumb/v7e-m+fp/hard\libg.a(libc_a-reent.o)
                              CMakeFiles/bubing_RM2025.elf.dir/Middlewares/Third_Party/FreeRTOS/Source/tasks.c.obj (_reclaim_reent)
C:/CLionToolchains/gcc-arm-none-eabi-10.3-2021.10/bin/../lib/gcc/arm-none-eabi/13.3.1/thumb/v7e-m+fp/hard\libg.a(libc_a-impure.o)
                              CMakeFiles/bubing_RM2025.elf.dir/Middlewares/Third_Party/FreeRTOS/Source/tasks.c.obj (_impure_ptr)
C:/CLionToolchains/gcc-arm-none-eabi-10.3-2021.10/bin/../lib/gcc/arm-none-eabi/13.3.1/thumb/v7e-m+fp/hard\libg.a(libc_a-lseekr.o)
                              C:/CLionToolchains/gcc-arm-none-eabi-10.3-2021.10/bin/../lib/gcc/arm-none-eabi/13.3.1/thumb/v7e-m+fp/hard\libg.a(libc_a-stdio.o) (_lseek_r)
C:/CLionToolchains/gcc-arm-none-eabi-10.3-2021.10/bin/../lib/gcc/arm-none-eabi/13.3.1/thumb/v7e-m+fp/hard\libg.a(libc_a-readr.o)
                              C:/CLionToolchains/gcc-arm-none-eabi-10.3-2021.10/bin/../lib/gcc/arm-none-eabi/13.3.1/thumb/v7e-m+fp/hard\libg.a(libc_a-stdio.o) (_read_r)
C:/CLionToolchains/gcc-arm-none-eabi-10.3-2021.10/bin/../lib/gcc/arm-none-eabi/13.3.1/thumb/v7e-m+fp/hard\libg.a(libc_a-writer.o)
[...]
Memory Configuration

Name             Origin             Length             Attributes
CCMRAM           0x10000000         0x00010000         xrw
RAM              0x20000000         0x00020000         xrw
FLASH            0x08000000         0x00100000         xr
*default*        0x00000000         0xffffffff

Linker script and memory map

LOAD C:/CLionToolchains/gcc-arm-none-eabi-10.3-2021.10/bin/../lib/gcc/arm-none-eabi/13.3.1/thumb/v7e-m+fp/hard/crti.o
LOAD C:/CLionToolchains/gcc-arm-none-eabi-10.3-2021.10/bin/../lib/gcc/arm-none-eabi/13.3.1/thumb/v7e-m+fp/hard/crtbegin.o
LOAD C:/CLionToolchains/gcc-arm-none-eabi-10.3-2021.10/bin/../lib/gcc/arm-none-eabi/13.3.1/thumb/v7e-m+fp/hard/crt0.o
LOAD CMakeFiles/bubing_RM2025.elf.dir/Core/Src/can.c.obj
LOAD CMakeFiles/bubing_RM2025.elf.dir/Core/Src/dma.c.obj
LOAD CMakeFiles/bubing_RM2025.elf.dir/Core/Src/freertos.c.obj
LOAD CMakeFiles/bubing_RM2025.elf.dir/Core/Src/gpio.c.obj
LOAD CMakeFiles/bubing_RM2025.elf.dir/Core/Src/main.c.obj
LOAD CMakeFiles/bubing_RM2025.elf.dir/Core/Src/stm32f4xx_hal_msp.c.obj
LOAD CMakeFiles/bubing_RM2025.elf.dir/Core/Src/stm32f4xx_hal_timebase_tim.c.obj
LOAD CMakeFiles/bubing_RM2025.elf.dir/Core/Src/stm32f4xx_it.c.obj
LOAD CMakeFiles/bubing_RM2025.elf.dir/Core/Src/syscalls.c.obj
LOAD CMakeFiles/bubing_RM2025.elf.dir/Core/Src/sysmem.c.obj
LOAD CMakeFiles/bubing_RM2025.elf.dir/Core/Src/system_stm32f4xx.c.obj
LOAD CMakeFiles/bubing_RM2025.elf.dir/Core/Src/tim.c.obj
LOAD CMakeFiles/bubing_RM2025.elf.dir/Core/Src/usart.c.obj
LOAD CMakeFiles/bubing_RM2025.elf.dir/Core/Startup/startup_stm32f407ighx.s.obj
LOAD CMakeFiles/bubing_RM2025.elf.dir/Drivers/STM32F4xx_HAL_Driver/Src/stm32f4xx_hal.c.obj
LOAD CMakeFiles/bubing_RM2025.elf.dir/Drivers/STM32F4xx_HAL_Driver/Src/stm32f4xx_hal_can.c.obj
LOAD CMakeFiles/bubing_RM2025.elf.dir/Drivers/STM32F4xx_HAL_Driver/Src/stm32f4xx_hal_cortex.c.obj
LOAD CMakeFiles/bubing_RM2025.elf.dir/Drivers/STM32F4xx_HAL_Driver/Src/stm32f4xx_hal_dma.c.obj
LOAD CMakeFiles/bubing_RM2025.elf.dir/Drivers/STM32F4xx_HAL_Driver/Src/stm32f4xx_hal_dma_ex.c.obj
LOAD CMakeFiles/bubing_RM2025.elf.dir/Drivers/STM32F4xx_HAL_Driver/Src/stm32f4xx_hal_exti.c.obj
LOAD CMakeFiles/bubing_RM2025.elf.dir/Drivers/STM32F4xx_HAL_Driver/Src/stm32f4xx_hal_flash.c.obj
LOAD CMakeFiles/bubing_RM2025.elf.dir/Drivers/STM32F4xx_HAL_Driver/Src/stm32f4xx_hal_flash_ex.c.obj
LOAD CMakeFiles/bubing_RM2025.elf.dir/Drivers/STM32F4xx_HAL_Driver/Src/stm32f4xx_hal_flash_ramfunc.c.obj
LOAD CMakeFiles/bubing_RM2025.elf.dir/Drivers/STM32F4xx_HAL_Driver/Src/stm32f4xx_hal_gpio.c.obj
LOAD CMakeFiles/bubing_RM2025.elf.dir/Drivers/STM32F4xx_HAL_Driver/Src/stm32f4xx_hal_pwr.c.obj
LOAD CMakeFiles/bubing_RM2025.elf.dir/Drivers/STM32F4xx_HAL_Driver/Src/stm32f4xx_hal_pwr_ex.c.obj
LOAD CMakeFiles/bubing_RM2025.elf.dir/Drivers/STM32F4xx_HAL_Driver/Src/stm32f4xx_hal_rcc.c.obj
LOAD CMakeFiles/bubing_RM2025.elf.dir/Drivers/STM32F4xx_HAL_Driver/Src/stm32f4xx_hal_rcc_ex.c.obj
LOAD CMakeFiles/bubing_RM2025.elf.dir/Drivers/STM32F4xx_HAL_Driver/Src/stm32f4xx_hal_tim.c.obj
LOAD CMakeFiles/bubing_RM2025.elf.dir/Drivers/STM32F4xx_HAL_Driver/Src/stm32f4xx_hal_tim_ex.c.obj
LOAD CMakeFiles/bubing_RM2025.elf.dir/Drivers/STM32F4xx_HAL_Driver/Src/stm32f4xx_hal_uart.c.obj
LOAD CMakeFiles/bubing_RM2025.elf.dir/Middlewares/Third_Party/FreeRTOS/Source/CMSIS_RTOS/cmsis_os.c.obj
LOAD CMakeFiles/bubing_RM2025.elf.dir/Middlewares/Third_Party/FreeRTOS/Source/croutine.c.obj
LOAD CMakeFiles/bubing_RM2025.elf.dir/Middlewares/Third_Party/FreeRTOS/Source/event_groups.c.obj
LOAD CMakeFiles/bubing_RM2025.elf.dir/Middlewares/Third_Party/FreeRTOS/Source/list.c.obj
LOAD CMakeFiles/bubing_RM2025.elf.dir/Middlewares/Third_Party/FreeRTOS/Source/portable/GCC/ARM_CM4F/port.c.obj
LOAD CMakeFiles/bubing_RM2025.elf.dir/Middlewares/Third_Party/FreeRTOS/Source/portable/MemMang/heap_4.c.obj
LOAD CMakeFiles/bubing_RM2025.elf.dir/Middlewares/Third_Party/FreeRTOS/Source/queue.c.obj
LOAD CMakeFiles/bubing_RM2025.elf.dir/Middlewares/Third_Party/FreeRTOS/Source/stream_buffer.c.obj
LOAD CMakeFiles/bubing_RM2025.elf.dir/Middlewares/Third_Party/FreeRTOS/Source/tasks.c.obj
LOAD CMakeFiles/bubing_RM2025.elf.dir/Middlewares/Third_Party/FreeRTOS/Source/timers.c.obj
LOAD CMakeFiles/bubing_RM2025.elf.dir/code_mf/Src/DEBUG_UART.c.obj
LOAD CMakeFiles/bubing_RM2025.elf.dir/code_mf/Src/Robstride01.c.obj
LOAD CMakeFiles/bubing_RM2025.elf.dir/code_mf/Src/board_LED.c.obj
LOAD CMakeFiles/bubing_RM2025.elf.dir/code_mf/Src/get_data.c.obj
LOAD CMakeFiles/bubing_RM2025.elf.dir/code_mf/Src/uart_printf.c.obj
START GROUP
LOAD C:/CLionToolchains/gcc-arm-none-eabi-10.3-2021.10/bin/../lib/gcc/arm-none-eabi/13.3.1/thumb/v7e-m+fp/hard\libgcc.a
LOAD C:/CLionToolchains/gcc-arm-none-eabi-10.3-2021.10/bin/../lib/gcc/arm-none-eabi/13.3.1/thumb/v7e-m+fp/hard\libg.a
LOAD C:/CLionToolchains/gcc-arm-none-eabi-10.3-2021.10/bin/../lib/gcc/arm-none-eabi/13.3.1/thumb/v7e-m+fp/hard\libc.a
END GROUP
LOAD C:/CLionToolchains/gcc-arm-none-eabi-10.3-2021.10/bin/../lib/gcc/arm-none-eabi/13.3.1/thumb/v7e-m+fp/hard/crtend.o
LOAD C:/CLionToolchains/gcc-arm-none-eabi-10.3-2021.10/bin/../lib/gcc/arm-none-eabi/13.3.1/thumb/v7e-m+fp/hard/crtn.o
                0x20020000                        _estack = (ORIGIN (RAM) + LENGTH (RAM))
                0x00000200                        _Min_Heap_Size = 0x200
                0x00000400                        _Min_Stack_Size = 0x400

.isr_vector     0x08000000      0x188
                0x08000000                        . = ALIGN (0x4)
 *(.isr_vector)
 .isr_vector    0x08000000      0x188 CMakeFiles/bubing_RM2025.elf.dir/Core/Startup/startup_stm32f407ighx.s.obj
                0x08000000                g_pfnVectors
                0x08000188                        . = ALIGN (0x4)

.text           0x080001c0     0xb790
                0x080001c0                        . = ALIGN (0x4)
 *(.text)
 .text          0x080001c0      0x378 C:/CLionToolchains/gcc-arm-none-eabi-10.3-2021.10/bin/../lib/gcc/arm-none-eabi/13.3.1/thumb/v7e-m+fp/hard\libgcc.a(_arm_addsubdf3.o)
                0x080001c0                __aeabi_drsub
                0x080001c8                __aeabi_dsub
                0x080001c8                __subdf3
                0x080001cc                __aeabi_dadd
                0x080001cc                __adddf3
                0x08000444                __floatunsidf
                0x08000444                __aeabi_ui2d
                0x08000464                __floatsidf
                0x08000464                __aeabi_i2d
                0x08000488                __aeabi_f2d
                0x08000488                __extendsfdf2
                0x080004cc                __floatundidf
                0x080004cc                __aeabi_ul2d
                0x080004dc                __floatdidf
                0x080004dc                __aeabi_l2d
 .text          0x08000538       0xa0 C:/CLionToolchains/gcc-arm-none-eabi-10.3-2021.10/bin/../lib/gcc/arm-none-eabi/13.3.1/thumb/v7e-m+fp/hard\libgcc.a(_arm_truncdfsf2.o)
                0x08000538                __truncdfsf2
                0x08000538                __aeabi_d2f
 .text          0x080005d8       0x30 C:/CLionToolchains/gcc-arm-none-eabi-10.3-2021.10/bin/../lib/gcc/arm-none-eabi/13.3.1/thumb/v7e-m+fp/hard\libgcc.a(_aeabi_uldivmod.o)
                0x080005d8                __aeabi_uldivmod
 .text          0x08000608        0x4 C:/CLionToolchains/gcc-arm-none-eabi-10.3-2021.10/bin/../lib/gcc/arm-none-eabi/13.3.1/thumb/v7e-m+fp/hard\libgcc.a(_dvmd_tls.o)
                0x08000608                __aeabi_idiv0
                0x08000608                __aeabi_ldiv0
 .text          0x0800060c      0x134 C:/CLionToolchains/gcc-arm-none-eabi-10.3-2021.10/bin/../lib/gcc/arm-none-eabi/13.3.1/thumb/v7e-m+fp/hard\libg.a(libc_a-memcpy.o)
                0x0800060c                memcpy
 .text          0x08000740       0xa0 C:/CLionToolchains/gcc-arm-none-eabi-10.3-2021.10/bin/../lib/gcc/arm-none-eabi/13.3.1/thumb/v7e-m+fp/hard\libg.a(libc_a-memchr.o)
                0x08000740                memchr
 *fill*         0x080007e0       0x20 
 .text          0x08000800       0xd8 C:/CLionToolchains/gcc-arm-none-eabi-10.3-2021.10/bin/../lib/gcc/arm-none-eabi/13.3.1/thumb/v7e-m+fp/hard\libg.a(libc_a-strlen.o)
                0x08000800                strlen
 .text          0x080008d8      0x424 C:/CLionToolchains/gcc-arm-none-eabi-10.3-2021.10/bin/../lib/gcc/arm-none-eabi/13.3.1/thumb/v7e-m+fp/hard\libgcc.a(_arm_muldivdf3.o)
                0x080008d8                __aeabi_dmul
                0x080008d8                __muldf3
                0x08000b2c                __divdf3
                0x08000b2c                __aeabi_ddiv
 .text          0x08000cfc      0x110 C:/CLionToolchains/gcc-arm-none-eabi-10.3-2021.10/bin/../lib/gcc/arm-none-eabi/13.3.1/thumb/v7e-m+fp/hard\libgcc.a(_arm_cmpdf2.o)
                0x08000cfc                __gtdf2
                0x08000cfc                __gedf2
                0x08000d04                __ltdf2
                0x08000d04                __ledf2
                0x08000d0c                __nedf2
                0x08000d0c                __eqdf2
                0x08000d0c                __cmpdf2
                0x08000d88                __aeabi_cdrcmple
                0x08000d98                __aeabi_cdcmpeq
                0x08000d98                __aeabi_cdcmple
                0x08000da8                __aeabi_dcmpeq
                0x08000dbc                __aeabi_dcmplt
                0x08000dd0                __aeabi_dcmple
                0x08000de4                __aeabi_dcmpge
                0x08000df8                __aeabi_dcmpgt
 .text          0x08000e0c       0x2c C:/CLionToolchains/gcc-arm-none-eabi-10.3-2021.10/bin/../lib/gcc/arm-none-eabi/13.3.1/thumb/v7e-m+fp/hard\libgcc.a(_arm_unorddf2.o)
                0x08000e0c                __unorddf2
                0x08000e0c                __aeabi_dcmpun
 .text          0x08000e38       0x50 C:/CLionToolchains/gcc-arm-none-eabi-10.3-2021.10/bin/../lib/gcc/arm-none-eabi/13.3.1/thumb/v7e-m+fp/hard\libgcc.a(_arm_fixdfsi.o)
                0x08000e38                __aeabi_d2iz
                0x08000e38                __fixdfsi
 *(.text*)
 .text.deregister_tm_clones
                0x08000e88       0x1c C:/CLionToolchains/gcc-arm-none-eabi-10.3-2021.10/bin/../lib/gcc/arm-none-eabi/13.3.1/thumb/v7e-m+fp/hard/crtbegin.o
 .text.register_tm_clones
                0x08000ea4       0x24 C:/CLionToolchains/gcc-arm-none-eabi-10.3-2021.10/bin/../lib/gcc/arm-none-eabi/13.3.1/thumb/v7e-m+fp/hard/crtbegin.o
 .text.__do_global_dtors_aux
                0x08000ec8       0x28 C:/CLionToolchains/gcc-arm-none-eabi-10.3-2021.10/bin/../lib/gcc/arm-none-eabi/13.3.1/thumb/v7e-m+fp/hard/crtbegin.o
 .text.frame_dummy
                0x08000ef0       0x24 C:/CLionToolchains/gcc-arm-none-eabi-10.3-2021.10/bin/../lib/gcc/arm-none-eabi/13.3.1/thumb/v7e-m+fp/hard/crtbegin.o
 .text.MX_CAN1_Init
                0x08000f14       0x40 CMakeFiles/bubing_RM2025.elf.dir/Core/Src/can.c.obj
                0x08000f14                MX_CAN1_Init
 .text.HAL_CAN_MspInit
                0x08000f54       0x7c CMakeFiles/bubing_RM2025.elf.dir/Core/Src/can.c.obj
                0x08000f54                HAL_CAN_MspInit
 .text.MX_DMA_Init
                0x08000fd0       0x54 CMakeFiles/bubing_RM2025.elf.dir/Core/Src/dma.c.obj
                0x08000fd0                MX_DMA_Init
 .text.StartDefaultTask
                0x08001024        0xa CMakeFiles/bubing_RM2025.elf.dir/Core/Src/freertos.c.obj
                0x08001024                StartDefaultTask
 .text.can_sent
                0x0800102e        0xa CMakeFiles/bubing_RM2025.elf.dir/Core/Src/freertos.c.obj
                0x0800102e                can_sent
 .text.error_detection
                0x08001038        0xa CMakeFiles/bubing_RM2025.elf.dir/Core/Src/freertos.c.obj
                0x08001038                error_detection
 .text.chassis_motor_control
                0x08001042        0xa CMakeFiles/bubing_RM2025.elf.dir/Core/Src/freertos.c.obj
                0x08001042                chassis_motor_control
 .text.gimbal_motor_control
                0x0800104c        0xa CMakeFiles/bubing_RM2025.elf.dir/Core/Src/freertos.c.obj
                0x0800104c                gimbal_motor_control
 .text.shoot_control
                0x08001056        0xa CMakeFiles/bubing_RM2025.elf.dir/Core/Src/freertos.c.obj
                0x08001056                shoot_control
 .text.refree_task
                0x08001060        0xa CMakeFiles/bubing_RM2025.elf.dir/Core/Src/freertos.c.obj
                0x08001060                refree_task
 .text.servo_task
                0x0800106a        0xa CMakeFiles/bubing_RM2025.elf.dir/Core/Src/freertos.c.obj
                0x0800106a                servo_task
 .text.IMU_DATA_GET
                0x08001074        0xa CMakeFiles/bubing_RM2025.elf.dir/Core/Src/freertos.c.obj
                0x08001074                IMU_DATA_GET
 *fill*         0x0800107e        0x2 
 .text.vApplicationGetIdleTaskMemory
                0x08001080       0x18 CMakeFiles/bubing_RM2025.elf.dir/Core/Src/freertos.c.obj
                0x08001080                vApplicationGetIdleTaskMemory
 .text.MX_FREERTOS_Init
                0x08001098      0x1e8 CMakeFiles/bubing_RM2025.elf.dir/Core/Src/freertos.c.obj
                0x08001098                MX_FREERTOS_Init
 .text.MX_GPIO_Init
                0x08001280      0x144 CMakeFiles/bubing_RM2025.elf.dir/Core/Src/gpio.c.obj
                0x08001280                MX_GPIO_Init
 .text.HAL_CAN_RxFifo0MsgPendingCallback
                0x080013c4       0x40 CMakeFiles/bubing_RM2025.elf.dir/Core/Src/main.c.obj
                0x080013c4                HAL_CAN_RxFifo0MsgPendingCallback
 .text.HAL_TIM_PeriodElapsedCallback
                0x08001404       0x18 CMakeFiles/bubing_RM2025.elf.dir/Core/Src/main.c.obj
                0x08001404                HAL_TIM_PeriodElapsedCallback
 .text.Error_Handler
                0x0800141c        0x4 CMakeFiles/bubing_RM2025.elf.dir/Core/Src/main.c.obj
                0x0800141c                Error_Handler
 .text.SystemClock_Config
                0x08001420       0xa4 CMakeFiles/bubing_RM2025.elf.dir/Core/Src/main.c.obj
                0x08001420                SystemClock_Config
 .text.main     0x080014c4       0x64 CMakeFiles/bubing_RM2025.elf.dir/Core/Src/main.c.obj
                0x080014c4                main
 .text.HAL_MspInit
                0x08001528       0x44 CMakeFiles/bubing_RM2025.elf.dir/Core/Src/stm32f4xx_hal_msp.c.obj
                0x08001528                HAL_MspInit
 .text.HAL_InitTick
                0x0800156c       0xa4 CMakeFiles/bubing_RM2025.elf.dir/Core/Src/stm32f4xx_hal_timebase_tim.c.obj
                0x0800156c                HAL_InitTick
 .text.NMI_Handler
                0x08001610        0x2 CMakeFiles/bubing_RM2025.elf.dir/Core/Src/stm32f4xx_it.c.obj
                0x08001610                NMI_Handler
 .text.HardFault_Handler
                0x08001612        0x2 CMakeFiles/bubing_RM2025.elf.dir/Core/Src/stm32f4xx_it.c.obj
                0x08001612                HardFault_Handler
 .text.MemManage_Handler
                0x08001614        0x2 CMakeFiles/bubing_RM2025.elf.dir/Core/Src/stm32f4xx_it.c.obj
                0x08001614                MemManage_Handler
 .text.BusFault_Handler
                0x08001616        0x2 CMakeFiles/bubing_RM2025.elf.dir/Core/Src/stm32f4xx_it.c.obj
                0x08001616                BusFault_Handler
 .text.UsageFault_Handler
                0x08001618        0x2 CMakeFiles/bubing_RM2025.elf.dir/Core/Src/stm32f4xx_it.c.obj
                0x08001618                UsageFault_Handler
 .text.DebugMon_Handler
                0x0800161a        0x2 CMakeFiles/bubing_RM2025.elf.dir/Core/Src/stm32f4xx_it.c.obj
                0x0800161a                DebugMon_Handler
 .text.CAN1_RX0_IRQHandler
                0x0800161c       0x10 CMakeFiles/bubing_RM2025.elf.dir/Core/Src/stm32f4xx_it.c.obj
                0x0800161c                CAN1_RX0_IRQHandler
 .text.USART1_IRQHandler
                0x0800162c       0x10 CMakeFiles/bubing_RM2025.elf.dir/Core/Src/stm32f4xx_it.c.obj
                0x0800162c                USART1_IRQHandler
 .text.TIM7_IRQHandler
                0x0800163c       0x10 CMakeFiles/bubing_RM2025.elf.dir/Core/Src/stm32f4xx_it.c.obj
                0x0800163c                TIM7_IRQHandler
 .text.DMA2_Stream1_IRQHandler
                0x0800164c       0x10 CMakeFiles/bubing_RM2025.elf.dir/Core/Src/stm32f4xx_it.c.obj
                0x0800164c                DMA2_Stream1_IRQHandler
 .text.DMA2_Stream2_IRQHandler
                0x0800165c       0x10 CMakeFiles/bubing_RM2025.elf.dir/Core/Src/stm32f4xx_it.c.obj
                0x0800165c                DMA2_Stream2_IRQHandler
 .text.DMA2_Stream6_IRQHandler
                0x0800166c       0x10 CMakeFiles/bubing_RM2025.elf.dir/Core/Src/stm32f4xx_it.c.obj
                0x0800166c                DMA2_Stream6_IRQHandler
 .text.USART6_IRQHandler
                0x0800167c       0x10 CMakeFiles/bubing_RM2025.elf.dir/Core/Src/stm32f4xx_it.c.obj
                0x0800167c                USART6_IRQHandler
 .text._getpid  0x0800168c        0x4 CMakeFiles/bubing_RM2025.elf.dir/Core/Src/syscalls.c.obj
                0x0800168c                _getpid
 .text._kill    0x08001690       0x10 CMakeFiles/bubing_RM2025.elf.dir/Core/Src/syscalls.c.obj
                0x08001690                _kill
 .text._exit    0x080016a0        0xc CMakeFiles/bubing_RM2025.elf.dir/Core/Src/syscalls.c.obj
                0x080016a0                _exit
 .text._read    0x080016ac       0x20 CMakeFiles/bubing_RM2025.elf.dir/Core/Src/syscalls.c.obj
                0x080016ac                _read
 .text._write   0x080016cc       0x1c CMakeFiles/bubing_RM2025.elf.dir/Core/Src/syscalls.c.obj
                0x080016cc                _write
 .text._close   0x080016e8        0x6 CMakeFiles/bubing_RM2025.elf.dir/Core/Src/syscalls.c.obj
                0x080016e8                _close
 .text._fstat   0x080016ee        0xa CMakeFiles/bubing_RM2025.elf.dir/Core/Src/syscalls.c.obj
                0x080016ee                _fstat
 .text._isatty  0x080016f8        0x4 CMakeFiles/bubing_RM2025.elf.dir/Core/Src/syscalls.c.obj
                0x080016f8                _isatty
 .text._lseek   0x080016fc        0x4 CMakeFiles/bubing_RM2025.elf.dir/Core/Src/syscalls.c.obj
                0x080016fc                _lseek
 .text._sbrk    0x08001700       0x48 CMakeFiles/bubing_RM2025.elf.dir/Core/Src/sysmem.c.obj
                0x08001700                _sbrk
 .text.SystemInit
                0x08001748       0x14 CMakeFiles/bubing_RM2025.elf.dir/Core/Src/system_stm32f4xx.c.obj
                0x08001748                SystemInit
 .text.HAL_TIM_Base_MspInit
                0x0800175c       0x54 CMakeFiles/bubing_RM2025.elf.dir/Core/Src/tim.c.obj
                0x0800175c                HAL_TIM_Base_MspInit
 .text.HAL_TIM_MspPostInit
                0x080017b0       0xc0 CMakeFiles/bubing_RM2025.elf.dir/Core/Src/tim.c.obj
                0x080017b0                HAL_TIM_MspPostInit
 .text.MX_TIM1_Init
                0x08001870      0x124 CMakeFiles/bubing_RM2025.elf.dir/Core/Src/tim.c.obj
                0x08001870                MX_TIM1_Init
 .text.MX_TIM8_Init
                0x08001994      0x110 CMakeFiles/bubing_RM2025.elf.dir/Core/Src/tim.c.obj
                0x08001994                MX_TIM8_Init
 .text.MX_USART1_UART_Init
                0x08001aa4       0x34 CMakeFiles/bubing_RM2025.elf.dir/Core/Src/usart.c.obj
                0x08001aa4                MX_USART1_UART_Init
 .text.MX_USART6_UART_Init
                0x08001ad8       0x34 CMakeFiles/bubing_RM2025.elf.dir/Core/Src/usart.c.obj
                0x08001ad8                MX_USART6_UART_Init
 .text.HAL_UART_MspInit
                0x08001b0c      0x1e4 CMakeFiles/bubing_RM2025.elf.dir/Core/Src/usart.c.obj
                0x08001b0c                HAL_UART_MspInit
 .text.Reset_Handler
                0x08001cf0       0x50 CMakeFiles/bubing_RM2025.elf.dir/Core/Startup/startup_stm32f407ighx.s.obj
                0x08001cf0                Reset_Handler
 .text.Default_Handler
                0x08001d40        0x2 CMakeFiles/bubing_RM2025.elf.dir/Core/Startup/startup_stm32f407ighx.s.obj
                0x08001d40                RTC_Alarm_IRQHandler
                0x08001d40                HASH_RNG_IRQHandler
                0x08001d40                EXTI2_IRQHandler
                0x08001d40                TIM8_CC_IRQHandler
                0x08001d40                TIM1_CC_IRQHandler
                0x08001d40                DMA2_Stream5_IRQHandler
                0x08001d40                DMA1_Stream5_IRQHandler
                0x08001d40                PVD_IRQHandler
                0x08001d40                SDIO_IRQHandler
                0x08001d40                TAMP_STAMP_IRQHandler
                0x08001d40                CAN2_RX1_IRQHandler
                0x08001d40                EXTI3_IRQHandler
                0x08001d40                TIM8_TRG_COM_TIM14_IRQHandler
                0x08001d40                TIM1_UP_TIM10_IRQHandler
                0x08001d40                TIM8_UP_TIM13_IRQHandler
                0x08001d40                I2C3_ER_IRQHandler
                0x08001d40                EXTI0_IRQHandler
                0x08001d40                I2C2_EV_IRQHandler
                0x08001d40                DMA1_Stream2_IRQHandler
                0x08001d40                FPU_IRQHandler
                0x08001d40                OTG_HS_WKUP_IRQHandler
                0x08001d40                CAN2_SCE_IRQHandler
                0x08001d40                SPI1_IRQHandler
                0x08001d40                TIM6_DAC_IRQHandler
                0x08001d40                TIM1_BRK_TIM9_IRQHandler
                0x08001d40                DCMI_IRQHandler
                0x08001d40                CAN2_RX0_IRQHandler
                0x08001d40                DMA2_Stream3_IRQHandler
                0x08001d40                USART3_IRQHandler
                0x08001d40                CAN1_RX1_IRQHandler
                0x08001d40                UART5_IRQHandler
                0x08001d40                DMA2_Stream0_IRQHandler
                0x08001d40                TIM4_IRQHandler
                0x08001d40                I2C1_EV_IRQHandler
                0x08001d40                DMA1_Stream6_IRQHandler
                0x08001d40                DMA1_Stream1_IRQHandler
                0x08001d40                UART4_IRQHandler
                0x08001d40                TIM3_IRQHandler
                0x08001d40                RCC_IRQHandler
                0x08001d40                TIM8_BRK_TIM12_IRQHandler
                0x08001d40                Default_Handler
                0x08001d40                EXTI15_10_IRQHandler
                0x08001d40                ADC_IRQHandler
                0x08001d40                DMA1_Stream7_IRQHandler
                0x08001d40                CAN2_TX_IRQHandler
                0x08001d40                TIM5_IRQHandler
                0x08001d40                DMA2_Stream7_IRQHandler
                0x08001d40                I2C3_EV_IRQHandler
                0x08001d40                EXTI9_5_IRQHandler
                0x08001d40                RTC_WKUP_IRQHandler
                0x08001d40                ETH_WKUP_IRQHandler
                0x08001d40                SPI2_IRQHandler
                0x08001d40                OTG_HS_EP1_IN_IRQHandler
                0x08001d40                DMA1_Stream0_IRQHandler
                0x08001d40                CAN1_TX_IRQHandler
                0x08001d40                EXTI4_IRQHandler
                0x08001d40                FSMC_IRQHandler
                0x08001d40                ETH_IRQHandler
                0x08001d40                OTG_HS_EP1_OUT_IRQHandler
                0x08001d40                WWDG_IRQHandler
                0x08001d40                TIM2_IRQHandler
                0x08001d40                OTG_FS_WKUP_IRQHandler
                0x08001d40                TIM1_TRG_COM_TIM11_IRQHandler
                0x08001d40                OTG_HS_IRQHandler
                0x08001d40                EXTI1_IRQHandler
                0x08001d40                USART2_IRQHandler
                0x08001d40                I2C2_ER_IRQHandler
                0x08001d40                CAN1_SCE_IRQHandler
                0x08001d40                FLASH_IRQHandler
                0x08001d40                DMA2_Stream4_IRQHandler
                0x08001d40                OTG_FS_IRQHandler
                0x08001d40                SPI3_IRQHandler
                0x08001d40                DMA1_Stream4_IRQHandler
                0x08001d40                I2C1_ER_IRQHandler
                0x08001d40                DMA1_Stream3_IRQHandler
 *fill*         0x08001d42        0x2 
 .text.HAL_Init
                0x08001d44       0x34 CMakeFiles/bubing_RM2025.elf.dir/Drivers/STM32F4xx_HAL_Driver/Src/stm32f4xx_hal.c.obj
                0x08001d44                HAL_Init
 .text.HAL_IncTick
                0x08001d78       0x18 CMakeFiles/bubing_RM2025.elf.dir/Drivers/STM32F4xx_HAL_Driver/Src/stm32f4xx_hal.c.obj
                0x08001d78                HAL_IncTick
 .text.HAL_GetTick
                0x08001d90        0xc CMakeFiles/bubing_RM2025.elf.dir/Drivers/STM32F4xx_HAL_Driver/Src/stm32f4xx_hal.c.obj
                0x08001d90                HAL_GetTick
 .text.HAL_CAN_Init
                0x08001d9c      0x14c CMakeFiles/bubing_RM2025.elf.dir/Drivers/STM32F4xx_HAL_Driver/Src/stm32f4xx_hal_can.c.obj
                0x08001d9c                HAL_CAN_Init
 .text.HAL_CAN_ConfigFilter
                0x08001ee8      0x138 CMakeFiles/bubing_RM2025.elf.dir/Drivers/STM32F4xx_HAL_Driver/Src/stm32f4xx_hal_can.c.obj
                0x08001ee8                HAL_CAN_ConfigFilter
 .text.HAL_CAN_Start
                0x08002020       0x5c CMakeFiles/bubing_RM2025.elf.dir/Drivers/STM32F4xx_HAL_Driver/Src/stm32f4xx_hal_can.c.obj
                0x08002020                HAL_CAN_Start
 .text.HAL_CAN_AddTxMessage
                0x0800207c       0xea CMakeFiles/bubing_RM2025.elf.dir/Drivers/STM32F4xx_HAL_Driver/Src/stm32f4xx_hal_can.c.obj
                0x0800207c                HAL_CAN_AddTxMessage
 .text.HAL_CAN_GetRxMessage
                0x08002166      0x16a CMakeFiles/bubing_RM2025.elf.dir/Drivers/STM32F4xx_HAL_Driver/Src/stm32f4xx_hal_can.c.obj
                0x08002166                HAL_CAN_GetRxMessage
 .text.HAL_CAN_ActivateNotification
                0x080022d0       0x24 CMakeFiles/bubing_RM2025.elf.dir/Drivers/STM32F4xx_HAL_Driver/Src/stm32f4xx_hal_can.c.obj
                0x080022d0                HAL_CAN_ActivateNotification
 .text.HAL_CAN_TxMailbox0CompleteCallback
                0x080022f4        0x2 CMakeFiles/bubing_RM2025.elf.dir/Drivers/STM32F4xx_HAL_Driver/Src/stm32f4xx_hal_can.c.obj
                0x080022f4                HAL_CAN_TxMailbox0CompleteCallback
 .text.HAL_CAN_TxMailbox1CompleteCallback
                0x080022f6        0x2 CMakeFiles/bubing_RM2025.elf.dir/Drivers/STM32F4xx_HAL_Driver/Src/stm32f4xx_hal_can.c.obj
                0x080022f6                HAL_CAN_TxMailbox1CompleteCallback
 .text.HAL_CAN_TxMailbox2CompleteCallback
                0x080022f8        0x2 CMakeFiles/bubing_RM2025.elf.dir/Drivers/STM32F4xx_HAL_Driver/Src/stm32f4xx_hal_can.c.obj
                0x080022f8                HAL_CAN_TxMailbox2CompleteCallback
 .text.HAL_CAN_TxMailbox0AbortCallback
                0x080022fa        0x2 CMakeFiles/bubing_RM2025.elf.dir/Drivers/STM32F4xx_HAL_Driver/Src/stm32f4xx_hal_can.c.obj
                0x080022fa                HAL_CAN_TxMailbox0AbortCallback
 .text.HAL_CAN_TxMailbox1AbortCallback
                0x080022fc        0x2 CMakeFiles/bubing_RM2025.elf.dir/Drivers/STM32F4xx_HAL_Driver/Src/stm32f4xx_hal_can.c.obj
                0x080022fc                HAL_CAN_TxMailbox1AbortCallback
 .text.HAL_CAN_TxMailbox2AbortCallback
                0x080022fe        0x2 CMakeFiles/bubing_RM2025.elf.dir/Drivers/STM32F4xx_HAL_Driver/Src/stm32f4xx_hal_can.c.obj
                0x080022fe                HAL_CAN_TxMailbox2AbortCallback
 .text.HAL_CAN_RxFifo0FullCallback
                0x08002300        0x2 CMakeFiles/bubing_RM2025.elf.dir/Drivers/STM32F4xx_HAL_Driver/Src/stm32f4xx_hal_can.c.obj
                0x08002300                HAL_CAN_RxFifo0FullCallback
 .text.HAL_CAN_RxFifo1MsgPendingCallback
                0x08002302        0x2 CMakeFiles/bubing_RM2025.elf.dir/Drivers/STM32F4xx_HAL_Driver/Src/stm32f4xx_hal_can.c.obj
                0x08002302                HAL_CAN_RxFifo1MsgPendingCallback
 .text.HAL_CAN_RxFifo1FullCallback
                0x08002304        0x2 CMakeFiles/bubing_RM2025.elf.dir/Drivers/STM32F4xx_HAL_Driver/Src/stm32f4xx_hal_can.c.obj
                0x08002304                HAL_CAN_RxFifo1FullCallback
 .text.HAL_CAN_SleepCallback
                0x08002306        0x2 CMakeFiles/bubing_RM2025.elf.dir/Drivers/STM32F4xx_HAL_Driver/Src/stm32f4xx_hal_can.c.obj
                0x08002306                HAL_CAN_SleepCallback
 .text.HAL_CAN_WakeUpFromRxMsgCallback
                0x08002308        0x2 CMakeFiles/bubing_RM2025.elf.dir/Drivers/STM32F4xx_HAL_Driver/Src/stm32f4xx_hal_can.c.obj
                0x08002308                HAL_CAN_WakeUpFromRxMsgCallback
 .text.HAL_CAN_ErrorCallback
                0x0800230a        0x2 CMakeFiles/bubing_RM2025.elf.dir/Drivers/STM32F4xx_HAL_Driver/Src/stm32f4xx_hal_can.c.obj
                0x0800230a                HAL_CAN_ErrorCallback
 .text.HAL_CAN_IRQHandler
                0x0800230c      0x250 CMakeFiles/bubing_RM2025.elf.dir/Drivers/STM32F4xx_HAL_Driver/Src/stm32f4xx_hal_can.c.obj
                0x0800230c                HAL_CAN_IRQHandler
 .text.__NVIC_EnableIRQ
                0x0800255c       0x1c CMakeFiles/bubing_RM2025.elf.dir/Drivers/STM32F4xx_HAL_Driver/Src/stm32f4xx_hal_cortex.c.obj
 .text.__NVIC_SetPriority
                0x08002578       0x28 CMakeFiles/bubing_RM2025.elf.dir/Drivers/STM32F4xx_HAL_Driver/Src/stm32f4xx_hal_cortex.c.obj
 .text.NVIC_EncodePriority
                0x080025a0       0x3e CMakeFiles/bubing_RM2025.elf.dir/Drivers/STM32F4xx_HAL_Driver/Src/stm32f4xx_hal_cortex.c.obj
 *fill*         0x080025de        0x2 
 .text.HAL_NVIC_SetPriorityGrouping
                0x080025e0       0x24 CMakeFiles/bubing_RM2025.elf.dir/Drivers/STM32F4xx_HAL_Driver/Src/stm32f4xx_hal_cortex.c.obj
                0x080025e0                HAL_NVIC_SetPriorityGrouping
 .text.HAL_NVIC_SetPriority
                0x08002604       0x20 CMakeFiles/bubing_RM2025.elf.dir/Drivers/STM32F4xx_HAL_Driver/Src/stm32f4xx_hal_cortex.c.obj
                0x08002604                HAL_NVIC_SetPriority
 .text.HAL_NVIC_EnableIRQ
                0x08002624        0x8 CMakeFiles/bubing_RM2025.elf.dir/Drivers/STM32F4xx_HAL_Driver/Src/stm32f4xx_hal_cortex.c.obj
                0x08002624                HAL_NVIC_EnableIRQ
 .text.DMA_CalcBaseAndBitshift
                0x0800262c       0x3c CMakeFiles/bubing_RM2025.elf.dir/Drivers/STM32F4xx_HAL_Driver/Src/stm32f4xx_hal_dma.c.obj
 .text.DMA_CheckFifoParam
                0x08002668       0x8e CMakeFiles/bubing_RM2025.elf.dir/Drivers/STM32F4xx_HAL_Driver/Src/stm32f4xx_hal_dma.c.obj
 *fill*         0x080026f6        0x2 
 .text.HAL_DMA_Init
                0x080026f8       0xcc CMakeFiles/bubing_RM2025.elf.dir/Drivers/STM32F4xx_HAL_Driver/Src/stm32f4xx_hal_dma.c.obj
                0x080026f8                HAL_DMA_Init
 .text.HAL_DMA_Abort
                0x080027c4       0x94 CMakeFiles/bubing_RM2025.elf.dir/Drivers/STM32F4xx_HAL_Driver/Src/stm32f4xx_hal_dma.c.obj
                0x080027c4                HAL_DMA_Abort
 .text.HAL_DMA_Abort_IT
                0x08002858       0x26 CMakeFiles/bubing_RM2025.elf.dir/Drivers/STM32F4xx_HAL_Driver/Src/stm32f4xx_hal_dma.c.obj
                0x08002858                HAL_DMA_Abort_IT
 *fill*         0x0800287e        0x2 
 .text.HAL_DMA_IRQHandler
                0x08002880      0x1dc CMakeFiles/bubing_RM2025.elf.dir/Drivers/STM32F4xx_HAL_Driver/Src/stm32f4xx_hal_dma.c.obj
                0x08002880                HAL_DMA_IRQHandler
 .text.HAL_GPIO_Init
                0x08002a5c      0x1ec CMakeFiles/bubing_RM2025.elf.dir/Drivers/STM32F4xx_HAL_Driver/Src/stm32f4xx_hal_gpio.c.obj
                0x08002a5c                HAL_GPIO_Init
 .text.HAL_GPIO_WritePin
                0x08002c48        0xc CMakeFiles/bubing_RM2025.elf.dir/Drivers/STM32F4xx_HAL_Driver/Src/stm32f4xx_hal_gpio.c.obj
                0x08002c48                HAL_GPIO_WritePin
 .text.HAL_GPIO_TogglePin
                0x08002c54       0x12 CMakeFiles/bubing_RM2025.elf.dir/Drivers/STM32F4xx_HAL_Driver/Src/stm32f4xx_hal_gpio.c.obj
                0x08002c54                HAL_GPIO_TogglePin
 *fill*         0x08002c66        0x2 
 .text.HAL_RCC_OscConfig
                0x08002c68      0x3f8 CMakeFiles/bubing_RM2025.elf.dir/Drivers/STM32F4xx_HAL_Driver/Src/stm32f4xx_hal_rcc.c.obj
                0x08002c68                HAL_RCC_OscConfig
 .text.HAL_RCC_GetSysClockFreq
                0x08003060       0xa8 CMakeFiles/bubing_RM2025.elf.dir/Drivers/STM32F4xx_HAL_Driver/Src/stm32f4xx_hal_rcc.c.obj
                0x08003060                HAL_RCC_GetSysClockFreq
 .text.HAL_RCC_ClockConfig
                0x08003108      0x160 CMakeFiles/bubing_RM2025.elf.dir/Drivers/STM32F4xx_HAL_Driver/Src/stm32f4xx_hal_rcc.c.obj
                0x08003108                HAL_RCC_ClockConfig
 .text.HAL_RCC_GetHCLKFreq
                0x08003268        0xc CMakeFiles/bubing_RM2025.elf.dir/Drivers/STM32F4xx_HAL_Driver/Src/stm32f4xx_hal_rcc.c.obj
                0x08003268                HAL_RCC_GetHCLKFreq
 .text.HAL_RCC_GetPCLK1Freq
                0x08003274       0x20 CMakeFiles/bubing_RM2025.elf.dir/Drivers/STM32F4xx_HAL_Driver/Src/stm32f4xx_hal_rcc.c.obj
                0x08003274                HAL_RCC_GetPCLK1Freq
 .text.HAL_RCC_GetPCLK2Freq
                0x08003294       0x20 CMakeFiles/bubing_RM2025.elf.dir/Drivers/STM32F4xx_HAL_Driver/Src/stm32f4xx_hal_rcc.c.obj
                0x08003294                HAL_RCC_GetPCLK2Freq
 .text.HAL_RCC_GetClockConfig
                0x080032b4       0x3c CMakeFiles/bubing_RM2025.elf.dir/Drivers/STM32F4xx_HAL_Driver/Src/stm32f4xx_hal_rcc.c.obj
                0x080032b4                HAL_RCC_GetClockConfig
 .text.TIM_OC1_SetConfig
                0x080032f0       0x70 CMakeFiles/bubing_RM2025.elf.dir/Drivers/STM32F4xx_HAL_Driver/Src/stm32f4xx_hal_tim.c.obj
 .text.TIM_OC3_SetConfig
                0x08003360       0x70 CMakeFiles/bubing_RM2025.elf.dir/Drivers/STM32F4xx_HAL_Driver/Src/stm32f4xx_hal_tim.c.obj
 .text.TIM_OC4_SetConfig
                0x080033d0       0x50 CMakeFiles/bubing_RM2025.elf.dir/Drivers/STM32F4xx_HAL_Driver/Src/stm32f4xx_hal_tim.c.obj
 .text.TIM_TI1_ConfigInputStage
                0x08003420       0x26 CMakeFiles/bubing_RM2025.elf.dir/Drivers/STM32F4xx_HAL_Driver/Src/stm32f4xx_hal_tim.c.obj
 .text.TIM_TI2_ConfigInputStage
                0x08003446       0x28 CMakeFiles/bubing_RM2025.elf.dir/Drivers/STM32F4xx_HAL_Driver/Src/stm32f4xx_hal_tim.c.obj
 .text.TIM_ITRx_SetConfig
                0x0800346e       0x10 CMakeFiles/bubing_RM2025.elf.dir/Drivers/STM32F4xx_HAL_Driver/Src/stm32f4xx_hal_tim.c.obj
 *fill*         0x0800347e        0x2 
 .text.HAL_TIM_Base_Start_IT
                0x08003480       0x88 CMakeFiles/bubing_RM2025.elf.dir/Drivers/STM32F4xx_HAL_Driver/Src/stm32f4xx_hal_tim.c.obj
                0x08003480                HAL_TIM_Base_Start_IT
 .text.HAL_TIM_PWM_MspInit
                0x08003508        0x2 CMakeFiles/bubing_RM2025.elf.dir/Drivers/STM32F4xx_HAL_Driver/Src/stm32f4xx_hal_tim.c.obj
                0x08003508                HAL_TIM_PWM_MspInit
 .text.HAL_TIM_OC_DelayElapsedCallback
                0x0800350a        0x2 CMakeFiles/bubing_RM2025.elf.dir/Drivers/STM32F4xx_HAL_Driver/Src/stm32f4xx_hal_tim.c.obj
                0x0800350a                HAL_TIM_OC_DelayElapsedCallback
 .text.HAL_TIM_IC_CaptureCallback
                0x0800350c        0x2 CMakeFiles/bubing_RM2025.elf.dir/Drivers/STM32F4xx_HAL_Driver/Src/stm32f4xx_hal_tim.c.obj
                0x0800350c                HAL_TIM_IC_CaptureCallback
 .text.HAL_TIM_PWM_PulseFinishedCallback
                0x0800350e        0x2 CMakeFiles/bubing_RM2025.elf.dir/Drivers/STM32F4xx_HAL_Driver/Src/stm32f4xx_hal_tim.c.obj
                0x0800350e                HAL_TIM_PWM_PulseFinishedCallback
 .text.HAL_TIM_TriggerCallback
                0x08003510        0x2 CMakeFiles/bubing_RM2025.elf.dir/Drivers/STM32F4xx_HAL_Driver/Src/stm32f4xx_hal_tim.c.obj
                0x08003510                HAL_TIM_TriggerCallback
 .text.HAL_TIM_IRQHandler
                0x08003512      0x15e CMakeFiles/bubing_RM2025.elf.dir/Drivers/STM32F4xx_HAL_Driver/Src/stm32f4xx_hal_tim.c.obj
                0x08003512                HAL_TIM_IRQHandler
 .text.TIM_Base_SetConfig
                0x08003670       0xd8 CMakeFiles/bubing_RM2025.elf.dir/Drivers/STM32F4xx_HAL_Driver/Src/stm32f4xx_hal_tim.c.obj
                0x08003670                TIM_Base_SetConfig
 .text.HAL_TIM_Base_Init
                0x08003748       0x58 CMakeFiles/bubing_RM2025.elf.dir/Drivers/STM32F4xx_HAL_Driver/Src/stm32f4xx_hal_tim.c.obj
                0x08003748                HAL_TIM_Base_Init
 .text.HAL_TIM_PWM_Init
                0x080037a0       0x58 CMakeFiles/bubing_RM2025.elf.dir/Drivers/STM32F4xx_HAL_Driver/Src/stm32f4xx_hal_tim.c.obj
                0x080037a0                HAL_TIM_PWM_Init
 .text.TIM_OC2_SetConfig
                0x080037f8       0x70 CMakeFiles/bubing_RM2025.elf.dir/Drivers/STM32F4xx_HAL_Driver/Src/stm32f4xx_hal_tim.c.obj
                0x080037f8                TIM_OC2_SetConfig
 .text.HAL_TIM_PWM_ConfigChannel
                0x08003868       0xdc CMakeFiles/bubing_RM2025.elf.dir/Drivers/STM32F4xx_HAL_Driver/Src/stm32f4xx_hal_tim.c.obj
                0x08003868                HAL_TIM_PWM_ConfigChannel
 .text.TIM_ETR_SetConfig
                0x08003944       0x1a CMakeFiles/bubing_RM2025.elf.dir/Drivers/STM32F4xx_HAL_Driver/Src/stm32f4xx_hal_tim.c.obj
                0x08003944                TIM_ETR_SetConfig
 .text.HAL_TIM_ConfigClockSource
                0x0800395e       0xfe CMakeFiles/bubing_RM2025.elf.dir/Drivers/STM32F4xx_HAL_Driver/Src/stm32f4xx_hal_tim.c.obj
                0x0800395e                HAL_TIM_ConfigClockSource
 .text.HAL_TIMEx_MasterConfigSynchronization
                0x08003a5c       0x8c CMakeFiles/bubing_RM2025.elf.dir/Drivers/STM32F4xx_HAL_Driver/Src/stm32f4xx_hal_tim_ex.c.obj
                0x08003a5c                HAL_TIMEx_MasterConfigSynchronization
 .text.HAL_TIMEx_ConfigBreakDeadTime
                0x08003ae8       0x52 CMakeFiles/bubing_RM2025.elf.dir/Drivers/STM32F4xx_HAL_Driver/Src/stm32f4xx_hal_tim_ex.c.obj
                0x08003ae8                HAL_TIMEx_ConfigBreakDeadTime
 .text.HAL_TIMEx_CommutCallback
                0x08003b3a        0x2 CMakeFiles/bubing_RM2025.elf.dir/Drivers/STM32F4xx_HAL_Driver/Src/stm32f4xx_hal_tim_ex.c.obj
                0x08003b3a                HAL_TIMEx_CommutCallback
 .text.HAL_TIMEx_BreakCallback
                0x08003b3c        0x2 CMakeFiles/bubing_RM2025.elf.dir/Drivers/STM32F4xx_HAL_Driver/Src/stm32f4xx_hal_tim_ex.c.obj
                0x08003b3c                HAL_TIMEx_BreakCallback
 .text.UART_EndRxTransfer
                0x08003b3e       0x5c CMakeFiles/bubing_RM2025.elf.dir/Drivers/STM32F4xx_HAL_Driver/Src/stm32f4xx_hal_uart.c.obj
 .text.UART_Transmit_IT
                0x08003b9a       0x60 CMakeFiles/bubing_RM2025.elf.dir/Drivers/STM32F4xx_HAL_Driver/Src/stm32f4xx_hal_uart.c.obj
 *fill*         0x08003bfa        0x2 
 .text.UART_SetConfig
                0x08003bfc      0x110 CMakeFiles/bubing_RM2025.elf.dir/Drivers/STM32F4xx_HAL_Driver/Src/stm32f4xx_hal_uart.c.obj
 .text.UART_WaitOnFlagUntilTimeout
                0x08003d0c       0x86 CMakeFiles/bubing_RM2025.elf.dir/Drivers/STM32F4xx_HAL_Driver/Src/stm32f4xx_hal_uart.c.obj
 .text.HAL_UART_Init
                0x08003d92       0x60 CMakeFiles/bubing_RM2025.elf.dir/Drivers/STM32F4xx_HAL_Driver/Src/stm32f4xx_hal_uart.c.obj
                0x08003d92                HAL_UART_Init
 .text.HAL_UART_Transmit
                0x08003df2       0xcc CMakeFiles/bubing_RM2025.elf.dir/Drivers/STM32F4xx_HAL_Driver/Src/stm32f4xx_hal_uart.c.obj
                0x08003df2                HAL_UART_Transmit
 .text.HAL_UART_TxCpltCallback
                0x08003ebe        0x2 CMakeFiles/bubing_RM2025.elf.dir/Drivers/STM32F4xx_HAL_Driver/Src/stm32f4xx_hal_uart.c.obj
                0x08003ebe                HAL_UART_TxCpltCallback
 .text.UART_EndTransmit_IT
                0x08003ec0       0x1a CMakeFiles/bubing_RM2025.elf.dir/Drivers/STM32F4xx_HAL_Driver/Src/stm32f4xx_hal_uart.c.obj
 .text.HAL_UART_RxCpltCallback
                0x08003eda        0x2 CMakeFiles/bubing_RM2025.elf.dir/Drivers/STM32F4xx_HAL_Driver/Src/stm32f4xx_hal_uart.c.obj
                0x08003eda                HAL_UART_RxCpltCallback
 .text.HAL_UART_ErrorCallback
                0x08003edc        0x2 CMakeFiles/bubing_RM2025.elf.dir/Drivers/STM32F4xx_HAL_Driver/Src/stm32f4xx_hal_uart.c.obj
                0x08003edc                HAL_UART_ErrorCallback
 .text.UART_DMAAbortOnError
                0x08003ede       0x10 CMakeFiles/bubing_RM2025.elf.dir/Drivers/STM32F4xx_HAL_Driver/Src/stm32f4xx_hal_uart.c.obj
 .text.HAL_UARTEx_RxEventCallback
                0x08003eee        0x2 CMakeFiles/bubing_RM2025.elf.dir/Drivers/STM32F4xx_HAL_Driver/Src/stm32f4xx_hal_uart.c.obj
                0x08003eee                HAL_UARTEx_RxEventCallback
 .text.UART_Receive_IT
                0x08003ef0       0xe6 CMakeFiles/bubing_RM2025.elf.dir/Drivers/STM32F4xx_HAL_Driver/Src/stm32f4xx_hal_uart.c.obj
 *fill*         0x08003fd6        0x2 
 .text.HAL_UART_IRQHandler
                0x08003fd8      0x284 CMakeFiles/bubing_RM2025.elf.dir/Drivers/STM32F4xx_HAL_Driver/Src/stm32f4xx_hal_uart.c.obj
                0x08003fd8                HAL_UART_IRQHandler
 .text.makeFreeRtosPriority
                0x0800425c        0xc CMakeFiles/bubing_RM2025.elf.dir/Middlewares/Third_Party/FreeRTOS/Source/CMSIS_RTOS/cmsis_os.c.obj
 .text.osKernelStart
                0x08004268        0xa CMakeFiles/bubing_RM2025.elf.dir/Middlewares/Third_Party/FreeRTOS/Source/CMSIS_RTOS/cmsis_os.c.obj
                0x08004268                osKernelStart
 .text.osThreadCreate
                0x08004272       0x66 CMakeFiles/bubing_RM2025.elf.dir/Middlewares/Third_Party/FreeRTOS/Source/CMSIS_RTOS/cmsis_os.c.obj
                0x08004272                osThreadCreate
 .text.osDelay  0x080042d8        0xe CMakeFiles/bubing_RM2025.elf.dir/Middlewares/Third_Party/FreeRTOS/Source/CMSIS_RTOS/cmsis_os.c.obj
                0x080042d8                osDelay
 .text.vListInitialise
                0x080042e6       0x16 CMakeFiles/bubing_RM2025.elf.dir/Middlewares/Third_Party/FreeRTOS/Source/list.c.obj
                0x080042e6                vListInitialise
 .text.vListInitialiseItem
                0x080042fc        0x6 CMakeFiles/bubing_RM2025.elf.dir/Middlewares/Third_Party/FreeRTOS/Source/list.c.obj
                0x080042fc                vListInitialiseItem
 .text.vListInsertEnd
                0x08004302       0x16 CMakeFiles/bubing_RM2025.elf.dir/Middlewares/Third_Party/FreeRTOS/Source/list.c.obj
                0x08004302                vListInsertEnd
 .text.vListInsert
                0x08004318       0x32 CMakeFiles/bubing_RM2025.elf.dir/Middlewares/Third_Party/FreeRTOS/Source/list.c.obj
                0x08004318                vListInsert
 .text.uxListRemove
                0x0800434a       0x26 CMakeFiles/bubing_RM2025.elf.dir/Middlewares/Third_Party/FreeRTOS/Source/list.c.obj
                0x0800434a                uxListRemove
 .text.prvTaskExitError
                0x08004370       0x40 CMakeFiles/bubing_RM2025.elf.dir/Middlewares/Third_Party/FreeRTOS/Source/portable/GCC/ARM_CM4F/port.c.obj
 .text.prvPortStartFirstTask
                0x080043b0       0x28 CMakeFiles/bubing_RM2025.elf.dir/Middlewares/Third_Party/FreeRTOS/Source/portable/GCC/ARM_CM4F/port.c.obj
 .text.vPortEnableVFP
                0x080043d8       0x14 CMakeFiles/bubing_RM2025.elf.dir/Middlewares/Third_Party/FreeRTOS/Source/portable/GCC/ARM_CM4F/port.c.obj
 .text.pxPortInitialiseStack
                0x080043ec       0x2c CMakeFiles/bubing_RM2025.elf.dir/Middlewares/Third_Party/FreeRTOS/Source/portable/GCC/ARM_CM4F/port.c.obj
                0x080043ec                pxPortInitialiseStack
 *fill*         0x08004418        0x8 
 .text.SVC_Handler
                0x08004420       0x24 CMakeFiles/bubing_RM2025.elf.dir/Middlewares/Third_Party/FreeRTOS/Source/portable/GCC/ARM_CM4F/port.c.obj
                0x08004420                SVC_Handler
 .text.vPortEnterCritical
                0x08004444       0x44 CMakeFiles/bubing_RM2025.elf.dir/Middlewares/Third_Party/FreeRTOS/Source/portable/GCC/ARM_CM4F/port.c.obj
                0x08004444                vPortEnterCritical
 .text.vPortExitCritical
                0x08004488       0x2c CMakeFiles/bubing_RM2025.elf.dir/Middlewares/Third_Party/FreeRTOS/Source/portable/GCC/ARM_CM4F/port.c.obj
                0x08004488                vPortExitCritical
 *fill*         0x080044b4        0xc 
 .text.PendSV_Handler
                0x080044c0       0x64 CMakeFiles/bubing_RM2025.elf.dir/Middlewares/Third_Party/FreeRTOS/Source/portable/GCC/ARM_CM4F/port.c.obj
                0x080044c0                PendSV_Handler
 .text.SysTick_Handler
                0x08004524       0x2c CMakeFiles/bubing_RM2025.elf.dir/Middlewares/Third_Party/FreeRTOS/Source/portable/GCC/ARM_CM4F/port.c.obj
                0x08004524                SysTick_Handler
 .text.vPortSetupTimerInterrupt
                0x08004550       0x28 CMakeFiles/bubing_RM2025.elf.dir/Middlewares/Third_Party/FreeRTOS/Source/portable/GCC/ARM_CM4F/port.c.obj
                0x08004550                vPortSetupTimerInterrupt
 .text.xPortStartScheduler
                0x08004578      0x118 CMakeFiles/bubing_RM2025.elf.dir/Middlewares/Third_Party/FreeRTOS/Source/portable/GCC/ARM_CM4F/port.c.obj
                0x08004578                xPortStartScheduler
 .text.prvHeapInit
                0x08004690       0x64 CMakeFiles/bubing_RM2025.elf.dir/Middlewares/Third_Party/FreeRTOS/Source/portable/MemMang/heap_4.c.obj
 .text.prvInsertBlockIntoFreeList
                0x080046f4       0x64 CMakeFiles/bubing_RM2025.elf.dir/Middlewares/Third_Party/FreeRTOS/Source/portable/MemMang/heap_4.c.obj
 .text.pvPortMalloc
                0x08004758      0x104 CMakeFiles/bubing_RM2025.elf.dir/Middlewares/Third_Party/FreeRTOS/Source/portable/MemMang/heap_4.c.obj
                0x08004758                pvPortMalloc
 .text.vPortFree
                0x0800485c       0x7c CMakeFiles/bubing_RM2025.elf.dir/Middlewares/Third_Party/FreeRTOS/Source/portable/MemMang/heap_4.c.obj
                0x0800485c                vPortFree
 .text.prvResetNextTaskUnblockTime
                0x080048d8       0x2c CMakeFiles/bubing_RM2025.elf.dir/Middlewares/Third_Party/FreeRTOS/Source/tasks.c.obj
 .text.prvInitialiseNewTask
                0x08004904       0xfc CMakeFiles/bubing_RM2025.elf.dir/Middlewares/Third_Party/FreeRTOS/Source/tasks.c.obj
 .text.prvInitialiseTaskLists
                0x08004a00       0x68 CMakeFiles/bubing_RM2025.elf.dir/Middlewares/Third_Party/FreeRTOS/Source/tasks.c.obj
 .text.prvAddNewTaskToReadyList
                0x08004a68       0xa8 CMakeFiles/bubing_RM2025.elf.dir/Middlewares/Third_Party/FreeRTOS/Source/tasks.c.obj
 .text.prvDeleteTCB
                0x08004b10       0x40 CMakeFiles/bubing_RM2025.elf.dir/Middlewares/Third_Party/FreeRTOS/Source/tasks.c.obj
 .text.prvCheckTasksWaitingTermination
                0x08004b50       0x4c CMakeFiles/bubing_RM2025.elf.dir/Middlewares/Third_Party/FreeRTOS/Source/tasks.c.obj
 .text.prvIdleTask
                0x08004b9c       0x28 CMakeFiles/bubing_RM2025.elf.dir/Middlewares/Third_Party/FreeRTOS/Source/tasks.c.obj
 .text.prvAddCurrentTaskToDelayedList
                0x08004bc4       0x98 CMakeFiles/bubing_RM2025.elf.dir/Middlewares/Third_Party/FreeRTOS/Source/tasks.c.obj
 .text.xTaskCreateStatic
                0x08004c5c       0x7a CMakeFiles/bubing_RM2025.elf.dir/Middlewares/Third_Party/FreeRTOS/Source/tasks.c.obj
                0x08004c5c                xTaskCreateStatic
 .text.xTaskCreate
                0x08004cd6       0x66 CMakeFiles/bubing_RM2025.elf.dir/Middlewares/Third_Party/FreeRTOS/Source/tasks.c.obj
                0x08004cd6                xTaskCreate
 .text.vTaskStartScheduler
                0x08004d3c       0x84 CMakeFiles/bubing_RM2025.elf.dir/Middlewares/Third_Party/FreeRTOS/Source/tasks.c.obj
                0x08004d3c                vTaskStartScheduler
 .text.vTaskSuspendAll
                0x08004dc0       0x10 CMakeFiles/bubing_RM2025.elf.dir/Middlewares/Third_Party/FreeRTOS/Source/tasks.c.obj
                0x08004dc0                vTaskSuspendAll
 .text.xTaskIncrementTick
                0x08004dd0      0x118 CMakeFiles/bubing_RM2025.elf.dir/Middlewares/Third_Party/FreeRTOS/Source/tasks.c.obj
                0x08004dd0                xTaskIncrementTick
 .text.xTaskResumeAll
                0x08004ee8       0xf8 CMakeFiles/bubing_RM2025.elf.dir/Middlewares/Third_Party/FreeRTOS/Source/tasks.c.obj
                0x08004ee8                xTaskResumeAll
 .text.vTaskDelay
                0x08004fe0       0x4c CMakeFiles/bubing_RM2025.elf.dir/Middlewares/Third_Party/FreeRTOS/Source/tasks.c.obj
                0x08004fe0                vTaskDelay
 .text.vTaskSwitchContext
                0x0800502c       0xa4 CMakeFiles/bubing_RM2025.elf.dir/Middlewares/Third_Party/FreeRTOS/Source/tasks.c.obj
                0x0800502c                vTaskSwitchContext
 .text.uart_sent
                0x080050d0       0x48 CMakeFiles/bubing_RM2025.elf.dir/code_mf/Src/DEBUG_UART.c.obj
                0x080050d0                uart_sent
 .text.uint16_to_float
                0x08005118       0x2e CMakeFiles/bubing_RM2025.elf.dir/code_mf/Src/Robstride01.c.obj
                0x08005118                uint16_to_float
 .text.Byte_to_float
                0x08005146       0x1a CMakeFiles/bubing_RM2025.elf.dir/code_mf/Src/Robstride01.c.obj
                0x08005146                Byte_to_float
 .text.mapFaults
                0x08005160       0x42 CMakeFiles/bubing_RM2025.elf.dir/code_mf/Src/Robstride01.c.obj
                0x08005160                mapFaults
 *fill*         0x080051a2        0x6 
 .text.RobStride_Motor_Analysis
                0x080051a8      0x27c CMakeFiles/bubing_RM2025.elf.dir/code_mf/Src/Robstride01.c.obj
                0x080051a8                RobStride_Motor_Analysis
 .text.RobStride_Motor_MIT_Enable
                0x08005424       0x54 CMakeFiles/bubing_RM2025.elf.dir/code_mf/Src/Robstride01.c.obj
                0x08005424                RobStride_Motor_MIT_Enable
 .text.Enable_Motor
                0x08005478       0x48 CMakeFiles/bubing_RM2025.elf.dir/code_mf/Src/Robstride01.c.obj
                0x08005478                Enable_Motor
 .text.Set_RobStride_Motor_parameter
                0x080054c0       0x6c CMakeFiles/bubing_RM2025.elf.dir/code_mf/Src/Robstride01.c.obj
                0x080054c0                Set_RobStride_Motor_parameter
 .text.Get_RobStride_Motor_parameter
                0x0800552c       0x48 CMakeFiles/bubing_RM2025.elf.dir/code_mf/Src/Robstride01.c.obj
                0x0800552c                Get_RobStride_Motor_parameter
 .text.RobStride_Motor_current_control
                0x08005574       0x48 CMakeFiles/bubing_RM2025.elf.dir/code_mf/Src/Robstride01.c.obj
                0x08005574                RobStride_Motor_current_control
 .text.board_LED
                0x080055bc       0x20 CMakeFiles/bubing_RM2025.elf.dir/code_mf/Src/board_LED.c.obj
                0x080055bc                board_LED
 .text.get_data
                0x080055dc       0x2c CMakeFiles/bubing_RM2025.elf.dir/code_mf/Src/get_data.c.obj
                0x080055dc                get_data
 .text.usart6_printf
                0x08005608       0x40 CMakeFiles/bubing_RM2025.elf.dir/code_mf/Src/uart_printf.c.obj
                0x08005608                usart6_printf
 .text.__udivmoddi4
                0x08005648      0x2bc C:/CLionToolchains/gcc-arm-none-eabi-10.3-2021.10/bin/../lib/gcc/arm-none-eabi/13.3.1/thumb/v7e-m+fp/hard\libgcc.a(_udivmoddi4.o)
                0x08005648                __udivmoddi4
 .text.stdio_exit_handler
                0x08005904       0x18 C:/CLionToolchains/gcc-arm-none-eabi-10.3-2021.10/bin/../lib/gcc/arm-none-eabi/13.3.1/thumb/v7e-m+fp/hard\libg.a(libc_a-findfp.o)
 .text.cleanup_stdio
                0x0800591c       0x40 C:/CLionToolchains/gcc-arm-none-eabi-10.3-2021.10/bin/../lib/gcc/arm-none-eabi/13.3.1/thumb/v7e-m+fp/hard\libg.a(libc_a-findfp.o)
 .text.global_stdio_init.part.0
                0x0800595c       0xf0 C:/CLionToolchains/gcc-arm-none-eabi-10.3-2021.10/bin/../lib/gcc/arm-none-eabi/13.3.1/thumb/v7e-m+fp/hard\libg.a(libc_a-findfp.o)
 .text.__sinit  0x08005a4c       0x3c C:/CLionToolchains/gcc-arm-none-eabi-10.3-2021.10/bin/../lib/gcc/arm-none-eabi/13.3.1/thumb/v7e-m+fp/hard\libg.a(libc_a-findfp.o)
                0x08005a4c                __sinit
 .text.__sfp_lock_acquire
                0x08005a88        0xc C:/CLionToolchains/gcc-arm-none-eabi-10.3-2021.10/bin/../lib/gcc/arm-none-eabi/13.3.1/thumb/v7e-m+fp/hard\libg.a(libc_a-findfp.o)
                0x08005a88                __sfp_lock_acquire
 .text.__sfp_lock_release
                0x08005a94        0xc C:/CLionToolchains/gcc-arm-none-eabi-10.3-2021.10/bin/../lib/gcc/arm-none-eabi/13.3.1/thumb/v7e-m+fp/hard\libg.a(libc_a-findfp.o)
                0x08005a94                __sfp_lock_release
 .text._fwalk_sglue
                0x08005aa0       0x44 C:/CLionToolchains/gcc-arm-none-eabi-10.3-2021.10/bin/../lib/gcc/arm-none-eabi/13.3.1/thumb/v7e-m+fp/hard\libg.a(libc_a-fwalk.o)
                0x08005aa0                _fwalk_sglue
 .text.__sread  0x08005ae4       0x24 C:/CLionToolchains/gcc-arm-none-eabi-10.3-2021.10/bin/../lib/gcc/arm-none-eabi/13.3.1/thumb/v7e-m+fp/hard\libg.a(libc_a-stdio.o)
                0x08005ae4                __sread
 .text.__swrite
                0x08005b08       0x40 C:/CLionToolchains/gcc-arm-none-eabi-10.3-2021.10/bin/../lib/gcc/arm-none-eabi/13.3.1/thumb/v7e-m+fp/hard\libg.a(libc_a-stdio.o)
                0x08005b08                __swrite
 .text.__sseek  0x08005b48       0x24 C:/CLionToolchains/gcc-arm-none-eabi-10.3-2021.10/bin/../lib/gcc/arm-none-eabi/13.3.1/thumb/v7e-m+fp/hard\libg.a(libc_a-stdio.o)
                0x08005b48                __sseek
 .text.__sclose
                0x08005b6c        0x8 C:/CLionToolchains/gcc-arm-none-eabi-10.3-2021.10/bin/../lib/gcc/arm-none-eabi/13.3.1/thumb/v7e-m+fp/hard\libg.a(libc_a-stdio.o)
                0x08005b6c                __sclose
 .text.vsprintf
                0x08005b74       0x38 C:/CLionToolchains/gcc-arm-none-eabi-10.3-2021.10/bin/../lib/gcc/arm-none-eabi/13.3.1/thumb/v7e-m+fp/hard\libg.a(libc_a-vsprintf.o)
                0x08005b74                vsprintf
 .text.memset   0x08005bac       0xa4 C:/CLionToolchains/gcc-arm-none-eabi-10.3-2021.10/bin/../lib/gcc/arm-none-eabi/13.3.1/thumb/v7e-m+fp/hard\libg.a(libc_a-memset.o)
                0x08005bac                memset
 .text._close_r
                0x08005c50       0x24 C:/CLionToolchains/gcc-arm-none-eabi-10.3-2021.10/bin/../lib/gcc/arm-none-eabi/13.3.1/thumb/v7e-m+fp/hard\libg.a(libc_a-closer.o)
                0x08005c50                _close_r
 .text._reclaim_reent
                0x08005c74       0x6c C:/CLionToolchains/gcc-arm-none-eabi-10.3-2021.10/bin/../lib/gcc/arm-none-eabi/13.3.1/thumb/v7e-m+fp/hard\libg.a(libc_a-reent.o)
                0x08005c74                _reclaim_reent
 .text._lseek_r
                0x08005ce0       0x2c C:/CLionToolchains/gcc-arm-none-eabi-10.3-2021.10/bin/../lib/gcc/arm-none-eabi/13.3.1/thumb/v7e-m+fp/hard\libg.a(libc_a-lseekr.o)
                0x08005ce0                _lseek_r
 .text._read_r  0x08005d0c       0x2c C:/CLionToolchains/gcc-arm-none-eabi-10.3-2021.10/bin/../lib/gcc/arm-none-eabi/13.3.1/thumb/v7e-m+fp/hard\libg.a(libc_a-readr.o)
                0x08005d0c                _read_r
 .text._write_r
                0x08005d38       0x2c C:/CLionToolchains/gcc-arm-none-eabi-10.3-2021.10/bin/../lib/gcc/arm-none-eabi/13.3.1/thumb/v7e-m+fp/hard\libg.a(libc_a-writer.o)
                0x08005d38                _write_r
 .text.__errno  0x08005d64        0xc C:/CLionToolchains/gcc-arm-none-eabi-10.3-2021.10/bin/../lib/gcc/arm-none-eabi/13.3.1/thumb/v7e-m+fp/hard\libg.a(libc_a-errno.o)
                0x08005d64                __errno
 .text.__libc_init_array
                0x08005d70       0x50 C:/CLionToolchains/gcc-arm-none-eabi-10.3-2021.10/bin/../lib/gcc/arm-none-eabi/13.3.1/thumb/v7e-m+fp/hard\libg.a(libc_a-init.o)
                0x08005d70                __libc_init_array
 .text.__retarget_lock_init_recursive
                0x08005dc0        0x4 C:/CLionToolchains/gcc-arm-none-eabi-10.3-2021.10/bin/../lib/gcc/arm-none-eabi/13.3.1/thumb/v7e-m+fp/hard\libg.a(libc_a-lock.o)
                0x08005dc0                __retarget_lock_init_recursive
 .text.__retarget_lock_close_recursive
                0x08005dc4        0x4 C:/CLionToolchains/gcc-arm-none-eabi-10.3-2021.10/bin/../lib/gcc/arm-none-eabi/13.3.1/thumb/v7e-m+fp/hard\libg.a(libc_a-lock.o)
                0x08005dc4                __retarget_lock_close_recursive
 .text.__retarget_lock_acquire_recursive
                0x08005dc8        0x4 C:/CLionToolchains/gcc-arm-none-eabi-10.3-2021.10/bin/../lib/gcc/arm-none-eabi/13.3.1/thumb/v7e-m+fp/hard\libg.a(libc_a-lock.o)
                0x08005dc8                __retarget_lock_acquire_recursive
 .text.__retarget_lock_release_recursive
                0x08005dcc        0x4 C:/CLionToolchains/gcc-arm-none-eabi-10.3-2021.10/bin/../lib/gcc/arm-none-eabi/13.3.1/thumb/v7e-m+fp/hard\libg.a(libc_a-lock.o)
                0x08005dcc                __retarget_lock_release_recursive
 .text.startup.register_fini
                0x08005dd0       0x14 C:/CLionToolchains/gcc-arm-none-eabi-10.3-2021.10/bin/../lib/gcc/arm-none-eabi/13.3.1/thumb/v7e-m+fp/hard\libg.a(libc_a-__call_atexit.o)
 .text.atexit   0x08005de4        0xc C:/CLionToolchains/gcc-arm-none-eabi-10.3-2021.10/bin/../lib/gcc/arm-none-eabi/13.3.1/thumb/v7e-m+fp/hard\libg.a(libc_a-atexit.o)
                0x08005de4                atexit
 .text._malloc_trim_r
                0x08005df0       0xb8 C:/CLionToolchains/gcc-arm-none-eabi-10.3-2021.10/bin/../lib/gcc/arm-none-eabi/13.3.1/thumb/v7e-m+fp/hard\libg.a(libc_a-freer.o)
                0x08005df0                _malloc_trim_r
 .text._free_r  0x08005ea8      0x1f8 C:/CLionToolchains/gcc-arm-none-eabi-10.3-2021.10/bin/../lib/gcc/arm-none-eabi/13.3.1/thumb/v7e-m+fp/hard\libg.a(libc_a-freer.o)
                0x08005ea8                _free_r
 .text._malloc_r
                0x080060a0      0x564 C:/CLionToolchains/gcc-arm-none-eabi-10.3-2021.10/bin/../lib/gcc/arm-none-eabi/13.3.1/thumb/v7e-m+fp/hard\libg.a(libc_a-mallocr.o)
                0x080060a0                _malloc_r
 .text.__malloc_lock
                0x08006604        0xc C:/CLionToolchains/gcc-arm-none-eabi-10.3-2021.10/bin/../lib/gcc/arm-none-eabi/13.3.1/thumb/v7e-m+fp/hard\libg.a(libc_a-mlock.o)
                0x08006604                __malloc_lock
 .text.__malloc_unlock
                0x08006610        0xc C:/CLionToolchains/gcc-arm-none-eabi-10.3-2021.10/bin/../lib/gcc/arm-none-eabi/13.3.1/thumb/v7e-m+fp/hard\libg.a(libc_a-mlock.o)
                0x08006610                __malloc_unlock
 *fill*         0x0800661c        0x4 
 .text._svfprintf_r
                0x08006620     0x1b3c C:/CLionToolchains/gcc-arm-none-eabi-10.3-2021.10/bin/../lib/gcc/arm-none-eabi/13.3.1/thumb/v7e-m+fp/hard\libg.a(libc_a-svfprintf.o)
                0x08006620                _svfprintf_r
 .text.__ssprint_r
                0x0800815c       0x58 C:/CLionToolchains/gcc-arm-none-eabi-10.3-2021.10/bin/../lib/gcc/arm-none-eabi/13.3.1/thumb/v7e-m+fp/hard\libg.a(libc_a-ssprint_r.o)
                0x0800815c                __ssprint_r
 .text._fclose_r
                0x080081b4       0xc0 C:/CLionToolchains/gcc-arm-none-eabi-10.3-2021.10/bin/../lib/gcc/arm-none-eabi/13.3.1/thumb/v7e-m+fp/hard\libg.a(libc_a-fclose.o)
                0x080081b4                _fclose_r
 .text.__sflush_r
                0x08008274      0x138 C:/CLionToolchains/gcc-arm-none-eabi-10.3-2021.10/bin/../lib/gcc/arm-none-eabi/13.3.1/thumb/v7e-m+fp/hard\libg.a(libc_a-fflush.o)
                0x08008274                __sflush_r
 .text._fflush_r
                0x080083ac       0x54 C:/CLionToolchains/gcc-arm-none-eabi-10.3-2021.10/bin/../lib/gcc/arm-none-eabi/13.3.1/thumb/v7e-m+fp/hard\libg.a(libc_a-fflush.o)
                0x080083ac                _fflush_r
 .text.strncpy  0x08008400       0x68 C:/CLionToolchains/gcc-arm-none-eabi-10.3-2021.10/bin/../lib/gcc/arm-none-eabi/13.3.1/thumb/v7e-m+fp/hard\libg.a(libc_a-strncpy.o)
                0x08008400                strncpy
 .text.__locale_mb_cur_max
                0x08008468        0xc C:/CLionToolchains/gcc-arm-none-eabi-10.3-2021.10/bin/../lib/gcc/arm-none-eabi/13.3.1/thumb/v7e-m+fp/hard\libg.a(libc_a-locale.o)
                0x08008468                __locale_mb_cur_max
 .text._localeconv_r
                0x08008474        0x8 C:/CLionToolchains/gcc-arm-none-eabi-10.3-2021.10/bin/../lib/gcc/arm-none-eabi/13.3.1/thumb/v7e-m+fp/hard\libg.a(libc_a-localeconv.o)
                0x08008474                _localeconv_r
 .text._sbrk_r  0x0800847c       0x24 C:/CLionToolchains/gcc-arm-none-eabi-10.3-2021.10/bin/../lib/gcc/arm-none-eabi/13.3.1/thumb/v7e-m+fp/hard\libg.a(libc_a-sbrkr.o)
                0x0800847c                _sbrk_r
 .text.__libc_fini_array
                0x080084a0       0x28 C:/CLionToolchains/gcc-arm-none-eabi-10.3-2021.10/bin/../lib/gcc/arm-none-eabi/13.3.1/thumb/v7e-m+fp/hard\libg.a(libc_a-fini.o)
                0x080084a0                __libc_fini_array
 .text.sysconf  0x080084c8       0x1c C:/CLionToolchains/gcc-arm-none-eabi-10.3-2021.10/bin/../lib/gcc/arm-none-eabi/13.3.1/thumb/v7e-m+fp/hard\libg.a(libc_a-sysconf.o)
                0x080084c8                sysconf
 .text.frexp    0x080084e4       0x64 C:/CLionToolchains/gcc-arm-none-eabi-10.3-2021.10/bin/../lib/gcc/arm-none-eabi/13.3.1/thumb/v7e-m+fp/hard\libg.a(libm_a-s_frexp.o)
                0x080084e4                frexp
 .text.__register_exitproc
                0x08008548       0x80 C:/CLionToolchains/gcc-arm-none-eabi-10.3-2021.10/bin/../lib/gcc/arm-none-eabi/13.3.1/thumb/v7e-m+fp/hard\libg.a(libc_a-__atexit.o)
                0x08008548                __register_exitproc
 .text.quorem   0x080085c8      0x12c C:/CLionToolchains/gcc-arm-none-eabi-10.3-2021.10/bin/../lib/gcc/arm-none-eabi/13.3.1/thumb/v7e-m+fp/hard\libg.a(libc_a-dtoa.o)
 *fill*         0x080086f4        0x4 
 .text._dtoa_r  0x080086f8      0xe80 C:/CLionToolchains/gcc-arm-none-eabi-10.3-2021.10/bin/../lib/gcc/arm-none-eabi/13.3.1/thumb/v7e-m+fp/hard\libg.a(libc_a-dtoa.o)
                0x080086f8                _dtoa_r
 .text.__ascii_mbtowc
                0x08009578       0x2c C:/CLionToolchains/gcc-arm-none-eabi-10.3-2021.10/bin/../lib/gcc/arm-none-eabi/13.3.1/thumb/v7e-m+fp/hard\libg.a(libc_a-mbtowc_r.o)
                0x08009578                __ascii_mbtowc
 .text._Balloc  0x080095a4       0x4c C:/CLionToolchains/gcc-arm-none-eabi-10.3-2021.10/bin/../lib/gcc/arm-none-eabi/13.3.1/thumb/v7e-m+fp/hard\libg.a(libc_a-mprec.o)
                0x080095a4                _Balloc
 .text._Bfree   0x080095f0       0x14 C:/CLionToolchains/gcc-arm-none-eabi-10.3-2021.10/bin/../lib/gcc/arm-none-eabi/13.3.1/thumb/v7e-m+fp/hard\libg.a(libc_a-mprec.o)
                0x080095f0                _Bfree
 .text.__multadd
                0x08009604       0xa0 C:/CLionToolchains/gcc-arm-none-eabi-10.3-2021.10/bin/../lib/gcc/arm-none-eabi/13.3.1/thumb/v7e-m+fp/hard\libg.a(libc_a-mprec.o)
                0x08009604                __multadd
 .text.__hi0bits
                0x080096a4       0x44 C:/CLionToolchains/gcc-arm-none-eabi-10.3-2021.10/bin/../lib/gcc/arm-none-eabi/13.3.1/thumb/v7e-m+fp/hard\libg.a(libc_a-mprec.o)
                0x080096a4                __hi0bits
 .text.__lo0bits
                0x080096e8       0x60 C:/CLionToolchains/gcc-arm-none-eabi-10.3-2021.10/bin/../lib/gcc/arm-none-eabi/13.3.1/thumb/v7e-m+fp/hard\libg.a(libc_a-mprec.o)
                0x080096e8                __lo0bits
 .text.__i2b    0x08009748       0x5c C:/CLionToolchains/gcc-arm-none-eabi-10.3-2021.10/bin/../lib/gcc/arm-none-eabi/13.3.1/thumb/v7e-m+fp/hard\libg.a(libc_a-mprec.o)
                0x08009748                __i2b
 .text.__multiply
                0x080097a4      0x16c C:/CLionToolchains/gcc-arm-none-eabi-10.3-2021.10/bin/../lib/gcc/arm-none-eabi/13.3.1/thumb/v7e-m+fp/hard\libg.a(libc_a-mprec.o)
                0x080097a4                __multiply
 .text.__pow5mult
                0x08009910       0xb4 C:/CLionToolchains/gcc-arm-none-eabi-10.3-2021.10/bin/../lib/gcc/arm-none-eabi/13.3.1/thumb/v7e-m+fp/hard\libg.a(libc_a-mprec.o)
                0x08009910                __pow5mult
 .text.__lshift
                0x080099c4       0xf0 C:/CLionToolchains/gcc-arm-none-eabi-10.3-2021.10/bin/../lib/gcc/arm-none-eabi/13.3.1/thumb/v7e-m+fp/hard\libg.a(libc_a-mprec.o)
                0x080099c4                __lshift
 .text.__mcmp   0x08009ab4       0x44 C:/CLionToolchains/gcc-arm-none-eabi-10.3-2021.10/bin/../lib/gcc/arm-none-eabi/13.3.1/thumb/v7e-m+fp/hard\libg.a(libc_a-mprec.o)
                0x08009ab4                __mcmp
 .text.__mdiff  0x08009af8      0x178 C:/CLionToolchains/gcc-arm-none-eabi-10.3-2021.10/bin/../lib/gcc/arm-none-eabi/13.3.1/thumb/v7e-m+fp/hard\libg.a(libc_a-mprec.o)
                0x08009af8                __mdiff
 .text.__d2b    0x08009c70       0xc0 C:/CLionToolchains/gcc-arm-none-eabi-10.3-2021.10/bin/../lib/gcc/arm-none-eabi/13.3.1/thumb/v7e-m+fp/hard\libg.a(libc_a-mprec.o)
                0x08009c70                __d2b
 .text.__ascii_wctomb
                0x08009d30       0x1c C:/CLionToolchains/gcc-arm-none-eabi-10.3-2021.10/bin/../lib/gcc/arm-none-eabi/13.3.1/thumb/v7e-m+fp/hard\libg.a(libc_a-wctomb_r.o)
                0x08009d30                __ascii_wctomb
 .text._wcrtomb_r
                0x08009d4c       0x4c C:/CLionToolchains/gcc-arm-none-eabi-10.3-2021.10/bin/../lib/gcc/arm-none-eabi/13.3.1/thumb/v7e-m+fp/hard\libg.a(libc_a-wcrtomb.o)
                0x08009d4c                _wcrtomb_r
 .text._wcsrtombs_r
                0x08009d98       0x18 C:/CLionToolchains/gcc-arm-none-eabi-10.3-2021.10/bin/../lib/gcc/arm-none-eabi/13.3.1/thumb/v7e-m+fp/hard\libg.a(libc_a-wcsrtombs.o)
                0x08009d98                _wcsrtombs_r
 .text.__ssputs_r
                0x08009db0       0xc0 C:/CLionToolchains/gcc-arm-none-eabi-10.3-2021.10/bin/../lib/gcc/arm-none-eabi/13.3.1/thumb/v7e-m+fp/hard\libg.a(libc_a-ssputs_r.o)
                0x08009db0                __ssputs_r
 .text.memmove  0x08009e70      0x100 C:/CLionToolchains/gcc-arm-none-eabi-10.3-2021.10/bin/../lib/gcc/arm-none-eabi/13.3.1/thumb/v7e-m+fp/hard\libg.a(libc_a-memmove.o)
                0x08009e70                memmove
 .text.__assert_func
                0x08009f70       0x40 C:/CLionToolchains/gcc-arm-none-eabi-10.3-2021.10/bin/../lib/gcc/arm-none-eabi/13.3.1/thumb/v7e-m+fp/hard\libg.a(libc_a-assert.o)
                0x08009f70                __assert_func
 .text._calloc_r
                0x08009fb0       0x6c C:/CLionToolchains/gcc-arm-none-eabi-10.3-2021.10/bin/../lib/gcc/arm-none-eabi/13.3.1/thumb/v7e-m+fp/hard\libg.a(libc_a-callocr.o)
                0x08009fb0                _calloc_r
 .text._realloc_r
                0x0800a01c      0x344 C:/CLionToolchains/gcc-arm-none-eabi-10.3-2021.10/bin/../lib/gcc/arm-none-eabi/13.3.1/thumb/v7e-m+fp/hard\libg.a(libc_a-reallocr.o)
                0x0800a01c                _realloc_r
 .text._wcsnrtombs_l
                0x0800a360       0xfc C:/CLionToolchains/gcc-arm-none-eabi-10.3-2021.10/bin/../lib/gcc/arm-none-eabi/13.3.1/thumb/v7e-m+fp/hard\libg.a(libc_a-wcsnrtombs.o)
                0x0800a360                _wcsnrtombs_l
 .text._wcsnrtombs_r
                0x0800a45c       0x24 C:/CLionToolchains/gcc-arm-none-eabi-10.3-2021.10/bin/../lib/gcc/arm-none-eabi/13.3.1/thumb/v7e-m+fp/hard\libg.a(libc_a-wcsnrtombs.o)
                0x0800a45c                _wcsnrtombs_r
 .text.fiprintf
                0x0800a480       0x28 C:/CLionToolchains/gcc-arm-none-eabi-10.3-2021.10/bin/../lib/gcc/arm-none-eabi/13.3.1/thumb/v7e-m+fp/hard\libg.a(libc_a-fiprintf.o)
                0x0800a480                fiprintf
 .text._vfiprintf_r
                0x0800a4a8      0xe68 C:/CLionToolchains/gcc-arm-none-eabi-10.3-2021.10/bin/../lib/gcc/arm-none-eabi/13.3.1/thumb/v7e-m+fp/hard\libg.a(libc_a-vfiprintf.o)
                0x0800a4a8                _vfiprintf_r
 .text.__sbprintf
                0x0800b310       0x80 C:/CLionToolchains/gcc-arm-none-eabi-10.3-2021.10/bin/../lib/gcc/arm-none-eabi/13.3.1/thumb/v7e-m+fp/hard\libg.a(libc_a-vfiprintf.o)
 .text.__sprint_r
                0x0800b390       0x20 C:/CLionToolchains/gcc-arm-none-eabi-10.3-2021.10/bin/../lib/gcc/arm-none-eabi/13.3.1/thumb/v7e-m+fp/hard\libg.a(libc_a-sprint_r.o)
                0x0800b390                __sprint_r
 .text.__sfvwrite_r
                0x0800b3b0      0x300 C:/CLionToolchains/gcc-arm-none-eabi-10.3-2021.10/bin/../lib/gcc/arm-none-eabi/13.3.1/thumb/v7e-m+fp/hard\libg.a(libc_a-fvwrite.o)
                0x0800b3b0                __sfvwrite_r
 .text.__swsetup_r
                0x0800b6b0       0xc4 C:/CLionToolchains/gcc-arm-none-eabi-10.3-2021.10/bin/../lib/gcc/arm-none-eabi/13.3.1/thumb/v7e-m+fp/hard\libg.a(libc_a-wsetup.o)
                0x0800b6b0                __swsetup_r
 .text.abort    0x0800b774       0x10 C:/CLionToolchains/gcc-arm-none-eabi-10.3-2021.10/bin/../lib/gcc/arm-none-eabi/13.3.1/thumb/v7e-m+fp/hard\libg.a(libc_a-abort.o)
                0x0800b774                abort
 .text.__smakebuf_r
                0x0800b784       0xdc C:/CLionToolchains/gcc-arm-none-eabi-10.3-2021.10/bin/../lib/gcc/arm-none-eabi/13.3.1/thumb/v7e-m+fp/hard\libg.a(libc_a-makebuf.o)
                0x0800b784                __smakebuf_r
 .text.raise    0x0800b860       0x58 C:/CLionToolchains/gcc-arm-none-eabi-10.3-2021.10/bin/../lib/gcc/arm-none-eabi/13.3.1/thumb/v7e-m+fp/hard\libg.a(libc_a-signal.o)
                0x0800b860                raise
 .text._fstat_r
                0x0800b8b8       0x2c C:/CLionToolchains/gcc-arm-none-eabi-10.3-2021.10/bin/../lib/gcc/arm-none-eabi/13.3.1/thumb/v7e-m+fp/hard\libg.a(libc_a-fstatr.o)
                0x0800b8b8                _fstat_r
 .text._isatty_r
                0x0800b8e4       0x24 C:/CLionToolchains/gcc-arm-none-eabi-10.3-2021.10/bin/../lib/gcc/arm-none-eabi/13.3.1/thumb/v7e-m+fp/hard\libg.a(libc_a-isattyr.o)
                0x0800b8e4                _isatty_r
 .text._kill_r  0x0800b908       0x2c C:/CLionToolchains/gcc-arm-none-eabi-10.3-2021.10/bin/../lib/gcc/arm-none-eabi/13.3.1/thumb/v7e-m+fp/hard\libg.a(libc_a-signalr.o)
                0x0800b908                _kill_r
 .text._getpid_r
                0x0800b934        0x4 C:/CLionToolchains/gcc-arm-none-eabi-10.3-2021.10/bin/../lib/gcc/arm-none-eabi/13.3.1/thumb/v7e-m+fp/hard\libg.a(libc_a-signalr.o)
                0x0800b934                _getpid_r
 *(.glue_7)
 .glue_7        0x0800b938        0x0 linker stubs
 *(.glue_7t)
 .glue_7t       0x0800b938        0x0 linker stubs
 *(.eh_frame)
 .eh_frame      0x0800b938        0x0 C:/CLionToolchains/gcc-arm-none-eabi-10.3-2021.10/bin/../lib/gcc/arm-none-eabi/13.3.1/thumb/v7e-m+fp/hard/crtbegin.o
 *(.init)
 .init          0x0800b938        0x4 C:/CLionToolchains/gcc-arm-none-eabi-10.3-2021.10/bin/../lib/gcc/arm-none-eabi/13.3.1/thumb/v7e-m+fp/hard/crti.o
                0x0800b938                _init
 .init          0x0800b93c        0x8 C:/CLionToolchains/gcc-arm-none-eabi-10.3-2021.10/bin/../lib/gcc/arm-none-eabi/13.3.1/thumb/v7e-m+fp/hard/crtn.o
 *(.fini)
 .fini          0x0800b944        0x4 C:/CLionToolchains/gcc-arm-none-eabi-10.3-2021.10/bin/../lib/gcc/arm-none-eabi/13.3.1/thumb/v7e-m+fp/hard/crti.o
                0x0800b944                _fini
 .fini          0x0800b948        0x8 C:/CLionToolchains/gcc-arm-none-eabi-10.3-2021.10/bin/../lib/gcc/arm-none-eabi/13.3.1/thumb/v7e-m+fp/hard/crtn.o
                0x0800b950                        . = ALIGN (0x4)
                0x0800b950                        _etext = .

.vfp11_veneer   0x0800b950        0x0
 .vfp11_veneer  0x0800b950        0x0 linker stubs

.v4_bx          0x0800b950        0x0
 .v4_bx         0x0800b950        0x0 linker stubs

.iplt           0x0800b950        0x0
 .iplt          0x0800b950        0x0 C:/CLionToolchains/gcc-arm-none-eabi-10.3-2021.10/bin/../lib/gcc/arm-none-eabi/13.3.1/thumb/v7e-m+fp/hard/crtbegin.o

.rodata         0x0800b950      0x694
                0x0800b950                        . = ALIGN (0x4)
 *(.rodata)
 .rodata        0x0800b950      0x150 CMakeFiles/bubing_RM2025.elf.dir/Core/Src/freertos.c.obj
 *(.rodata*)
 .rodata.str1.4
                0x0800baa0      0x2bf CMakeFiles/bubing_RM2025.elf.dir/Core/Src/freertos.c.obj
                                 0xa4 (size before relaxing)
 *fill*         0x0800bd5f        0x1 
 .rodata.APBPrescTable
                0x0800bd60        0x8 CMakeFiles/bubing_RM2025.elf.dir/Core/Src/system_stm32f4xx.c.obj
                0x0800bd60                APBPrescTable
 .rodata.AHBPrescTable
                0x0800bd68       0x10 CMakeFiles/bubing_RM2025.elf.dir/Core/Src/system_stm32f4xx.c.obj
                0x0800bd68                AHBPrescTable
 .rodata.flagBitshiftOffset.0
                0x0800bd78        0x8 CMakeFiles/bubing_RM2025.elf.dir/Drivers/STM32F4xx_HAL_Driver/Src/stm32f4xx_hal_dma.c.obj
 .rodata.vTaskStartScheduler.str1.4
                0x0800bd80        0x5 CMakeFiles/bubing_RM2025.elf.dir/Middlewares/Third_Party/FreeRTOS/Source/tasks.c.obj
 .rodata.uart_sent.str1.4
                0x0800bd80       0x6a CMakeFiles/bubing_RM2025.elf.dir/code_mf/Src/DEBUG_UART.c.obj
 .rodata.Index_List
                0x0800bd80       0x1e CMakeFiles/bubing_RM2025.elf.dir/code_mf/Src/Robstride01.c.obj
                0x0800bd80                Index_List
 .rodata._svfprintf_r.str1.4
                0x0800bd9e       0x42 C:/CLionToolchains/gcc-arm-none-eabi-10.3-2021.10/bin/../lib/gcc/arm-none-eabi/13.3.1/thumb/v7e-m+fp/hard\libg.a(libc_a-svfprintf.o)
 *fill*         0x0800bd9e        0x2 
 .rodata.zeroes.0
                0x0800bda0       0x10 C:/CLionToolchains/gcc-arm-none-eabi-10.3-2021.10/bin/../lib/gcc/arm-none-eabi/13.3.1/thumb/v7e-m+fp/hard\libg.a(libc_a-svfprintf.o)
 .rodata.blanks.1
                0x0800bdb0       0x10 C:/CLionToolchains/gcc-arm-none-eabi-10.3-2021.10/bin/../lib/gcc/arm-none-eabi/13.3.1/thumb/v7e-m+fp/hard\libg.a(libc_a-svfprintf.o)
 .rodata.str1.4
                0x0800bdc0       0x4c C:/CLionToolchains/gcc-arm-none-eabi-10.3-2021.10/bin/../lib/gcc/arm-none-eabi/13.3.1/thumb/v7e-m+fp/hard\libg.a(libc_a-locale.o)
 .rodata._dtoa_r.str1.4
                0x0800bdc0       0x81 C:/CLionToolchains/gcc-arm-none-eabi-10.3-2021.10/bin/../lib/gcc/arm-none-eabi/13.3.1/thumb/v7e-m+fp/hard\libg.a(libc_a-dtoa.o)
 .rodata.__multadd.str1.4
                0x0800bdc0       0x6e C:/CLionToolchains/gcc-arm-none-eabi-10.3-2021.10/bin/../lib/gcc/arm-none-eabi/13.3.1/thumb/v7e-m+fp/hard\libg.a(libc_a-mprec.o)
 .rodata.p05.0  0x0800bdc0        0xc C:/CLionToolchains/gcc-arm-none-eabi-10.3-2021.10/bin/../lib/gcc/arm-none-eabi/13.3.1/thumb/v7e-m+fp/hard\libg.a(libc_a-mprec.o)
 *fill*         0x0800bdcc        0x4 
 .rodata.__mprec_bigtens
                0x0800bdd0       0x28 C:/CLionToolchains/gcc-arm-none-eabi-10.3-2021.10/bin/../lib/gcc/arm-none-eabi/13.3.1/thumb/v7e-m+fp/hard\libg.a(libc_a-mprec.o)
                0x0800bdd0                __mprec_bigtens
 .rodata.__mprec_tens
                0x0800bdf8       0xc8 C:/CLionToolchains/gcc-arm-none-eabi-10.3-2021.10/bin/../lib/gcc/arm-none-eabi/13.3.1/thumb/v7e-m+fp/hard\libg.a(libc_a-mprec.o)
                0x0800bdf8                __mprec_tens
 .rodata._ctype_
                0x0800bec0      0x101 C:/CLionToolchains/gcc-arm-none-eabi-10.3-2021.10/bin/../lib/gcc/arm-none-eabi/13.3.1/thumb/v7e-m+fp/hard\libg.a(libc_a-ctype_.o)
                0x0800bec0                _ctype_
 .rodata.__assert_func.str1.4
                0x0800bfc1       0x43 C:/CLionToolchains/gcc-arm-none-eabi-10.3-2021.10/bin/../lib/gcc/arm-none-eabi/13.3.1/thumb/v7e-m+fp/hard\libg.a(libc_a-assert.o)
 .rodata._vfiprintf_r.str1.4
                0x0800bfc1       0x2f C:/CLionToolchains/gcc-arm-none-eabi-10.3-2021.10/bin/../lib/gcc/arm-none-eabi/13.3.1/thumb/v7e-m+fp/hard\libg.a(libc_a-vfiprintf.o)
 *fill*         0x0800bfc1        0x3 
 .rodata.zeroes.0
                0x0800bfc4       0x10 C:/CLionToolchains/gcc-arm-none-eabi-10.3-2021.10/bin/../lib/gcc/arm-none-eabi/13.3.1/thumb/v7e-m+fp/hard\libg.a(libc_a-vfiprintf.o)
 .rodata.blanks.1
                0x0800bfd4       0x10 C:/CLionToolchains/gcc-arm-none-eabi-10.3-2021.10/bin/../lib/gcc/arm-none-eabi/13.3.1/thumb/v7e-m+fp/hard\libg.a(libc_a-vfiprintf.o)
                0x0800bfe4                        . = ALIGN (0x4)

.ARM.extab      0x0800bfe4        0x0
                0x0800bfe4                        . = ALIGN (0x4)
 *(.ARM.extab* .gnu.linkonce.armextab.*)
                0x0800bfe4                        . = ALIGN (0x4)

.ARM            0x0800bfe4        0x8
                0x0800bfe4                        . = ALIGN (0x4)
                0x0800bfe4                        __exidx_start = .
 *(.ARM.exidx*)
 .ARM.exidx     0x0800bfe4        0x8 C:/CLionToolchains/gcc-arm-none-eabi-10.3-2021.10/bin/../lib/gcc/arm-none-eabi/13.3.1/thumb/v7e-m+fp/hard\libg.a(libc_a-memcpy.o)
 .ARM.exidx     0x0800bfec        0x0 C:/CLionToolchains/gcc-arm-none-eabi-10.3-2021.10/bin/../lib/gcc/arm-none-eabi/13.3.1/thumb/v7e-m+fp/hard\libg.a(libc_a-memchr.o)
                                  0x8 (size before relaxing)
 .ARM.exidx     0x0800bfec        0x0 C:/CLionToolchains/gcc-arm-none-eabi-10.3-2021.10/bin/../lib/gcc/arm-none-eabi/13.3.1/thumb/v7e-m+fp/hard\libg.a(libc_a-strlen.o)
                                  0x8 (size before relaxing)
 .ARM.exidx.text.__udivmoddi4
                0x0800bfec        0x0 C:/CLionToolchains/gcc-arm-none-eabi-10.3-2021.10/bin/../lib/gcc/arm-none-eabi/13.3.1/thumb/v7e-m+fp/hard\libgcc.a(_udivmoddi4.o)
                                  0x8 (size before relaxing)
                0x0800bfec                        __exidx_end = .
                0x0800bfec                        . = ALIGN (0x4)

.preinit_array  0x0800bfec        0x0
                0x0800bfec                        . = ALIGN (0x4)
                0x0800bfec                        PROVIDE (__preinit_array_start = .)
 *(.preinit_array*)
                0x0800bfec                        PROVIDE (__preinit_array_end = .)
                0x0800bfec                        . = ALIGN (0x4)

.init_array     0x0800bfec        0x8
                0x0800bfec                        . = ALIGN (0x4)
                0x0800bfec                        PROVIDE (__init_array_start = .)
 *(SORT_BY_NAME(.init_array.*))
 .init_array.00000
                0x0800bfec        0x4 C:/CLionToolchains/gcc-arm-none-eabi-10.3-2021.10/bin/../lib/gcc/arm-none-eabi/13.3.1/thumb/v7e-m+fp/hard\libg.a(libc_a-__call_atexit.o)
 *(.init_array*)
 .init_array    0x0800bff0        0x4 C:/CLionToolchains/gcc-arm-none-eabi-10.3-2021.10/bin/../lib/gcc/arm-none-eabi/13.3.1/thumb/v7e-m+fp/hard/crtbegin.o
                0x0800bff4                        PROVIDE (__init_array_end = .)
                0x0800bff4                        . = ALIGN (0x4)

.fini_array     0x0800bff4        0x4
                0x0800bff4                        . = ALIGN (0x4)
                0x0800bff4                        PROVIDE (__fini_array_start = .)
 *(SORT_BY_NAME(.fini_array.*))
 *(.fini_array*)
 .fini_array    0x0800bff4        0x4 C:/CLionToolchains/gcc-arm-none-eabi-10.3-2021.10/bin/../lib/gcc/arm-none-eabi/13.3.1/thumb/v7e-m+fp/hard/crtbegin.o
                0x0800bff8                        PROVIDE (__fini_array_end = .)
                0x0800bff8                        . = ALIGN (0x4)
                0x0800bff8                        _sidata = LOADADDR (.data)

.rel.dyn        0x0800bff8        0x0
 .rel.iplt      0x0800bff8        0x0 C:/CLionToolchains/gcc-arm-none-eabi-10.3-2021.10/bin/../lib/gcc/arm-none-eabi/13.3.1/thumb/v7e-m+fp/hard/crtbegin.o

.data           0x20000000      0x7c4 load address 0x0800bff8
                0x20000000                        . = ALIGN (0x4)
                0x20000000                        _sdata = .
 *(.data)
 *(.data*)
 .data.RobStride_01
                0x20000000       0xe0 CMakeFiles/bubing_RM2025.elf.dir/Core/Src/main.c.obj
                0x20000000                RobStride_01
 .data.SystemCoreClock
                0x200000e0        0x4 CMakeFiles/bubing_RM2025.elf.dir/Core/Src/system_stm32f4xx.c.obj
                0x200000e0                SystemCoreClock
 .data.uwTickFreq
                0x200000e4        0x1 CMakeFiles/bubing_RM2025.elf.dir/Drivers/STM32F4xx_HAL_Driver/Src/stm32f4xx_hal.c.obj
                0x200000e4                uwTickFreq
 *fill*         0x200000e5        0x3 
 .data.uwTickPrio
                0x200000e8        0x4 CMakeFiles/bubing_RM2025.elf.dir/Drivers/STM32F4xx_HAL_Driver/Src/stm32f4xx_hal.c.obj
                0x200000e8                uwTickPrio
 .data.uxCriticalNesting
                0x200000ec        0x4 CMakeFiles/bubing_RM2025.elf.dir/Middlewares/Third_Party/FreeRTOS/Source/portable/GCC/ARM_CM4F/port.c.obj
 .data.__sglue  0x200000f0        0xc C:/CLionToolchains/gcc-arm-none-eabi-10.3-2021.10/bin/../lib/gcc/arm-none-eabi/13.3.1/thumb/v7e-m+fp/hard\libg.a(libc_a-findfp.o)
                0x200000f0                __sglue
 .data._impure_ptr
                0x200000fc        0x4 C:/CLionToolchains/gcc-arm-none-eabi-10.3-2021.10/bin/../lib/gcc/arm-none-eabi/13.3.1/thumb/v7e-m+fp/hard\libg.a(libc_a-impure.o)
                0x200000fc                _impure_ptr
 .data._impure_data
                0x20000100      0x140 C:/CLionToolchains/gcc-arm-none-eabi-10.3-2021.10/bin/../lib/gcc/arm-none-eabi/13.3.1/thumb/v7e-m+fp/hard\libg.a(libc_a-impure.o)
                0x20000100                _impure_data
 .data.__atexit_recursive_mutex
                0x20000240        0x4 C:/CLionToolchains/gcc-arm-none-eabi-10.3-2021.10/bin/../lib/gcc/arm-none-eabi/13.3.1/thumb/v7e-m+fp/hard\libg.a(libc_a-__call_atexit.o)
                0x20000240                __atexit_recursive_mutex
 .data.__malloc_sbrk_base
                0x20000244        0x4 C:/CLionToolchains/gcc-arm-none-eabi-10.3-2021.10/bin/../lib/gcc/arm-none-eabi/13.3.1/thumb/v7e-m+fp/hard\libg.a(libc_a-mallocr.o)
                0x20000244                __malloc_sbrk_base
 .data.__malloc_trim_threshold
                0x20000248        0x4 C:/CLionToolchains/gcc-arm-none-eabi-10.3-2021.10/bin/../lib/gcc/arm-none-eabi/13.3.1/thumb/v7e-m+fp/hard\libg.a(libc_a-mallocr.o)
                0x20000248                __malloc_trim_threshold
 *fill*         0x2000024c        0x4 
 .data.__malloc_av_
                0x20000250      0x408 C:/CLionToolchains/gcc-arm-none-eabi-10.3-2021.10/bin/../lib/gcc/arm-none-eabi/13.3.1/thumb/v7e-m+fp/hard\libg.a(libc_a-mallocr.o)
                0x20000250                __malloc_av_
 .data.__global_locale
                0x20000658      0x16c C:/CLionToolchains/gcc-arm-none-eabi-10.3-2021.10/bin/../lib/gcc/arm-none-eabi/13.3.1/thumb/v7e-m+fp/hard\libg.a(libc_a-locale.o)
                0x20000658                __global_locale
 *(.RamFunc)
 *(.RamFunc*)
                0x200007c4                        . = ALIGN (0x4)
                0x200007c4                        _edata = .
                0x0800c7bc                        _siccmram = LOADADDR (.ccmram)

.tm_clone_table
                0x200007c4        0x0 load address 0x0800c7bc
 .tm_clone_table
                0x200007c4        0x0 C:/CLionToolchains/gcc-arm-none-eabi-10.3-2021.10/bin/../lib/gcc/arm-none-eabi/13.3.1/thumb/v7e-m+fp/hard/crtbegin.o
 .tm_clone_table
                0x200007c4        0x0 C:/CLionToolchains/gcc-arm-none-eabi-10.3-2021.10/bin/../lib/gcc/arm-none-eabi/13.3.1/thumb/v7e-m+fp/hard/crtend.o

.igot.plt       0x200007c4        0x0 load address 0x0800c7bc
 .igot.plt      0x200007c4        0x0 C:/CLionToolchains/gcc-arm-none-eabi-10.3-2021.10/bin/../lib/gcc/arm-none-eabi/13.3.1/thumb/v7e-m+fp/hard/crtbegin.o

.ccmram         0x10000000        0x0 load address 0x0800c7bc
                0x10000000                        . = ALIGN (0x4)
                0x10000000                        _sccmram = .
 *(.ccmram)
 *(.ccmram*)
                0x10000000                        . = ALIGN (0x4)
                0x10000000                        _eccmram = .
                0x10000000                        . = ALIGN (0x4)

.bss            0x200007c8     0x4860
                0x200007c8                        _sbss = .
                0x200007c8                        __bss_start__ = _sbss
 *(.bss)
 *(.bss*)
 .bss.completed.1
                0x200007c8        0x1 C:/CLionToolchains/gcc-arm-none-eabi-10.3-2021.10/bin/../lib/gcc/arm-none-eabi/13.3.1/thumb/v7e-m+fp/hard/crtbegin.o
 *fill*         0x200007c9        0x3 
 .bss.object.0  0x200007cc       0x18 C:/CLionToolchains/gcc-arm-none-eabi-10.3-2021.10/bin/../lib/gcc/arm-none-eabi/13.3.1/thumb/v7e-m+fp/hard/crtbegin.o
 .bss.hcan1     0x200007e4       0x28 CMakeFiles/bubing_RM2025.elf.dir/Core/Src/can.c.obj
                0x200007e4                hcan1
 .bss.xIdleStack
                0x2000080c      0x200 CMakeFiles/bubing_RM2025.elf.dir/Core/Src/freertos.c.obj
 *fill*         0x20000a0c        0x4 
 .bss.xIdleTaskTCBBuffer
                0x20000a10      0x198 CMakeFiles/bubing_RM2025.elf.dir/Core/Src/freertos.c.obj
 .bss.imu_dataHandle
                0x20000ba8        0x4 CMakeFiles/bubing_RM2025.elf.dir/Core/Src/freertos.c.obj
                0x20000ba8                imu_dataHandle
 .bss.servoHandle
                0x20000bac        0x4 CMakeFiles/bubing_RM2025.elf.dir/Core/Src/freertos.c.obj
                0x20000bac                servoHandle
 .bss.refereeHandle
                0x20000bb0        0x4 CMakeFiles/bubing_RM2025.elf.dir/Core/Src/freertos.c.obj
                0x20000bb0                refereeHandle
 .bss.shoot_con_taskHandle
                0x20000bb4        0x4 CMakeFiles/bubing_RM2025.elf.dir/Core/Src/freertos.c.obj
                0x20000bb4                shoot_con_taskHandle
 .bss.gimbalTaskHandle
                0x20000bb8        0x4 CMakeFiles/bubing_RM2025.elf.dir/Core/Src/freertos.c.obj
                0x20000bb8                gimbalTaskHandle
 .bss.chassisMotorTasHandle
                0x20000bbc        0x4 CMakeFiles/bubing_RM2025.elf.dir/Core/Src/freertos.c.obj
                0x20000bbc                chassisMotorTasHandle
 .bss.err_dec_taskHandle
                0x20000bc0        0x4 CMakeFiles/bubing_RM2025.elf.dir/Core/Src/freertos.c.obj
                0x20000bc0                err_dec_taskHandle
 .bss.can_sent_taskHandle
                0x20000bc4        0x4 CMakeFiles/bubing_RM2025.elf.dir/Core/Src/freertos.c.obj
                0x20000bc4                can_sent_taskHandle
 .bss.get_data_taskHandle
                0x20000bc8        0x4 CMakeFiles/bubing_RM2025.elf.dir/Core/Src/freertos.c.obj
                0x20000bc8                get_data_taskHandle
 .bss.uart_sent_testHandle
                0x20000bcc        0x4 CMakeFiles/bubing_RM2025.elf.dir/Core/Src/freertos.c.obj
                0x20000bcc                uart_sent_testHandle
 .bss.board_LED_taskHandle
                0x20000bd0        0x4 CMakeFiles/bubing_RM2025.elf.dir/Core/Src/freertos.c.obj
                0x20000bd0                board_LED_taskHandle
 .bss.defaultTaskHandle
                0x20000bd4        0x4 CMakeFiles/bubing_RM2025.elf.dir/Core/Src/freertos.c.obj
                0x20000bd4                defaultTaskHandle
 .bss.RxData    0x20000bd8        0x8 CMakeFiles/bubing_RM2025.elf.dir/Core/Src/main.c.obj
                0x20000bd8                RxData
 .bss.RXHeader  0x20000be0       0x1c CMakeFiles/bubing_RM2025.elf.dir/Core/Src/main.c.obj
                0x20000be0                RXHeader
 .bss.CAN_FilterStrue
                0x20000bfc       0x28 CMakeFiles/bubing_RM2025.elf.dir/Core/Src/main.c.obj
                0x20000bfc                CAN_FilterStrue
 .bss.htim7     0x20000c24       0x48 CMakeFiles/bubing_RM2025.elf.dir/Core/Src/stm32f4xx_hal_timebase_tim.c.obj
                0x20000c24                htim7
 .bss.__sbrk_heap_end
                0x20000c6c        0x4 CMakeFiles/bubing_RM2025.elf.dir/Core/Src/sysmem.c.obj
 .bss.htim8     0x20000c70       0x48 CMakeFiles/bubing_RM2025.elf.dir/Core/Src/tim.c.obj
                0x20000c70                htim8
 .bss.htim1     0x20000cb8       0x48 CMakeFiles/bubing_RM2025.elf.dir/Core/Src/tim.c.obj
                0x20000cb8                htim1
 .bss.hdma_usart6_rx
                0x20000d00       0x60 CMakeFiles/bubing_RM2025.elf.dir/Core/Src/usart.c.obj
                0x20000d00                hdma_usart6_rx
 .bss.hdma_usart6_tx
                0x20000d60       0x60 CMakeFiles/bubing_RM2025.elf.dir/Core/Src/usart.c.obj
                0x20000d60                hdma_usart6_tx
 .bss.hdma_usart1_rx
                0x20000dc0       0x60 CMakeFiles/bubing_RM2025.elf.dir/Core/Src/usart.c.obj
                0x20000dc0                hdma_usart1_rx
 .bss.huart6    0x20000e20       0x48 CMakeFiles/bubing_RM2025.elf.dir/Core/Src/usart.c.obj
                0x20000e20                huart6
 .bss.huart1    0x20000e68       0x48 CMakeFiles/bubing_RM2025.elf.dir/Core/Src/usart.c.obj
                0x20000e68                huart1
 .bss.uwTick    0x20000eb0        0x4 CMakeFiles/bubing_RM2025.elf.dir/Drivers/STM32F4xx_HAL_Driver/Src/stm32f4xx_hal.c.obj
                0x20000eb0                uwTick
 .bss.ulMaxPRIGROUPValue
                0x20000eb4        0x4 CMakeFiles/bubing_RM2025.elf.dir/Middlewares/Third_Party/FreeRTOS/Source/portable/GCC/ARM_CM4F/port.c.obj
 .bss.ucMaxSysCallPriority
                0x20000eb8        0x1 CMakeFiles/bubing_RM2025.elf.dir/Middlewares/Third_Party/FreeRTOS/Source/portable/GCC/ARM_CM4F/port.c.obj
 *fill*         0x20000eb9        0x3 
 .bss.xBlockAllocatedBit
                0x20000ebc        0x4 CMakeFiles/bubing_RM2025.elf.dir/Middlewares/Third_Party/FreeRTOS/Source/portable/MemMang/heap_4.c.obj
 .bss.xNumberOfSuccessfulFrees
                0x20000ec0        0x4 CMakeFiles/bubing_RM2025.elf.dir/Middlewares/Third_Party/FreeRTOS/Source/portable/MemMang/heap_4.c.obj
 .bss.xNumberOfSuccessfulAllocations
                0x20000ec4        0x4 CMakeFiles/bubing_RM2025.elf.dir/Middlewares/Third_Party/FreeRTOS/Source/portable/MemMang/heap_4.c.obj
 .bss.xMinimumEverFreeBytesRemaining
                0x20000ec8        0x4 CMakeFiles/bubing_RM2025.elf.dir/Middlewares/Third_Party/FreeRTOS/Source/portable/MemMang/heap_4.c.obj
 .bss.xFreeBytesRemaining
                0x20000ecc        0x4 CMakeFiles/bubing_RM2025.elf.dir/Middlewares/Third_Party/FreeRTOS/Source/portable/MemMang/heap_4.c.obj
 .bss.pxEnd     0x20000ed0        0x4 CMakeFiles/bubing_RM2025.elf.dir/Middlewares/Third_Party/FreeRTOS/Source/portable/MemMang/heap_4.c.obj
 .bss.xStart    0x20000ed4        0x8 CMakeFiles/bubing_RM2025.elf.dir/Middlewares/Third_Party/FreeRTOS/Source/portable/MemMang/heap_4.c.obj
 .bss.ucHeap    0x20000edc     0x3c00 CMakeFiles/bubing_RM2025.elf.dir/Middlewares/Third_Party/FreeRTOS/Source/portable/MemMang/heap_4.c.obj
 .bss.uxSchedulerSuspended
                0x20004adc        0x4 CMakeFiles/bubing_RM2025.elf.dir/Middlewares/Third_Party/FreeRTOS/Source/tasks.c.obj
 .bss.xIdleTaskHandle
                0x20004ae0        0x4 CMakeFiles/bubing_RM2025.elf.dir/Middlewares/Third_Party/FreeRTOS/Source/tasks.c.obj
 .bss.xNextTaskUnblockTime
                0x20004ae4        0x4 CMakeFiles/bubing_RM2025.elf.dir/Middlewares/Third_Party/FreeRTOS/Source/tasks.c.obj
 .bss.uxTaskNumber
                0x20004ae8        0x4 CMakeFiles/bubing_RM2025.elf.dir/Middlewares/Third_Party/FreeRTOS/Source/tasks.c.obj
 .bss.xNumOfOverflows
                0x20004aec        0x4 CMakeFiles/bubing_RM2025.elf.dir/Middlewares/Third_Party/FreeRTOS/Source/tasks.c.obj
 .bss.xYieldPending
                0x20004af0        0x4 CMakeFiles/bubing_RM2025.elf.dir/Middlewares/Third_Party/FreeRTOS/Source/tasks.c.obj
 .bss.xPendedTicks
                0x20004af4        0x4 CMakeFiles/bubing_RM2025.elf.dir/Middlewares/Third_Party/FreeRTOS/Source/tasks.c.obj
 .bss.xSchedulerRunning
                0x20004af8        0x4 CMakeFiles/bubing_RM2025.elf.dir/Middlewares/Third_Party/FreeRTOS/Source/tasks.c.obj
 .bss.uxTopReadyPriority
                0x20004afc        0x4 CMakeFiles/bubing_RM2025.elf.dir/Middlewares/Third_Party/FreeRTOS/Source/tasks.c.obj
 .bss.xTickCount
                0x20004b00        0x4 CMakeFiles/bubing_RM2025.elf.dir/Middlewares/Third_Party/FreeRTOS/Source/tasks.c.obj
 .bss.uxCurrentNumberOfTasks
                0x20004b04        0x4 CMakeFiles/bubing_RM2025.elf.dir/Middlewares/Third_Party/FreeRTOS/Source/tasks.c.obj
 .bss.xSuspendedTaskList
                0x20004b08       0x14 CMakeFiles/bubing_RM2025.elf.dir/Middlewares/Third_Party/FreeRTOS/Source/tasks.c.obj
 .bss.uxDeletedTasksWaitingCleanUp
                0x20004b1c        0x4 CMakeFiles/bubing_RM2025.elf.dir/Middlewares/Third_Party/FreeRTOS/Source/tasks.c.obj
 .bss.xTasksWaitingTermination
                0x20004b20       0x14 CMakeFiles/bubing_RM2025.elf.dir/Middlewares/Third_Party/FreeRTOS/Source/tasks.c.obj
 .bss.xPendingReadyList
                0x20004b34       0x14 CMakeFiles/bubing_RM2025.elf.dir/Middlewares/Third_Party/FreeRTOS/Source/tasks.c.obj
 .bss.pxOverflowDelayedTaskList