Component: ARM Compiler 5.06 update 7 (build 960) Tool: armlink [4d3601]

==============================================================================

Section Cross References

    startup_stm32f407xx.o(STACK) refers (Special) to heapauxi.o(.text) for __use_two_region_memory
    startup_stm32f407xx.o(HEAP) refers (Special) to heapauxi.o(.text) for __use_two_region_memory
    startup_stm32f407xx.o(RESET) refers (Special) to heapauxi.o(.text) for __use_two_region_memory
    startup_stm32f407xx.o(RESET) refers to startup_stm32f407xx.o(STACK) for __initial_sp
    startup_stm32f407xx.o(RESET) refers to startup_stm32f407xx.o(.text) for Reset_Handler
    startup_stm32f407xx.o(RESET) refers to stm32f4xx_it.o(i.NMI_Handler) for NMI_Handler
    startup_stm32f407xx.o(RESET) refers to stm32f4xx_it.o(i.HardFault_Handler) for HardFault_Handler
    startup_stm32f407xx.o(RESET) refers to stm32f4xx_it.o(i.MemManage_Handler) for MemManage_Handler
    startup_stm32f407xx.o(RESET) refers to stm32f4xx_it.o(i.BusFault_Handler) for BusFault_Handler
    startup_stm32f407xx.o(RESET) refers to stm32f4xx_it.o(i.UsageFault_Handler) for UsageFault_Handler
    startup_stm32f407xx.o(RESET) refers to stm32f4xx_it.o(i.SVC_Handler) for SVC_Handler
    startup_stm32f407xx.o(RESET) refers to stm32f4xx_it.o(i.DebugMon_Handler) for DebugMon_Handler
    startup_stm32f407xx.o(RESET) refers to stm32f4xx_it.o(i.PendSV_Handler) for PendSV_Handler
    startup_stm32f407xx.o(RESET) refers to stm32f4xx_it.o(i.SysTick_Handler) for SysTick_Handler
    startup_stm32f407xx.o(RESET) refers to stm32f4xx_it.o(i.CAN1_RX0_IRQHandler) for CAN1_RX0_IRQHandler
    startup_stm32f407xx.o(RESET) refers to stm32f4xx_it.o(i.USART1_IRQHandler) for USART1_IRQHandler
    startup_stm32f407xx.o(RESET) refers to stm32f4xx_it.o(i.TIM8_BRK_TIM12_IRQHandler) for TIM8_BRK_TIM12_IRQHandler
    startup_stm32f407xx.o(RESET) refers to stm32f4xx_it.o(i.TIM7_IRQHandler) for TIM7_IRQHandler
    startup_stm32f407xx.o(RESET) refers to stm32f4xx_it.o(i.DMA2_Stream1_IRQHandler) for DMA2_Stream1_IRQHandler
    startup_stm32f407xx.o(RESET) refers to stm32f4xx_it.o(i.DMA2_Stream2_IRQHandler) for DMA2_Stream2_IRQHandler
    startup_stm32f407xx.o(RESET) refers to stm32f4xx_it.o(i.DMA2_Stream6_IRQHandler) for DMA2_Stream6_IRQHandler
    startup_stm32f407xx.o(RESET) refers to stm32f4xx_it.o(i.USART6_IRQHandler) for USART6_IRQHandler
    startup_stm32f407xx.o(.text) refers (Special) to heapauxi.o(.text) for __use_two_region_memory
    startup_stm32f407xx.o(.text) refers to system_stm32f4xx.o(i.SystemInit) for SystemInit
    startup_stm32f407xx.o(.text) refers to __main.o(!!!main) for __main
    startup_stm32f407xx.o(.text) refers to startup_stm32f407xx.o(HEAP) for Heap_Mem
    startup_stm32f407xx.o(.text) refers to startup_stm32f407xx.o(STACK) for Stack_Mem
    main.o(i.HAL_CAN_RxFifo0MsgPendingCallback) refers to stm32f4xx_hal_can.o(i.HAL_CAN_GetRxMessage) for HAL_CAN_GetRxMessage
    main.o(i.HAL_CAN_RxFifo0MsgPendingCallback) refers to robstride01.o(i._ZN15RobStride_Motor24RobStride_Motor_AnalysisEPhj) for RobStride_Motor::RobStride_Motor_Analysis(unsigned char*, unsigned)
    main.o(i.HAL_CAN_RxFifo0MsgPendingCallback) refers to main.o(.data) for .data
    main.o(i.HAL_CAN_RxFifo0MsgPendingCallback) refers to main.o(.bss) for .bss
    main.o(i.HAL_TIM_PeriodElapsedCallback) refers to sinf.o(i.__hardfp_sinf) for __hardfp_sinf
    main.o(i.HAL_TIM_PeriodElapsedCallback) refers to stm32f4xx_hal.o(i.HAL_IncTick) for HAL_IncTick
    main.o(i.HAL_TIM_PeriodElapsedCallback) refers to tim.o(.bss) for htim12
    main.o(i.HAL_TIM_PeriodElapsedCallback) refers to main.o(.data) for .data
    main.o(i._Z18SystemClock_Configv) refers to rt_memclr_w.o(.text) for __aeabi_memclr4
    main.o(i._Z18SystemClock_Configv) refers to stm32f4xx_hal_rcc.o(i.HAL_RCC_OscConfig) for HAL_RCC_OscConfig
    main.o(i._Z18SystemClock_Configv) refers to stm32f4xx_hal_rcc.o(i.HAL_RCC_ClockConfig) for HAL_RCC_ClockConfig
    main.o(i.__sti___6_main_c_035040fe) refers to robstride01.o(i._ZN15RobStride_MotorC1Ehb) for RobStride_Motor::RobStride_Motor(unsigned char, bool)
    main.o(i.__sti___6_main_c_035040fe) refers to main.o(.bss) for .bss
    main.o(i.main) refers to stm32f4xx_hal.o(i.HAL_Init) for HAL_Init
    main.o(i.main) refers to main.o(i._Z18SystemClock_Configv) for SystemClock_Config()
    main.o(i.main) refers to gpio.o(i.MX_GPIO_Init) for MX_GPIO_Init
    main.o(i.main) refers to dma.o(i.MX_DMA_Init) for MX_DMA_Init
    main.o(i.main) refers to usart.o(i.MX_USART6_UART_Init) for MX_USART6_UART_Init
    main.o(i.main) refers to can.o(i.MX_CAN1_Init) for MX_CAN1_Init
    main.o(i.main) refers to usart.o(i.MX_USART1_UART_Init) for MX_USART1_UART_Init
    main.o(i.main) refers to tim.o(i.MX_TIM1_Init) for MX_TIM1_Init
    main.o(i.main) refers to tim.o(i.MX_TIM8_Init) for MX_TIM8_Init
    main.o(i.main) refers to tim.o(i.MX_TIM12_Init) for MX_TIM12_Init
[...]
    __Vectors                                0x08000000   Data           4  startup_stm32f407xx.o(RESET)
    __Vectors_End                            0x08000188   Data           0  startup_stm32f407xx.o(RESET)
    __main                                   0x08000189   Thumb Code     8  __main.o(!!!main)
    __scatterload                            0x08000191   Thumb Code     0  __scatter.o(!!!scatter)
    __scatterload_rt2                        0x08000191   Thumb Code    44  __scatter.o(!!!scatter)
    __scatterload_rt2_thumb_only             0x08000191   Thumb Code     0  __scatter.o(!!!scatter)
    __scatterload_null                       0x0800019f   Thumb Code     0  __scatter.o(!!!scatter)
    __scatterload_copy                       0x080001c5   Thumb Code    26  __scatter_copy.o(!!handler_copy)
    __scatterload_zeroinit                   0x080001e1   Thumb Code    28  __scatter_zi.o(!!handler_zi)
    _printf_n                                0x080001fd   Thumb Code     0  _printf_n.o(.ARM.Collect$$_printf_percent$$00000001)
    _printf_percent                          0x080001fd   Thumb Code     0  _printf_percent.o(.ARM.Collect$$_printf_percent$$00000000)
    _printf_p                                0x08000203   Thumb Code     0  _printf_p.o(.ARM.Collect$$_printf_percent$$00000002)
    _printf_f                                0x08000209   Thumb Code     0  _printf_f.o(.ARM.Collect$$_printf_percent$$00000003)
    _printf_e                                0x0800020f   Thumb Code     0  _printf_e.o(.ARM.Collect$$_printf_percent$$00000004)
    _printf_g                                0x08000215   Thumb Code     0  _printf_g.o(.ARM.Collect$$_printf_percent$$00000005)
    _printf_a                                0x0800021b   Thumb Code     0  _printf_a.o(.ARM.Collect$$_printf_percent$$00000006)
    _printf_ll                               0x08000221   Thumb Code     0  _printf_ll.o(.ARM.Collect$$_printf_percent$$00000007)
    _printf_i                                0x0800022b   Thumb Code     0  _printf_i.o(.ARM.Collect$$_printf_percent$$00000008)
    _printf_d                                0x08000231   Thumb Code     0  _printf_d.o(.ARM.Collect$$_printf_percent$$00000009)
    _printf_u                                0x08000237   Thumb Code     0  _printf_u.o(.ARM.Collect$$_printf_percent$$0000000A)
    _printf_o                                0x0800023d   Thumb Code     0  _printf_o.o(.ARM.Collect$$_printf_percent$$0000000B)
    _printf_x                                0x08000243   Thumb Code     0  _printf_x.o(.ARM.Collect$$_printf_percent$$0000000C)
    _printf_lli                              0x08000249   Thumb Code     0  _printf_lli.o(.ARM.Collect$$_printf_percent$$0000000D)
    _printf_lld                              0x0800024f   Thumb Code     0  _printf_lld.o(.ARM.Collect$$_printf_percent$$0000000E)
    _printf_llu                              0x08000255   Thumb Code     0  _printf_llu.o(.ARM.Collect$$_printf_percent$$0000000F)
    _printf_llo                              0x0800025b   Thumb Code     0  _printf_llo.o(.ARM.Collect$$_printf_percent$$00000010)
    _printf_llx                              0x08000261   Thumb Code     0  _printf_llx.o(.ARM.Collect$$_printf_percent$$00000011)
    _printf_l                                0x08000267   Thumb Code     0  _printf_l.o(.ARM.Collect$$_printf_percent$$00000012)
    _printf_c                                0x08000271   Thumb Code     0  _printf_c.o(.ARM.Collect$$_printf_percent$$00000013)
    _printf_s                                0x08000277   Thumb Code     0  _printf_s.o(.ARM.Collect$$_printf_percent$$00000014)
    _printf_lc                               0x0800027d   Thumb Code     0  _printf_lc.o(.ARM.Collect$$_printf_percent$$00000015)
    _printf_ls                               0x08000283   Thumb Code     0  _printf_ls.o(.ARM.Collect$$_printf_percent$$00000016)
    _printf_percent_end                      0x08000289   Thumb Code     0  _printf_percent_end.o(.ARM.Collect$$_printf_percent$$00000017)
    __rt_lib_init                            0x0800028d   Thumb Code     0  libinit.o(.ARM.Collect$$libinit$$00000000)
    __rt_lib_init_fp_1                       0x0800028f   Thumb Code     0  libinit2.o(.ARM.Collect$$libinit$$00000001)
    __rt_lib_init_heap_1                     0x08000293   Thumb Code     0  libinit2.o(.ARM.Collect$$libinit$$0000000A)
    __rt_lib_init_lc_common                  0x08000293   Thumb Code     0  libinit2.o(.ARM.Collect$$libinit$$0000000F)
    __rt_lib_init_preinit_1                  0x08000293   Thumb Code     0  libinit2.o(.ARM.Collect$$libinit$$00000004)
    __rt_lib_init_rand_1                     0x08000293   Thumb Code     0  libinit2.o(.ARM.Collect$$libinit$$0000000E)
    __rt_lib_init_user_alloc_1               0x08000293   Thumb Code     0  libinit2.o(.ARM.Collect$$libinit$$0000000C)
    __rt_lib_init_lc_collate_1               0x08000299   Thumb Code     0  libinit2.o(.ARM.Collect$$libinit$$00000011)
    __rt_lib_init_lc_ctype_2                 0x08000299   Thumb Code     0  libinit2.o(.ARM.Collect$$libinit$$00000012)
    __rt_lib_init_lc_ctype_1                 0x080002a5   Thumb Code     0  libinit2.o(.ARM.Collect$$libinit$$00000013)
    __rt_lib_init_lc_monetary_1              0x080002a5   Thumb Code     0  libinit2.o(.ARM.Collect$$libinit$$00000015)
    __rt_lib_init_lc_numeric_2               0x080002a5   Thumb Code     0  libinit2.o(.ARM.Collect$$libinit$$00000016)
    __rt_lib_init_alloca_1                   0x080002af   Thumb Code     0  libinit2.o(.ARM.Collect$$libinit$$0000002E)
    __rt_lib_init_argv_1                     0x080002af   Thumb Code     0  libinit2.o(.ARM.Collect$$libinit$$0000002C)
    __rt_lib_init_atexit_1                   0x080002af   Thumb Code     0  libinit2.o(.ARM.Collect$$libinit$$0000001B)
    __rt_lib_init_clock_1                    0x080002af   Thumb Code     0  libinit2.o(.ARM.Collect$$libinit$$00000021)
    __rt_lib_init_cpp_2                      0x080002af   Thumb Code     0  libinit2.o(.ARM.Collect$$libinit$$00000031)
    __rt_lib_init_exceptions_1               0x080002af   Thumb Code     0  libinit2.o(.ARM.Collect$$libinit$$00000030)
    __rt_lib_init_fp_trap_1                  0x080002af   Thumb Code     0  libinit2.o(.ARM.Collect$$libinit$$0000001F)
    __rt_lib_init_getenv_1                   0x080002af   Thumb Code     0  libinit2.o(.ARM.Collect$$libinit$$00000023)
    __rt_lib_init_lc_numeric_1               0x080002af   Thumb Code     0  libinit2.o(.ARM.Collect$$libinit$$00000017)
    __rt_lib_init_lc_time_1                  0x080002af   Thumb Code     0  libinit2.o(.ARM.Collect$$libinit$$00000019)
    __rt_lib_init_signal_1                   0x080002af   Thumb Code     0  libinit2.o(.ARM.Collect$$libinit$$0000001D)
    __rt_lib_init_stdio_1                    0x080002af   Thumb Code     0  libinit2.o(.ARM.Collect$$libinit$$00000025)
    __rt_lib_init_cpp_1                      0x080002b3   Thumb Code     0  libinit2.o(.ARM.Collect$$libinit$$00000032)
    __rt_lib_init_return                     0x080002b3   Thumb Code     0  libinit2.o(.ARM.Collect$$libinit$$00000033)
    __rt_lib_shutdown                        0x080002b5   Thumb Code     0  libshutdown.o(.ARM.Collect$$libshutdown$$00000000)
    __rt_lib_shutdown_cpp_1                  0x080002b7   Thumb Code     0  libshutdown2.o(.ARM.Collect$$libshutdown$$00000004)
    __rt_lib_shutdown_fini_1                 0x080002b7   Thumb Code     0  libshutdown2.o(.ARM.Collect$$libshutdown$$00000002)
    __rt_lib_shutdown_fp_trap_1              0x080002b7   Thumb Code     0  libshutdown2.o(.ARM.Collect$$libshutdown$$00000009)
    __rt_lib_shutdown_heap_1                 0x080002b7   Thumb Code     0  libshutdown2.o(.ARM.Collect$$libshutdown$$00000011)
    __rt_lib_shutdown_return                 0x080002b7   Thumb Code     0  libshutdown2.o(.ARM.Collect$$libshutdown$$00000012)
    __rt_lib_shutdown_signal_1               0x080002b7   Thumb Code     0  libshutdown2.o(.ARM.Collect$$libshutdown$$0000000C)
    __rt_lib_shutdown_stdio_1                0x080002b7   Thumb Code     0  libshutdown2.o(.ARM.Collect$$libshutdown$$00000006)
    __rt_lib_shutdown_user_alloc_1           0x080002b7   Thumb Code     0  libshutdown2.o(.ARM.Collect$$libshutdown$$0000000E)
    __rt_entry                               0x080002b9   Thumb Code     0  __rtentry.o(.ARM.Collect$$rtentry$$00000000)
    __rt_entry_presh_1                       0x080002b9   Thumb Code     0  __rtentry2.o(.ARM.Collect$$rtentry$$00000002)
    __rt_entry_sh                            0x080002b9   Thumb Code     0  __rtentry4.o(.ARM.Collect$$rtentry$$00000004)
    __rt_entry_li                            0x080002bf   Thumb Code     0  __rtentry2.o(.ARM.Collect$$rtentry$$0000000A)
    __rt_entry_postsh_1                      0x080002bf   Thumb Code     0  __rtentry2.o(.ARM.Collect$$rtentry$$00000009)
    __rt_entry_main                          0x080002c3   Thumb Code     0  __rtentry2.o(.ARM.Collect$$rtentry$$0000000D)
    __rt_entry_postli_1                      0x080002c3   Thumb Code     0  __rtentry2.o(.ARM.Collect$$rtentry$$0000000C)
    __rt_exit                                0x080002cb   Thumb Code     0  rtexit.o(.ARM.Collect$$rtexit$$00000000)
    __rt_exit_ls                             0x080002cd   Thumb Code     0  rtexit2.o(.ARM.Collect$$rtexit$$00000003)
    __rt_exit_prels_1                        0x080002cd   Thumb Code     0  rtexit2.o(.ARM.Collect$$rtexit$$00000002)
    __rt_exit_exit                           0x080002d1   Thumb Code     0  rtexit2.o(.ARM.Collect$$rtexit$$00000004)
    Reset_Handler                            0x080002d9   Thumb Code     8  startup_stm32f407xx.o(.text)
    ADC_IRQHandler                           0x080002f3   Thumb Code     0  startup_stm32f407xx.o(.text)
    CAN1_RX1_IRQHandler                      0x080002f3   Thumb Code     0  startup_stm32f407xx.o(.text)
    CAN1_SCE_IRQHandler                      0x080002f3   Thumb Code     0  startup_stm32f407xx.o(.text)
    CAN1_TX_IRQHandler                       0x080002f3   Thumb Code     0  startup_stm32f407xx.o(.text)
    CAN2_RX0_IRQHandler                      0x080002f3   Thumb Code     0  startup_stm32f407xx.o(.text)
    CAN2_RX1_IRQHandler                      0x080002f3   Thumb Code     0  startup_stm32f407xx.o(.text)
    CAN2_SCE_IRQHandler                      0x080002f3   Thumb Code     0  startup_stm32f407xx.o(.text)
    CAN2_TX_IRQHandler                       0x080002f3   Thumb Code     0  startup_stm32f407xx.o(.text)
    DCMI_IRQHandler                          0x080002f3   Thumb Code     0  startup_stm32f407xx.o(.text)
    DMA1_Stream0_IRQHandler                  0x080002f3   Thumb Code     0  startup_stm32f407xx.o(.text)
    DMA1_Stream1_IRQHandler                  0x080002f3   Thumb Code     0  startup_stm32f407xx.o(.text)
    DMA1_Stream2_IRQHandler                  0x080002f3   Thumb Code     0  startup_stm32f407xx.o(.text)
    DMA1_Stream3_IRQHandler                  0x080002f3   Thumb Code     0  startup_stm32f407xx.o(.text)
    DMA1_Stream4_IRQHandler                  0x080002f3   Thumb Code     0  startup_stm32f407xx.o(.text)
    DMA1_Stream5_IRQHandler                  0x080002f3   Thumb Code     0  startup_stm32f407xx.o(.text)
    DMA1_Stream6_IRQHandler                  0x080002f3   Thumb Code     0  startup_stm32f407xx.o(.text)
    DMA1_Stream7_IRQHandler                  0x080002f3   Thumb Code     0  startup_stm32f407xx.o(.text)
    DMA2_Stream0_IRQHandler                  0x080002f3   Thumb Code     0  startup_stm32f407xx.o(.text)
    DMA2_Stream3_IRQHandler                  0x080002f3   Thumb Code     0  startup_stm32f407xx.o(.text)
    DMA2_Stream4_IRQHandler                  0x080002f3   Thumb Code     0  startup_stm32f407xx.o(.text)
    DMA2_Stream5_IRQHandler                  0x080002f3   Thumb Code     0  startup_stm32f407xx.o(.text)
    DMA2_Stream7_IRQHandler                  0x080002f3   Thumb Code     0  startup_stm32f407xx.o(.text)
    ETH_IRQHandler                           0x080002f3   Thumb Code     0  startup_stm32f407xx.o(.text)
    ETH_WKUP_IRQHandler                      0x080002f3   Thumb Code     0  startup_stm32f407xx.o(.text)
    EXTI0_IRQHandler                         0x080002f3   Thumb Code     0  startup_stm32f407xx.o(.text)
    EXTI15_10_IRQHandler                     0x080002f3   Thumb Code     0  startup_stm32f407xx.o(.text)
    EXTI1_IRQHandler                         0x080002f3   Thumb Code     0  startup_stm32f407xx.o(.text)
    EXTI2_IRQHandler                         0x080002f3   Thumb Code     0  startup_stm32f407xx.o(.text)
    EXTI3_IRQHandler                         0x080002f3   Thumb Code     0  startup_stm32f407xx.o(.text)
    EXTI4_IRQHandler                         0x080002f3   Thumb Code     0  startup_stm32f407xx.o(.text)
    EXTI9_5_IRQHandler                       0x080002f3   Thumb Code     0  startup_stm32f407xx.o(.text)
    FLASH_IRQHandler                         0x080002f3   Thumb Code     0  startup_stm32f407xx.o(.text)
    FMC_IRQHandler                           0x080002f3   Thumb Code     0  startup_stm32f407xx.o(.text)
    FPU_IRQHandler                           0x080002f3   Thumb Code     0  startup_stm32f407xx.o(.text)
    HASH_RNG_IRQHandler                      0x080002f3   Thumb Code     0  startup_stm32f407xx.o(.text)
    I2C1_ER_IRQHandler                       0x080002f3   Thumb Code     0  startup_stm32f407xx.o(.text)
    I2C1_EV_IRQHandler                       0x080002f3   Thumb Code     0  startup_stm32f407xx.o(.text)
    I2C2_ER_IRQHandler                       0x080002f3   Thumb Code     0  startup_stm32f407xx.o(.text)
    I2C2_EV_IRQHandler                       0x080002f3   Thumb Code     0  startup_stm32f407xx.o(.text)
    I2C3_ER_IRQHandler                       0x080002f3   Thumb Code     0  startup_stm32f407xx.o(.text)
    I2C3_EV_IRQHandler                       0x080002f3   Thumb Code     0  startup_stm32f407xx.o(.text)
    OTG_FS_IRQHandler                        0x080002f3   Thumb Code     0  startup_stm32f407xx.o(.text)
    OTG_FS_WKUP_IRQHandler                   0x080002f3   Thumb Code     0  startup_stm32f407xx.o(.text)
    OTG_HS_EP1_IN_IRQHandler                 0x080002f3   Thumb Code     0  startup_stm32f407xx.o(.text)
    OTG_HS_EP1_OUT_IRQHandler                0x080002f3   Thumb Code     0  startup_stm32f407xx.o(.text)
    OTG_HS_IRQHandler                        0x080002f3   Thumb Code     0  startup_stm32f407xx.o(.text)
    OTG_HS_WKUP_IRQHandler                   0x080002f3   Thumb Code     0  startup_stm32f407xx.o(.text)
    PVD_IRQHandler                           0x080002f3   Thumb Code     0  startup_stm32f407xx.o(.text)
    RCC_IRQHandler                           0x080002f3   Thumb Code     0  startup_stm32f407xx.o(.text)
    RTC_Alarm_IRQHandler                     0x080002f3   Thumb Code     0  startup_stm32f407xx.o(.text)
    RTC_WKUP_IRQHandler                      0x080002f3   Thumb Code     0  startup_stm32f407xx.o(.text)
    SDIO_IRQHandler                          0x080002f3   Thumb Code     0  startup_stm32f407xx.o(.text)
    SPI1_IRQHandler                          0x080002f3   Thumb Code     0  startup_stm32f407xx.o(.text)
    SPI2_IRQHandler                          0x080002f3   Thumb Code     0  startup_stm32f407xx.o(.text)
    SPI3_IRQHandler                          0x080002f3   Thumb Code     0  startup_stm32f407xx.o(.text)
    TAMP_STAMP_IRQHandler                    0x080002f3   Thumb Code     0  startup_stm32f407xx.o(.text)
    TIM1_BRK_TIM9_IRQHandler                 0x080002f3   Thumb Code     0  startup_stm32f407xx.o(.text)
    TIM1_CC_IRQHandler                       0x080002f3   Thumb Code     0  startup_stm32f407xx.o(.text)
    TIM1_TRG_COM_TIM11_IRQHandler            0x080002f3   Thumb Code     0  startup_stm32f407xx.o(.text)
    TIM1_UP_TIM10_IRQHandler                 0x080002f3   Thumb Code     0  startup_stm32f407xx.o(.text)
    TIM2_IRQHandler                          0x080002f3   Thumb Code     0  startup_stm32f407xx.o(.text)
    TIM3_IRQHandler                          0x080002f3   Thumb Code     0  startup_stm32f407xx.o(.text)
    TIM4_IRQHandler                          0x080002f3   Thumb Code     0  startup_stm32f407xx.o(.text)
    TIM5_IRQHandler                          0x080002f3   Thumb Code     0  startup_stm32f407xx.o(.text)
    TIM6_DAC_IRQHandler                      0x080002f3   Thumb Code     0  startup_stm32f407xx.o(.text)
    TIM8_CC_IRQHandler                       0x080002f3   Thumb Code     0  startup_stm32f407xx.o(.text)
    TIM8_TRG_COM_TIM14_IRQHandler            0x080002f3   Thumb Code     0  startup_stm32f407xx.o(.text)
    TIM8_UP_TIM13_IRQHandler                 0x080002f3   Thumb Code     0  startup_stm32f407xx.o(.text)
    UART4_IRQHandler                         0x080002f3   Thumb Code     0  startup_stm32f407xx.o(.text)
    UART5_IRQHandler                         0x080002f3   Thumb Code     0  startup_stm32f407xx.o(.text)
    USART2_IRQHandler                        0x080002f3   Thumb Code     0  startup_stm32f407xx.o(.text)
    USART3_IRQHandler                        0x080002f3   Thumb Code     0  startup_stm32f407xx.o(.text)
    WWDG_IRQHandler                          0x080002f3   Thumb Code     0  startup_stm32f407xx.o(.text)
    __user_initial_stackheap                 0x080002f5   Thumb Code     0  startup_stm32f407xx.o(.text)
    __aeabi_uldivmod                         0x08000319   Thumb Code     0  lludivv7m.o(.text)
    _ll_udiv                                 0x08000319   Thumb Code   238  lludivv7m.o(.text)
    __c89vsprintf                            0x08000409   Thumb Code    32  c89vsprintf.o(.text)
    __aeabi_memclr4                          0x0800042d   Thumb Code     0  rt_memclr_w.o(.text)
    __aeabi_memclr8                          0x0800042d   Thumb Code     0  rt_memclr_w.o(.text)
    __rt_memclr_w                            0x0800042d   Thumb Code    78  rt_memclr_w.o(.text)
    _memset_w                                0x08000431   Thumb Code     0  rt_memclr_w.o(.text)
    __use_two_region_memory                  0x0800047b   Thumb Code     2  heapauxi.o(.text)
    __rt_heap_escrow$2region                 0x0800047d   Thumb Code     2  heapauxi.o(.text)
    __rt_heap_expand$2region                 0x0800047f   Thumb Code     2  heapauxi.o(.text)
    __cpp_initialize__aeabi_                 0x08000481   Thumb Code    26  init_aeabi.o(.text)
    __read_errno                             0x080004a5   Thumb Code    10  _rserrno.o(.text)
    __set_errno                              0x080004af   Thumb Code    12  _rserrno.o(.text)
    _printf_pre_padding                      0x080004bb   Thumb Code    44  _printf_pad.o(.text)
    _printf_post_padding                     0x080004e7   Thumb Code    34  _printf_pad.o(.text)
    _printf_truncate_signed                  0x08000509   Thumb Code    18  _printf_truncate.o(.text)
    _printf_truncate_unsigned                0x0800051b   Thumb Code    18  _printf_truncate.o(.text)
    _printf_str                              0x0800052d   Thumb Code    82  _printf_str.o(.text)
    _printf_int_dec                          0x08000581   Thumb Code   104  _printf_dec.o(.text)
    _printf_charcount                        0x080005f9   Thumb Code    40  _printf_charcount.o(.text)
    _printf_char_common                      0x0800062b   Thumb Code    32  _printf_char_common.o(.text)
    _sputc                                   0x08000651   Thumb Code    10  _sputc.o(.text)
    _printf_wctomb                           0x0800065d   Thumb Code   182  _printf_wctomb.o(.text)
    _printf_longlong_dec                     0x08000719   Thumb Code   108  _printf_longlong_dec.o(.text)
    _printf_longlong_oct                     0x08000795   Thumb Code    66  _printf_oct_int_ll.o(.text)
    _printf_int_oct                          0x080007d7   Thumb Code    24  _printf_oct_int_ll.o(.text)
    _printf_ll_oct                           0x080007ef   Thumb Code    12  _printf_oct_int_ll.o(.text)
    _printf_longlong_hex                     0x08000805   Thumb Code    86  _printf_hex_int_ll_ptr.o(.text)
    _printf_int_hex                          0x0800085b   Thumb Code    28  _printf_hex_int_ll_ptr.o(.text)
    _printf_ll_hex                           0x08000877   Thumb Code    12  _printf_hex_int_ll_ptr.o(.text)
    _printf_hex_ptr                          0x08000883   Thumb Code    18  _printf_hex_int_ll_ptr.o(.text)
    __printf                                 0x08000899   Thumb Code   388  __printf_flags_ss_wp.o(.text)
    __aeabi_errno_addr                       0x08000a21   Thumb Code     8  rt_errno_addr_intlibspace.o(.text)
    __errno$intlibspace                      0x08000a21   Thumb Code     0  rt_errno_addr_intlibspace.o(.text)
    __rt_errno_addr$intlibspace              0x08000a21   Thumb Code     0  rt_errno_addr_intlibspace.o(.text)
    _ll_udiv10                               0x08000a29   Thumb Code   138  lludiv10.o(.text)
    _printf_int_common                       0x08000ab3   Thumb Code   178  _printf_intcommon.o(.text)
    __lib_sel_fp_printf                      0x08000b65   Thumb Code     2  _printf_fp_dec.o(.text)
    _printf_fp_dec_real                      0x08000d17   Thumb Code   620  _printf_fp_dec.o(.text)
    _printf_cs_common                        0x08000f83   Thumb Code    20  _printf_char.o(.text)
    _printf_char                             0x08000f97   Thumb Code    16  _printf_char.o(.text)
    _printf_string                           0x08000fa7   Thumb Code     8  _printf_char.o(.text)
    _printf_lcs_common                       0x08000faf   Thumb Code    20  _printf_wchar.o(.text)
    _printf_wchar                            0x08000fc3   Thumb Code    16  _printf_wchar.o(.text)
    _printf_wstring                          0x08000fd3   Thumb Code     8  _printf_wchar.o(.text)
    _wcrtomb                                 0x08000fdb   Thumb Code    64  _wcrtomb.o(.text)
    __user_libspace                          0x0800101d   Thumb Code     8  libspace.o(.text)
    __user_perproc_libspace                  0x0800101d   Thumb Code     0  libspace.o(.text)
    __user_perthread_libspace                0x0800101d   Thumb Code     0  libspace.o(.text)
    __user_setup_stackheap                   0x08001025   Thumb Code    74  sys_stackheap_outer.o(.text)
    __rt_ctype_table                         0x08001071   Thumb Code    16  rt_ctype_table.o(.text)
    __rt_locale                              0x08001081   Thumb Code     8  rt_locale_intlibspace.o(.text)
    _printf_fp_infnan                        0x08001089   Thumb Code   112  _printf_fp_infnan.o(.text)
    _btod_etento                             0x08001109   Thumb Code   224  bigflt0.o(.text)
    exit                                     0x080011ed   Thumb Code    18  exit.o(.text)
    strcmp                                   0x08001201   Thumb Code   128  strcmpv7m.o(.text)
    _sys_exit                                0x08001281   Thumb Code     8  sys_exit.o(.text)
    __I$use$semihosting                      0x0800128d   Thumb Code     0  use_no_semi.o(.text)
    __use_no_semihosting_swi                 0x0800128d   Thumb Code     2  use_no_semi.o(.text)
    __semihosting_library_function           0x0800128f   Thumb Code     0  indicate_semi.o(.text)
    _btod_d2e                                0x0800128f   Thumb Code    62  btod.o(CL$$btod_d2e)
    _d2e_denorm_low                          0x080012cd   Thumb Code    70  btod.o(CL$$btod_d2e_denorm_low)
    _d2e_norm_op1                            0x08001313   Thumb Code    96  btod.o(CL$$btod_d2e_norm_op1)
    __btod_div_common                        0x08001373   Thumb Code   696  btod.o(CL$$btod_div_common)
    _e2e                                     0x080016ab   Thumb Code   220  btod.o(CL$$btod_e2e)
    _btod_ediv                               0x08001787   Thumb Code    42  btod.o(CL$$btod_ediv)
    _btod_emul                               0x080017b1   Thumb Code    42  btod.o(CL$$btod_emul)
    __btod_mult_common                       0x080017db   Thumb Code   580  btod.o(CL$$btod_mult_common)
    BusFault_Handler                         0x08001a1f   Thumb Code     2  stm32f4xx_it.o(i.BusFault_Handler)
    CAN1_RX0_IRQHandler                      0x08001a21   Thumb Code     6  stm32f4xx_it.o(i.CAN1_RX0_IRQHandler)
    DMA2_Stream1_IRQHandler                  0x08001a2d   Thumb Code     6  stm32f4xx_it.o(i.DMA2_Stream1_IRQHandler)
    DMA2_Stream2_IRQHandler                  0x08001a39   Thumb Code     6  stm32f4xx_it.o(i.DMA2_Stream2_IRQHandler)
    DMA2_Stream6_IRQHandler                  0x08001a45   Thumb Code     6  stm32f4xx_it.o(i.DMA2_Stream6_IRQHandler)
    DebugMon_Handler                         0x08001a51   Thumb Code     2  stm32f4xx_it.o(i.DebugMon_Handler)
    Error_Handler                            0x08001a53   Thumb Code     4  main.o(i.Error_Handler)
    HAL_CAN_ActivateNotification             0x08001a57   Thumb Code    36  stm32f4xx_hal_can.o(i.HAL_CAN_ActivateNotification)
    HAL_CAN_AddTxMessage                     0x08001a7b   Thumb Code   208  stm32f4xx_hal_can.o(i.HAL_CAN_AddTxMessage)
    HAL_CAN_ConfigFilter                     0x08001b4d   Thumb Code   262  stm32f4xx_hal_can.o(i.HAL_CAN_ConfigFilter)
    HAL_CAN_ErrorCallback                    0x08001c59   Thumb Code     2  stm32f4xx_hal_can.o(i.HAL_CAN_ErrorCallback)
    HAL_CAN_GetRxMessage                     0x08001c5b   Thumb Code   244  stm32f4xx_hal_can.o(i.HAL_CAN_GetRxMessage)
    HAL_CAN_IRQHandler                       0x08001d4f   Thumb Code   508  stm32f4xx_hal_can.o(i.HAL_CAN_IRQHandler)
    HAL_CAN_Init                             0x08001f4b   Thumb Code   282  stm32f4xx_hal_can.o(i.HAL_CAN_Init)
    HAL_CAN_MspInit                          0x08002065   Thumb Code   106  can.o(i.HAL_CAN_MspInit)
    HAL_CAN_RxFifo0FullCallback              0x080020dd   Thumb Code     2  stm32f4xx_hal_can.o(i.HAL_CAN_RxFifo0FullCallback)
    HAL_CAN_RxFifo0MsgPendingCallback        0x080020e1   Thumb Code   224  main.o(i.HAL_CAN_RxFifo0MsgPendingCallback)
    HAL_CAN_RxFifo1FullCallback              0x080021d9   Thumb Code     2  stm32f4xx_hal_can.o(i.HAL_CAN_RxFifo1FullCallback)
    HAL_CAN_RxFifo1MsgPendingCallback        0x080021db   Thumb Code     2  stm32f4xx_hal_can.o(i.HAL_CAN_RxFifo1MsgPendingCallback)
    HAL_CAN_SleepCallback                    0x080021dd   Thumb Code     2  stm32f4xx_hal_can.o(i.HAL_CAN_SleepCallback)
    HAL_CAN_Start                            0x080021e1   Thumb Code    88  stm32f4xx_hal_can.o(i.HAL_CAN_Start)
    HAL_CAN_TxMailbox0AbortCallback          0x08002239   Thumb Code     2  stm32f4xx_hal_can.o(i.HAL_CAN_TxMailbox0AbortCallback)
    HAL_CAN_TxMailbox0CompleteCallback       0x0800223b   Thumb Code     2  stm32f4xx_hal_can.o(i.HAL_CAN_TxMailbox0CompleteCallback)
    HAL_CAN_TxMailbox1AbortCallback          0x0800223d   Thumb Code     2  stm32f4xx_hal_can.o(i.HAL_CAN_TxMailbox1AbortCallback)
    HAL_CAN_TxMailbox1CompleteCallback       0x0800223f   Thumb Code     2  stm32f4xx_hal_can.o(i.HAL_CAN_TxMailbox1CompleteCallback)
    HAL_CAN_TxMailbox2AbortCallback          0x08002241   Thumb Code     2  stm32f4xx_hal_can.o(i.HAL_CAN_TxMailbox2AbortCallback)
    HAL_CAN_TxMailbox2CompleteCallback       0x08002243   Thumb Code     2  stm32f4xx_hal_can.o(i.HAL_CAN_TxMailbox2CompleteCallback)
    HAL_CAN_WakeUpFromRxMsgCallback          0x08002245   Thumb Code     2  stm32f4xx_hal_can.o(i.HAL_CAN_WakeUpFromRxMsgCallback)
    HAL_DMA_Abort                            0x08002247   Thumb Code   146  stm32f4xx_hal_dma.o(i.HAL_DMA_Abort)
    HAL_DMA_Abort_IT                         0x080022d9   Thumb Code    36  stm32f4xx_hal_dma.o(i.HAL_DMA_Abort_IT)
    HAL_DMA_IRQHandler                       0x080022fd   Thumb Code   412  stm32f4xx_hal_dma.o(i.HAL_DMA_IRQHandler)
    HAL_DMA_Init                             0x0800249d   Thumb Code   206  stm32f4xx_hal_dma.o(i.HAL_DMA_Init)
    HAL_Delay                                0x08002571   Thumb Code    32  stm32f4xx_hal.o(i.HAL_Delay)
    HAL_GPIO_Init                            0x08002595   Thumb Code   450  stm32f4xx_hal_gpio.o(i.HAL_GPIO_Init)
    HAL_GPIO_WritePin                        0x08002785   Thumb Code    10  stm32f4xx_hal_gpio.o(i.HAL_GPIO_WritePin)
    HAL_GetTick                              0x08002791   Thumb Code     6  stm32f4xx_hal.o(i.HAL_GetTick)
    HAL_IncTick                              0x0800279d   Thumb Code    12  stm32f4xx_hal.o(i.HAL_IncTick)
    HAL_Init                                 0x080027ad   Thumb Code    48  stm32f4xx_hal.o(i.HAL_Init)
    HAL_InitTick                             0x080027e1   Thumb Code   132  stm32f4xx_hal_timebase_tim.o(i.HAL_InitTick)
    HAL_MspInit                              0x08002879   Thumb Code    42  stm32f4xx_hal_msp.o(i.HAL_MspInit)
    HAL_NVIC_EnableIRQ                       0x080028a9   Thumb Code    26  stm32f4xx_hal_cortex.o(i.HAL_NVIC_EnableIRQ)
    HAL_NVIC_SetPriority                     0x080028c5   Thumb Code    60  stm32f4xx_hal_cortex.o(i.HAL_NVIC_SetPriority)
    HAL_NVIC_SetPriorityGrouping             0x08002905   Thumb Code    26  stm32f4xx_hal_cortex.o(i.HAL_NVIC_SetPriorityGrouping)
    HAL_RCC_ClockConfig                      0x08002929   Thumb Code   288  stm32f4xx_hal_rcc.o(i.HAL_RCC_ClockConfig)
    HAL_RCC_GetClockConfig                   0x08002a5d   Thumb Code    54  stm32f4xx_hal_rcc.o(i.HAL_RCC_GetClockConfig)
    HAL_RCC_GetPCLK1Freq                     0x08002a9d   Thumb Code    20  stm32f4xx_hal_rcc.o(i.HAL_RCC_GetPCLK1Freq)
    HAL_RCC_GetPCLK2Freq                     0x08002abd   Thumb Code    20  stm32f4xx_hal_rcc.o(i.HAL_RCC_GetPCLK2Freq)
    HAL_RCC_GetSysClockFreq                  0x08002add   Thumb Code    88  stm32f4xx_hal_rcc.o(i.HAL_RCC_GetSysClockFreq)
    HAL_RCC_OscConfig                        0x08002b41   Thumb Code   856  stm32f4xx_hal_rcc.o(i.HAL_RCC_OscConfig)
    HAL_TIMEx_BreakCallback                  0x08002ead   Thumb Code     2  stm32f4xx_hal_tim_ex.o(i.HAL_TIMEx_BreakCallback)
    HAL_TIMEx_CommutCallback                 0x08002eaf   Thumb Code     2  stm32f4xx_hal_tim_ex.o(i.HAL_TIMEx_CommutCallback)
    HAL_TIMEx_ConfigBreakDeadTime            0x08002eb1   Thumb Code    84  stm32f4xx_hal_tim_ex.o(i.HAL_TIMEx_ConfigBreakDeadTime)
    HAL_TIMEx_MasterConfigSynchronization    0x08002f05   Thumb Code   116  stm32f4xx_hal_tim_ex.o(i.HAL_TIMEx_MasterConfigSynchronization)
    HAL_TIM_Base_Init                        0x08002f95   Thumb Code    90  stm32f4xx_hal_tim.o(i.HAL_TIM_Base_Init)
    HAL_TIM_Base_MspInit                     0x08002ff1   Thumb Code    98  tim.o(i.HAL_TIM_Base_MspInit)
    HAL_TIM_Base_Start                       0x08003065   Thumb Code    90  stm32f4xx_hal_tim.o(i.HAL_TIM_Base_Start)
    HAL_TIM_Base_Start_IT                    0x080030dd   Thumb Code   100  stm32f4xx_hal_tim.o(i.HAL_TIM_Base_Start_IT)
    HAL_TIM_ConfigClockSource                0x0800315d   Thumb Code   220  stm32f4xx_hal_tim.o(i.HAL_TIM_ConfigClockSource)
    HAL_TIM_IC_CaptureCallback               0x08003239   Thumb Code     2  stm32f4xx_hal_tim.o(i.HAL_TIM_IC_CaptureCallback)
    HAL_TIM_IRQHandler                       0x0800323b   Thumb Code   304  stm32f4xx_hal_tim.o(i.HAL_TIM_IRQHandler)
    HAL_TIM_MspPostInit                      0x0800336d   Thumb Code   150  tim.o(i.HAL_TIM_MspPostInit)
    HAL_TIM_OC_DelayElapsedCallback          0x0800341d   Thumb Code     2  stm32f4xx_hal_tim.o(i.HAL_TIM_OC_DelayElapsedCallback)
    HAL_TIM_PWM_ConfigChannel                0x0800341f   Thumb Code   204  stm32f4xx_hal_tim.o(i.HAL_TIM_PWM_ConfigChannel)
    HAL_TIM_PWM_Init                         0x080034eb   Thumb Code    90  stm32f4xx_hal_tim.o(i.HAL_TIM_PWM_Init)
    HAL_TIM_PWM_MspInit                      0x08003545   Thumb Code     2  stm32f4xx_hal_tim.o(i.HAL_TIM_PWM_MspInit)
    HAL_TIM_PWM_PulseFinishedCallback        0x08003547   Thumb Code     2  stm32f4xx_hal_tim.o(i.HAL_TIM_PWM_PulseFinishedCallback)
    HAL_TIM_PWM_Start                        0x08003549   Thumb Code   172  stm32f4xx_hal_tim.o(i.HAL_TIM_PWM_Start)
    HAL_TIM_PeriodElapsedCallback            0x08003611   Thumb Code   252  main.o(i.HAL_TIM_PeriodElapsedCallback)
    HAL_TIM_TriggerCallback                  0x08003731   Thumb Code     2  stm32f4xx_hal_tim.o(i.HAL_TIM_TriggerCallback)
    HAL_UARTEx_RxEventCallback               0x08003733   Thumb Code     2  stm32f4xx_hal_uart.o(i.HAL_UARTEx_RxEventCallback)
    HAL_UART_ErrorCallback                   0x08003735   Thumb Code     2  stm32f4xx_hal_uart.o(i.HAL_UART_ErrorCallback)
    HAL_UART_IRQHandler                      0x08003739   Thumb Code   618  stm32f4xx_hal_uart.o(i.HAL_UART_IRQHandler)
    HAL_UART_Init                            0x080039a9   Thumb Code   100  stm32f4xx_hal_uart.o(i.HAL_UART_Init)
    HAL_UART_MspInit                         0x08003a0d   Thumb Code   384  usart.o(i.HAL_UART_MspInit)
    HAL_UART_RxCpltCallback                  0x08003bad   Thumb Code     2  stm32f4xx_hal_uart.o(i.HAL_UART_RxCpltCallback)
    HAL_UART_Transmit                        0x08003baf   Thumb Code   160  stm32f4xx_hal_uart.o(i.HAL_UART_Transmit)
    HAL_UART_TxCpltCallback                  0x08003c4f   Thumb Code     2  stm32f4xx_hal_uart.o(i.HAL_UART_TxCpltCallback)
    HardFault_Handler                        0x08003c51   Thumb Code     2  stm32f4xx_it.o(i.HardFault_Handler)
    MX_CAN1_Init                             0x08003c55   Thumb Code    60  can.o(i.MX_CAN1_Init)
    MX_DMA_Init                              0x08003c99   Thumb Code    72  dma.o(i.MX_DMA_Init)
    MX_GPIO_Init                             0x08003ce5   Thumb Code   268  gpio.o(i.MX_GPIO_Init)
    MX_TIM12_Init                            0x08003e05   Thumb Code    68  tim.o(i.MX_TIM12_Init)
    MX_TIM1_Init                             0x08003e51   Thumb Code   244  tim.o(i.MX_TIM1_Init)
    MX_TIM8_Init                             0x08003f4d   Thumb Code   228  tim.o(i.MX_TIM8_Init)
    MX_USART1_UART_Init                      0x08004039   Thumb Code    48  usart.o(i.MX_USART1_UART_Init)
    MX_USART6_UART_Init                      0x08004071   Thumb Code    48  usart.o(i.MX_USART6_UART_Init)
    MemManage_Handler                        0x080040a9   Thumb Code     2  stm32f4xx_it.o(i.MemManage_Handler)
    NMI_Handler                              0x080040ab   Thumb Code     2  stm32f4xx_it.o(i.NMI_Handler)
    PendSV_Handler                           0x080040ad   Thumb Code     2  stm32f4xx_it.o(i.PendSV_Handler)
    SVC_Handler                              0x080040af   Thumb Code     2  stm32f4xx_it.o(i.SVC_Handler)
    SysTick_Handler                          0x080040b1   Thumb Code     2  stm32f4xx_it.o(i.SysTick_Handler)
    SystemInit                               0x080040b5   Thumb Code    12  system_stm32f4xx.o(i.SystemInit)
    TIM7_IRQHandler                          0x080040c5   Thumb Code     6  stm32f4xx_it.o(i.TIM7_IRQHandler)
    TIM8_BRK_TIM12_IRQHandler                0x080040d1   Thumb Code    18  stm32f4xx_it.o(i.TIM8_BRK_TIM12_IRQHandler)
    TIM_Base_SetConfig                       0x080040ed   Thumb Code   170  stm32f4xx_hal_tim.o(i.TIM_Base_SetConfig)
    TIM_CCxChannelCmd                        0x080041c5   Thumb Code    26  stm32f4xx_hal_tim.o(i.TIM_CCxChannelCmd)
    TIM_ETR_SetConfig                        0x080041df   Thumb Code    20  stm32f4xx_hal_tim.o(i.TIM_ETR_SetConfig)
    TIM_OC2_SetConfig                        0x080041f5   Thumb Code    98  stm32f4xx_hal_tim.o(i.TIM_OC2_SetConfig)
    USART1_IRQHandler                        0x08004261   Thumb Code     6  stm32f4xx_it.o(i.USART1_IRQHandler)
    USART6_IRQHandler                        0x0800426d   Thumb Code     6  stm32f4xx_it.o(i.USART6_IRQHandler)
    UsageFault_Handler                       0x08004279   Thumb Code     2  stm32f4xx_it.o(i.UsageFault_Handler)
    float_to_uint(float, float, float, int)  0x0800427b   Thumb Code    74  robstride01.o(i._Z13float_to_uintfffi)
    usart6_printf(const char*, ...)          0x080042c5   Thumb Code    44  uart_printf.o(i._Z13usart6_printfPKcz)
    uint16_to_float(unsigned short, float, float, int) 0x080042fd   Thumb Code    42  robstride01.o(i._Z15uint16_to_floattffi)
    SystemClock_Config()                     0x08004329   Thumb Code   140  main.o(i._Z18SystemClock_Configv)
    mapFaults(unsigned short)                0x080043bd   Thumb Code    52  robstride01.o(i._Z9mapFaultst)
    RobStride_Motor::RobStride_Motor_Analysis(unsigned char*, unsigned) 0x080043f1   Thumb Code   170  robstride01.o(i._ZN15RobStride_Motor24RobStride_Motor_AnalysisEPhj)
    RobStride_Motor::RobStride_Motor_MIT_Enable() 0x080044ad   Thumb Code    72  robstride01.o(i._ZN15RobStride_Motor26RobStride_Motor_MIT_EnableEv)
    RobStride_Motor::RobStride_Motor_MIT_Control(float, float, float, float, float) 0x080044fd   Thumb Code   296  robstride01.o(i._ZN15RobStride_Motor27RobStride_Motor_MIT_ControlEfffff)
    RobStride_Motor::RobStride_Motor_MIT_SetMotorType(unsigned char) 0x0800463d   Thumb Code    74  robstride01.o(i._ZN15RobStride_Motor32RobStride_Motor_MIT_SetMotorTypeEh)
    RobStride_Motor::RobStride_Motor_ProactiveEscalationSet(unsigned char) 0x08004691   Thumb Code    94  robstride01.o(i._ZN15RobStride_Motor38RobStride_Motor_ProactiveEscalationSetEh)
    RobStride_Motor::RobStride_Motor(unsigned char, bool) 0x080046f9   Thumb Code    36  robstride01.o(i._ZN15RobStride_MotorC1Ehb)
    RobStride_Motor::RobStride_Motor__sub_object(unsigned char, bool) 0x080046f9   Thumb Code     0  robstride01.o(i._ZN15RobStride_MotorC1Ehb)
    data_read_write::data_read_write(const unsigned short*) 0x08004721   Thumb Code    76  robstride01.o(i._ZN15data_read_writeC1EPKt)
    data_read_write::data_read_write__sub_object(const unsigned short*) 0x08004721   Thumb Code     0  robstride01.o(i._ZN15data_read_writeC1EPKt)
    __ARM_fpclassify                         0x08004c17   Thumb Code    48  fpclassify.o(i.__ARM_fpclassify)
    __ARM_fpclassifyf                        0x08004c47   Thumb Code    38  fpclassifyf.o(i.__ARM_fpclassifyf)
    __hardfp_sinf                            0x08004c6d   Thumb Code   344  sinf.o(i.__hardfp_sinf)
    __mathlib_flt_infnan                     0x08004dfd   Thumb Code     6  funder.o(i.__mathlib_flt_infnan)
    __mathlib_flt_invalid                    0x08004e05   Thumb Code    10  funder.o(i.__mathlib_flt_invalid)
    __mathlib_flt_underflow                  0x08004e15   Thumb Code    10  funder.o(i.__mathlib_flt_underflow)
    __mathlib_rredf2                         0x08004e25   Thumb Code   316  rredf.o(i.__mathlib_rredf2)
    _is_digit                                0x08004ff5   Thumb Code    14  __printf_wp.o(i._is_digit)
    main                                     0x08005005   Thumb Code  1262  main.o(i.main)
    _get_lc_numeric                          0x08005505   Thumb Code    44  lc_numeric_c.o(locale$$code)
    _get_lc_ctype                            0x08005531   Thumb Code    44  lc_ctype_c.o(locale$$code)
    __aeabi_d2f                              0x0800555d   Thumb Code     0  d2f.o(x$fpl$d2f)
    _d2f                                     0x0800555d   Thumb Code    98  d2f.o(x$fpl$d2f)
    __aeabi_ui2d                             0x080055bf   Thumb Code     0  dflt_clz.o(x$fpl$dfltu)
    _dfltu                                   0x080055bf   Thumb Code    38  dflt_clz.o(x$fpl$dfltu)
    __aeabi_dmul                             0x080055e5   Thumb Code     0  dmul.o(x$fpl$dmul)
    _dmul                                    0x080055e5   Thumb Code   332  dmul.o(x$fpl$dmul)
    __fpl_dnaninf                            0x08005739   Thumb Code   156  dnaninf.o(x$fpl$dnaninf)
    __fpl_dretinf                            0x080057d5   Thumb Code    12  dretinf.o(x$fpl$dretinf)
    __aeabi_f2d                              0x080057e1   Thumb Code     0  f2d.o(x$fpl$f2d)
    _f2d                                     0x080057e1   Thumb Code    86  f2d.o(x$fpl$f2d)
    __fpl_fnaninf                            0x08005837   Thumb Code   140  fnaninf.o(x$fpl$fnaninf)
    _fp_init                                 0x080058c3   Thumb Code    10  fpinit.o(x$fpl$fpinit)
    __fplib_config_fpu_vfp                   0x080058cb   Thumb Code     0  fpinit.o(x$fpl$fpinit)
    __fplib_config_pureend_doubles           0x080058cb   Thumb Code     0  fpinit.o(x$fpl$fpinit)
    __fpl_fretinf                            0x080058cd   Thumb Code    10  fretinf.o(x$fpl$fretinf)
    _printf_fp_dec                           0x080058d7   Thumb Code     4  printf1.o(x$fpl$printf1)
    __I$use$fp                               0x080058da   Number         0  usenofp.o(x$fpl$usenofp)
    AHBPrescTable                            0x080058e2   Data          16  system_stm32f4xx.o(.constdata)
    APBPrescTable                            0x080058f2   Data           8  system_stm32f4xx.o(.constdata)
    Region$$Table$$Base                      0x08005a10   Number         0  anon$$obj.o(Region$$Table)
    Region$$Table$$Limit                     0x08005a30   Number         0  anon$$obj.o(Region$$Table)
    __ctype                                  0x08005a59   Data           0  lc_ctype_c.o(locale$$data)
    SHT$$INIT_ARRAY$$Base                    0x08005b5c   Number         0  main.o(.init_array)
    SHT$$INIT_ARRAY$$Limit                   0x08005b60   Number         0  init_aeabi.o(.init_array)
    time                                     0x20000000   Data           4  main.o(.data)
    leg1_big_angle                           0x20000004   Data           4  main.o(.data)
    leg2_big_angle                           0x20000008   Data           4  main.o(.data)
    leg3_big_angle                           0x2000000c   Data           4  main.o(.data)
    leg4_big_angle                           0x20000010   Data           4  main.o(.data)
    bozi5_angle                              0x20000014   Data           4  main.o(.data)
    leg6_small_angle                         0x20000018   Data           4  main.o(.data)
    leg7_small_angle                         0x2000001c   Data           4  main.o(.data)
    leg8_small_angle                         0x20000020   Data           4  main.o(.data)
    leg9_small_angle                         0x20000024   Data           4  main.o(.data)
    leg1_init_kp                             0x20000028   Data           4  main.o(.data)
    leg2_init_kp                             0x2000002c   Data           4  main.o(.data)
    leg3_init_kp                             0x20000030   Data           4  main.o(.data)
    leg4_init_kp                             0x20000034   Data           4  main.o(.data)
    bozi5_init_kp                            0x20000038   Data           4  main.o(.data)
    leg6_init_kp                             0x2000003c   Data           4  main.o(.data)
    leg7_init_kp                             0x20000040   Data           4  main.o(.data)
    leg8_init_kp                             0x20000044   Data           4  main.o(.data)
    leg9_init_kp                             0x20000048   Data           4  main.o(.data)
    start_time                               0x2000004c   Data           4  main.o(.data)
    RxData                                   0x20000050   Data           8  main.o(.data)
    uwTickFreq                               0x20000058   Data           1  stm32f4xx_hal.o(.data)
    uwTickPrio                               0x2000005c   Data           4  stm32f4xx_hal.o(.data)
    uwTick                                   0x20000060   Data           4  stm32f4xx_hal.o(.data)
    SystemCoreClock                          0x20000064   Data           4  system_stm32f4xx.o(.data)
    Mailbox                                  0x20000068   Data           4  robstride01.o(.data)
    CAN_FilterStrue                          0x20000078   Data          40  main.o(.bss)
    RobStride_01                             0x200000a0   Data         224  main.o(.bss)
    RobStride_02                             0x20000180   Data         224  main.o(.bss)
    RobStride_03                             0x20000260   Data         224  main.o(.bss)
    RobStride_04                             0x20000340   Data         224  main.o(.bss)
    RobStride_05                             0x20000420   Data         224  main.o(.bss)
    RobStride_06                             0x20000500   Data         224  main.o(.bss)
    RobStride_07                             0x200005e0   Data         224  main.o(.bss)
    RobStride_08                             0x200006c0   Data         224  main.o(.bss)
    RobStride_09                             0x200007a0   Data         224  main.o(.bss)
    RXHeader                                 0x20000880   Data          28  main.o(.bss)
    hcan1                                    0x2000089c   Data          40  can.o(.bss)
    htim1                                    0x200008c4   Data          72  tim.o(.bss)
    htim8                                    0x2000090c   Data          72  tim.o(.bss)
    htim12                                   0x20000954   Data          72  tim.o(.bss)
    huart1                                   0x2000099c   Data          72  usart.o(.bss)
    huart6                                   0x200009e4   Data          72  usart.o(.bss)
    hdma_usart1_rx                           0x20000a2c   Data          96  usart.o(.bss)
    hdma_usart6_tx                           0x20000a8c   Data          96  usart.o(.bss)
    hdma_usart6_rx                           0x20000aec   Data          96  usart.o(.bss)
    htim7                                    0x20000b4c   Data          72  stm32f4xx_hal_timebase_tim.o(.bss)
    __libspace_start                         0x20000c94   Data          96  libspace.o(.bss)
    __temporary_stack_top$libspace           0x20000cf4   Data           0  libspace.o(.bss)



==============================================================================

Memory Map of the image

  Image Entry point : 0x08000189

  Load Region LR_IROM1 (Base: 0x08000000, Size: 0x00005bd4, Max: 0x00100000, ABSOLUTE)

    Execution Region ER_IROM1 (Exec base: 0x08000000, Load base: 0x08000000, Size: 0x00005b60, Max: 0x00100000, ABSOLUTE)

    Exec Addr    Load Addr    Size         Type   Attr      Idx    E Section Name        Object

    0x08000000   0x08000000   0x00000188   Data   RO            3    RESET               startup_stm32f407xx.o
    0x08000188   0x08000188   0x00000008   Code   RO         4143  * !!!main             c_w.l(__main.o)
    0x08000190   0x08000190   0x00000034   Code   RO         4531    !!!scatter          c_w.l(__scatter.o)
    0x080001c4   0x080001c4   0x0000001a   Code   RO         4533    !!handler_copy      c_w.l(__scatter_copy.o)
    0x080001de   0x080001de   0x00000002   PAD
    0x080001e0   0x080001e0   0x0000001c   Code   RO         4535    !!handler_zi        c_w.l(__scatter_zi.o)
    0x080001fc   0x080001fc   0x00000000   Code   RO         4263    .ARM.Collect$$_printf_percent$$00000000  c_w.l(_printf_percent.o)
    0x080001fc   0x080001fc   0x00000006   Code   RO         4252    .ARM.Collect$$_printf_percent$$00000001  c_w.l(_printf_n.o)
    0x08000202   0x08000202   0x00000006   Code   RO         4254    .ARM.Collect$$_printf_percent$$00000002  c_w.l(_printf_p.o)
    0x08000208   0x08000208   0x00000006   Code   RO         4259    .ARM.Collect$$_printf_percent$$00000003  c_w.l(_printf_f.o)
    0x0800020e   0x0800020e   0x00000006   Code   RO         4260    .ARM.Collect$$_printf_percent$$00000004  c_w.l(_printf_e.o)
    0x08000214   0x08000214   0x00000006   Code   RO         4261    .ARM.Collect$$_printf_percent$$00000005  c_w.l(_printf_g.o)
    0x0800021a   0x0800021a   0x00000006   Code   RO         4262    .ARM.Collect$$_printf_percent$$00000006  c_w.l(_printf_a.o)
    0x08000220   0x08000220   0x0000000a   Code   RO         4267    .ARM.Collect$$_printf_percent$$00000007  c_w.l(_printf_ll.o)
    0x0800022a   0x0800022a   0x00000006   Code   RO         4256    .ARM.Collect$$_printf_percent$$00000008  c_w.l(_printf_i.o)
    0x08000230   0x08000230   0x00000006   Code   RO         4257    .ARM.Collect$$_printf_percent$$00000009  c_w.l(_printf_d.o)
    0x08000236   0x08000236   0x00000006   Code   RO         4258    .ARM.Collect$$_printf_percent$$0000000A  c_w.l(_printf_u.o)
    0x0800023c   0x0800023c   0x00000006   Code   RO         4255    .ARM.Collect$$_printf_percent$$0000000B  c_w.l(_printf_o.o)
    0x08000242   0x08000242   0x00000006   Code   RO         4253    .ARM.Collect$$_printf_percent$$0000000C  c_w.l(_printf_x.o)
    0x08000248   0x08000248   0x00000006   Code   RO         4264    .ARM.Collect$$_printf_percent$$0000000D  c_w.l(_printf_lli.o)
    0x0800024e   0x0800024e   0x00000006   Code   RO         4265    .ARM.Collect$$_printf_percent$$0000000E  c_w.l(_printf_lld.o)
    0x08000254   0x08000254   0x00000006   Code   RO         4266    .ARM.Collect$$_printf_percent$$0000000F  c_w.l(_printf_llu.o)
    0x0800025a   0x0800025a   0x00000006   Code   RO         4271    .ARM.Collect$$_printf_percent$$00000010  c_w.l(_printf_llo.o)
    0x08000260   0x08000260   0x00000006   Code   RO         4272    .ARM.Collect$$_printf_percent$$00000011  c_w.l(_printf_llx.o)
    0x08000266   0x08000266   0x0000000a   Code   RO         4268    .ARM.Collect$$_printf_percent$$00000012  c_w.l(_printf_l.o)
    0x08000270   0x08000270   0x00000006   Code   RO         4250    .ARM.Collect$$_printf_percent$$00000013  c_w.l(_printf_c.o)
    0x08000276   0x08000276   0x00000006   Code   RO         4251    .ARM.Collect$$_printf_percent$$00000014  c_w.l(_printf_s.o)
    0x0800027c   0x0800027c   0x00000006   Code   RO         4269    .ARM.Collect$$_printf_percent$$00000015  c_w.l(_printf_lc.o)
    0x08000282   0x08000282   0x00000006   Code   RO         4270    .ARM.Collect$$_printf_percent$$00000016  c_w.l(_printf_ls.o)
    0x08000288   0x08000288   0x00000004   Code   RO         4382    .ARM.Collect$$_printf_percent$$00000017  c_w.l(_printf_percent_end.o)
    0x0800028c   0x0800028c   0x00000002   Code   RO         4446    .ARM.Collect$$libinit$$00000000  c_w.l(libinit.o)
    0x0800028e   0x0800028e   0x00000004   Code   RO         4273    .ARM.Collect$$libinit$$00000001  c_w.l(libinit2.o)
    0x08000292   0x08000292   0x00000000   Code   RO         4276    .ARM.Collect$$libinit$$00000004  c_w.l(libinit2.o)
    0x08000292   0x08000292   0x00000000   Code   RO         4279    .ARM.Collect$$libinit$$0000000A  c_w.l(libinit2.o)
    0x08000292   0x08000292   0x00000000   Code   RO         4281    .ARM.Collect$$libinit$$0000000C  c_w.l(libinit2.o)
    0x08000292   0x08000292   0x00000000   Code   RO         4283    .ARM.Collect$$libinit$$0000000E  c_w.l(libinit2.o)
    0x08000292   0x08000292   0x00000006   Code   RO         4284    .ARM.Collect$$libinit$$0000000F  c_w.l(libinit2.o)
    0x08000298   0x08000298   0x00000000   Code   RO         4286    .ARM.Collect$$libinit$$00000011  c_w.l(libinit2.o)
    0x08000298   0x08000298   0x0000000c   Code   RO         4287    .ARM.Collect$$libinit$$00000012  c_w.l(libinit2.o)
    0x080002a4   0x080002a4   0x00000000   Code   RO         4288    .ARM.Collect$$libinit$$00000013  c_w.l(libinit2.o)
    0x080002a4   0x080002a4   0x00000000   Code   RO         4290    .ARM.Collect$$libinit$$00000015  c_w.l(libinit2.o)
    0x080002a4   0x080002a4   0x0000000a   Code   RO         4291    .ARM.Collect$$libinit$$00000016  c_w.l(libinit2.o)
    0x080002ae   0x080002ae   0x00000000   Code   RO         4292    .ARM.Collect$$libinit$$00000017  c_w.l(libinit2.o)
    0x080002ae   0x080002ae   0x00000000   Code   RO         4294    .ARM.Collect$$libinit$$00000019  c_w.l(libinit2.o)
    0x080002ae   0x080002ae   0x00000000   Code   RO         4296    .ARM.Collect$$libinit$$0000001B  c_w.l(libinit2.o)
    0x080002ae   0x080002ae   0x00000000   Code   RO         4298    .ARM.Collect$$libinit$$0000001D  c_w.l(libinit2.o)
    0x080002ae   0x080002ae   0x00000000   Code   RO         4300    .ARM.Collect$$libinit$$0000001F  c_w.l(libinit2.o)
    0x080002ae   0x080002ae   0x00000000   Code   RO         4302    .ARM.Collect$$libinit$$00000021  c_w.l(libinit2.o)
    0x080002ae   0x080002ae   0x00000000   Code   RO         4304    .ARM.Collect$$libinit$$00000023  c_w.l(libinit2.o)
    0x080002ae   0x080002ae   0x00000000   Code   RO         4306    .ARM.Collect$$libinit$$00000025  c_w.l(libinit2.o)
    0x080002ae   0x080002ae   0x00000000   Code   RO         4310    .ARM.Collect$$libinit$$0000002C  c_w.l(libinit2.o)
    0x080002ae   0x080002ae   0x00000000   Code   RO         4312    .ARM.Collect$$libinit$$0000002E  c_w.l(libinit2.o)
    0x080002ae   0x080002ae   0x00000000   Code   RO         4314    .ARM.Collect$$libinit$$00000030  c_w.l(libinit2.o)
    0x080002ae   0x080002ae   0x00000004   Code   RO         4315    .ARM.Collect$$libinit$$00000031  c_w.l(libinit2.o)
    0x080002b2   0x080002b2   0x00000000   Code   RO         4316    .ARM.Collect$$libinit$$00000032  c_w.l(libinit2.o)
    0x080002b2   0x080002b2   0x00000002   Code   RO         4317    .ARM.Collect$$libinit$$00000033  c_w.l(libinit2.o)
    0x080002b4   0x080002b4   0x00000002   Code   RO         4496    .ARM.Collect$$libshutdown$$00000000  c_w.l(libshutdown.o)
    0x080002b6   0x080002b6   0x00000000   Code   RO         4512    .ARM.Collect$$libshutdown$$00000002  c_w.l(libshutdown2.o)
    0x080002b6   0x080002b6   0x00000000   Code   RO         4514    .ARM.Collect$$libshutdown$$00000004  c_w.l(libshutdown2.o)
    0x080002b6   0x080002b6   0x00000000   Code   RO         4516    .ARM.Collect$$libshutdown$$00000006  c_w.l(libshutdown2.o)
    0x080002b6   0x080002b6   0x00000000   Code   RO         4519    .ARM.Collect$$libshutdown$$00000009  c_w.l(libshutdown2.o)
    0x080002b6   0x080002b6   0x00000000   Code   RO         4522    .ARM.Collect$$libshutdown$$0000000C  c_w.l(libshutdown2.o)
    0x080002b6   0x080002b6   0x00000000   Code   RO         4524    .ARM.Collect$$libshutdown$$0000000E  c_w.l(libshutdown2.o)
    0x080002b6   0x080002b6   0x00000000   Code   RO         4527    .ARM.Collect$$libshutdown$$00000011  c_w.l(libshutdown2.o)
    0x080002b6   0x080002b6   0x00000002   Code   RO         4528    .ARM.Collect$$libshutdown$$00000012  c_w.l(libshutdown2.o)
    0x080002b8   0x080002b8   0x00000000   Code   RO         4175    .ARM.Collect$$rtentry$$00000000  c_w.l(__rtentry.o)
    0x080002b8   0x080002b8   0x00000000   Code   RO         4349    .ARM.Collect$$rtentry$$00000002  c_w.l(__rtentry2.o)
    0x080002b8   0x080002b8   0x00000006   Code   RO         4361    .ARM.Collect$$rtentry$$00000004  c_w.l(__rtentry4.o)
    0x080002be   0x080002be   0x00000000   Code   RO         4351    .ARM.Collect$$rtentry$$00000009  c_w.l(__rtentry2.o)
    0x080002be   0x080002be   0x00000004   Code   RO         4352    .ARM.Collect$$rtentry$$0000000A  c_w.l(__rtentry2.o)
    0x080002c2   0x080002c2   0x00000000   Code   RO         4354    .ARM.Collect$$rtentry$$0000000C  c_w.l(__rtentry2.o)
    0x080002c2   0x080002c2   0x00000008   Code   RO         4355    .ARM.Collect$$rtentry$$0000000D  c_w.l(__rtentry2.o)
    0x080002ca   0x080002ca   0x00000002   Code   RO         4453    .ARM.Collect$$rtexit$$00000000  c_w.l(rtexit.o)
    0x080002cc   0x080002cc   0x00000000   Code   RO         4478    .ARM.Collect$$rtexit$$00000002  c_w.l(rtexit2.o)
    0x080002cc   0x080002cc   0x00000004   Code   RO         4479    .ARM.Collect$$rtexit$$00000003  c_w.l(rtexit2.o)
    0x080002d0   0x080002d0   0x00000006   Code   RO         4480    .ARM.Collect$$rtexit$$00000004  c_w.l(rtexit2.o)
    0x080002d6   0x080002d6   0x00000002   PAD
    0x080002d8   0x080002d8   0x00000040   Code   RO            4    .text               startup_stm32f407xx.o
    0x08000318   0x08000318   0x000000ee   Code   RO         4135    .text               c_w.l(lludivv7m.o)
    0x08000406   0x08000406   0x00000002   PAD
    0x08000408   0x08000408   0x00000024   Code   RO         4137    .text               c_w.l(c89vsprintf.o)
    0x0800042c   0x0800042c   0x0000004e   Code   RO         4139    .text               c_w.l(rt_memclr_w.o)
    0x0800047a   0x0800047a   0x00000006   Code   RO         4141    .text               c_w.l(heapauxi.o)
    0x08000480   0x08000480   0x00000024   Code   RO         4148    .text               c_w.l(init_aeabi.o)
    0x080004a4   0x080004a4   0x00000016   Code   RO         4180    .text               c_w.l(_rserrno.o)
    0x080004ba   0x080004ba   0x0000004e   Code   RO         4184    .text               c_w.l(_printf_pad.o)
    0x08000508   0x08000508   0x00000024   Code   RO         4186    .text               c_w.l(_printf_truncate.o)
    0x0800052c   0x0800052c   0x00000052   Code   RO         4188    .text               c_w.l(_printf_str.o)
    0x0800057e   0x0800057e   0x00000002   PAD
    0x08000580   0x08000580   0x00000078   Code   RO         4190    .text               c_w.l(_printf_dec.o)
    0x080005f8   0x080005f8   0x00000028   Code   RO         4192    .text               c_w.l(_printf_charcount.o)
    0x08000620   0x08000620   0x00000030   Code   RO         4194    .text               c_w.l(_printf_char_common.o)
    0x08000650   0x08000650   0x0000000a   Code   RO         4196    .text               c_w.l(_sputc.o)
    0x0800065a   0x0800065a   0x00000002   PAD
    0x0800065c   0x0800065c   0x000000bc   Code   RO         4198    .text               c_w.l(_printf_wctomb.o)
    0x08000718   0x08000718   0x0000007c   Code   RO         4201    .text               c_w.l(_printf_longlong_dec.o)
    0x08000794   0x08000794   0x00000070   Code   RO         4207    .text               c_w.l(_printf_oct_int_ll.o)
    0x08000804   0x08000804   0x00000094   Code   RO         4227    .text               c_w.l(_printf_hex_int_ll_ptr.o)
    0x08000898   0x08000898   0x00000188   Code   RO         4247    .text               c_w.l(__printf_flags_ss_wp.o)
    0x08000a20   0x08000a20   0x00000008   Code   RO         4368    .text               c_w.l(rt_errno_addr_intlibspace.o)
    0x08000a28   0x08000a28   0x0000008a   Code   RO         4370    .text               c_w.l(lludiv10.o)
    0x08000ab2   0x08000ab2   0x000000b2   Code   RO         4372    .text               c_w.l(_printf_intcommon.o)
    0x08000b64   0x08000b64   0x0000041e   Code   RO         4374    .text               c_w.l(_printf_fp_dec.o)
    0x08000f82   0x08000f82   0x0000002c   Code   RO         4378    .text               c_w.l(_printf_char.o)
    0x08000fae   0x08000fae   0x0000002c   Code   RO         4380    .text               c_w.l(_printf_wchar.o)
    0x08000fda   0x08000fda   0x00000040   Code   RO         4383    .text               c_w.l(_wcrtomb.o)
    0x0800101a   0x0800101a   0x00000002   PAD
    0x0800101c   0x0800101c   0x00000008   Code   RO         4389    .text               c_w.l(libspace.o)
    0x08001024   0x08001024   0x0000004a   Code   RO         4392    .text               c_w.l(sys_stackheap_outer.o)
    0x0800106e   0x0800106e   0x00000002   PAD
    0x08001070   0x08001070   0x00000010   Code   RO         4394    .text               c_w.l(rt_ctype_table.o)
    0x08001080   0x08001080   0x00000008   Code   RO         4399    .text               c_w.l(rt_locale_intlibspace.o)
    0x08001088   0x08001088   0x00000080   Code   RO         4401    .text               c_w.l(_printf_fp_infnan.o)
    0x08001108   0x08001108   0x000000e4   Code   RO         4403    .text               c_w.l(bigflt0.o)
    0x080011ec   0x080011ec   0x00000012   Code   RO         4431    .text               c_w.l(exit.o)
    0x080011fe   0x080011fe   0x00000002   PAD
    0x08001200   0x08001200   0x00000080   Code   RO         4470    .text               c_w.l(strcmpv7m.o)
    0x08001280   0x08001280   0x0000000c   Code   RO         4472    .text               c_w.l(sys_exit.o)
    0x0800128c   0x0800128c   0x00000002   Code   RO         4474    .text               c_w.l(use_no_semi.o)
    0x0800128e   0x0800128e   0x00000000   Code   RO         4476    .text               c_w.l(indicate_semi.o)
    0x0800128e   0x0800128e   0x0000003e   Code   RO         4406    CL$$btod_d2e        c_w.l(btod.o)
    0x080012cc   0x080012cc   0x00000046   Code   RO         4408    CL$$btod_d2e_denorm_low  c_w.l(btod.o)
    0x08001312   0x08001312   0x00000060   Code   RO         4407    CL$$btod_d2e_norm_op1  c_w.l(btod.o)
    0x08001372   0x08001372   0x00000338   Code   RO         4416    CL$$btod_div_common  c_w.l(btod.o)
    0x080016aa   0x080016aa   0x000000dc   Code   RO         4413    CL$$btod_e2e        c_w.l(btod.o)
    0x08001786   0x08001786   0x0000002a   Code   RO         4410    CL$$btod_ediv       c_w.l(btod.o)
    0x080017b0   0x080017b0   0x0000002a   Code   RO         4409    CL$$btod_emul       c_w.l(btod.o)
    0x080017da   0x080017da   0x00000244   Code   RO         4415    CL$$btod_mult_common  c_w.l(btod.o)
    0x08001a1e   0x08001a1e   0x00000002   Code   RO          482    i.BusFault_Handler  stm32f4xx_it.o
    0x08001a20   0x08001a20   0x0000000c   Code   RO          483    i.CAN1_RX0_IRQHandler  stm32f4xx_it.o
    0x08001a2c   0x08001a2c   0x0000000c   Code   RO          484    i.DMA2_Stream1_IRQHandler  stm32f4xx_it.o
    0x08001a38   0x08001a38   0x0000000c   Code   RO          485    i.DMA2_Stream2_IRQHandler  stm32f4xx_it.o
    0x08001a44   0x08001a44   0x0000000c   Code   RO          486    i.DMA2_Stream6_IRQHandler  stm32f4xx_it.o
    0x08001a50   0x08001a50   0x00000002   Code   RO          487    i.DebugMon_Handler  stm32f4xx_it.o
    0x08001a52   0x08001a52   0x00000004   Code   RO           13    i.Error_Handler     main.o
    0x08001a56   0x08001a56   0x00000024   Code   RO          691    i.HAL_CAN_ActivateNotification  stm32f4xx_hal_can.o
    0x08001a7a   0x08001a7a   0x000000d0   Code   RO          692    i.HAL_CAN_AddTxMessage  stm32f4xx_hal_can.o
    0x08001b4a   0x08001b4a   0x00000002   PAD
    0x08001b4c   0x08001b4c   0x0000010c   Code   RO          693    i.HAL_CAN_ConfigFilter  stm32f4xx_hal_can.o
    0x08001c58   0x08001c58   0x00000002   Code   RO          696    i.HAL_CAN_ErrorCallback  stm32f4xx_hal_can.o
    0x08001c5a   0x08001c5a   0x000000f4   Code   RO          699    i.HAL_CAN_GetRxMessage  stm32f4xx_hal_can.o
    0x08001d4e   0x08001d4e   0x000001fc   Code   RO          703    i.HAL_CAN_IRQHandler  stm32f4xx_hal_can.o
    0x08001f4a   0x08001f4a   0x0000011a   Code   RO          704    i.HAL_CAN_Init      stm32f4xx_hal_can.o
    0x08002064   0x08002064   0x00000078   Code   RO          295    i.HAL_CAN_MspInit   can.o
    0x080020dc   0x080020dc   0x00000002   Code   RO          711    i.HAL_CAN_RxFifo0FullCallback  stm32f4xx_hal_can.o
    0x080020de   0x080020de   0x00000002   PAD
    0x080020e0   0x080020e0   0x000000f8   Code   RO           14    i.HAL_CAN_RxFifo0MsgPendingCallback  main.o
    0x080021d8   0x080021d8   0x00000002   Code   RO          713    i.HAL_CAN_RxFifo1FullCallback  stm32f4xx_hal_can.o
    0x080021da   0x080021da   0x00000002   Code   RO          714    i.HAL_CAN_RxFifo1MsgPendingCallback  stm32f4xx_hal_can.o
    0x080021dc   0x080021dc   0x00000002   Code   RO          715    i.HAL_CAN_SleepCallback  stm32f4xx_hal_can.o
    0x080021de   0x080021de   0x00000002   PAD
    0x080021e0   0x080021e0   0x00000058   Code   RO          716    i.HAL_CAN_Start     stm32f4xx_hal_can.o
    0x08002238   0x08002238   0x00000002   Code   RO          718    i.HAL_CAN_TxMailbox0AbortCallback  stm32f4xx_hal_can.o
    0x0800223a   0x0800223a   0x00000002   Code   RO          719    i.HAL_CAN_TxMailbox0CompleteCallback  stm32f4xx_hal_can.o
    0x0800223c   0x0800223c   0x00000002   Code   RO          720    i.HAL_CAN_TxMailbox1AbortCallback  stm32f4xx_hal_can.o
    0x0800223e   0x0800223e   0x00000002   Code   RO          721    i.HAL_CAN_TxMailbox1CompleteCallback  stm32f4xx_hal_can.o
    0x08002240   0x08002240   0x00000002   Code   RO          722    i.HAL_CAN_TxMailbox2AbortCallback  stm32f4xx_hal_can.o
    0x08002242   0x08002242   0x00000002   Code   RO          723    i.HAL_CAN_TxMailbox2CompleteCallback  stm32f4xx_hal_can.o
    0x08002244   0x08002244   0x00000002   Code   RO          725    i.HAL_CAN_WakeUpFromRxMsgCallback  stm32f4xx_hal_can.o
    0x08002246   0x08002246   0x00000092   Code   RO         1475    i.HAL_DMA_Abort     stm32f4xx_hal_dma.o
    0x080022d8   0x080022d8   0x00000024   Code   RO         1476    i.HAL_DMA_Abort_IT  stm32f4xx_hal_dma.o
    0x080022fc   0x080022fc   0x000001a0   Code   RO         1480    i.HAL_DMA_IRQHandler  stm32f4xx_hal_dma.o
    0x0800249c   0x0800249c   0x000000d4   Code   RO         1481    i.HAL_DMA_Init      stm32f4xx_hal_dma.o
    0x08002570   0x08002570   0x00000024   Code   RO         1975    i.HAL_Delay         stm32f4xx_hal.o
    0x08002594   0x08002594   0x000001f0   Code   RO         1359    i.HAL_GPIO_Init     stm32f4xx_hal_gpio.o
    0x08002784   0x08002784   0x0000000a   Code   RO         1363    i.HAL_GPIO_WritePin  stm32f4xx_hal_gpio.o
    0x0800278e   0x0800278e   0x00000002   PAD
    0x08002790   0x08002790   0x0000000c   Code   RO         1981    i.HAL_GetTick       stm32f4xx_hal.o
    0x0800279c   0x0800279c   0x00000010   Code   RO         1987    i.HAL_IncTick       stm32f4xx_hal.o
    0x080027ac   0x080027ac   0x00000034   Code   RO         1988    i.HAL_Init          stm32f4xx_hal.o
    0x080027e0   0x080027e0   0x00000098   Code   RO          648    i.HAL_InitTick      stm32f4xx_hal_timebase_tim.o
    0x08002878   0x08002878   0x00000030   Code   RO          623    i.HAL_MspInit       stm32f4xx_hal_msp.o
    0x080028a8   0x080028a8   0x0000001a   Code   RO         1801    i.HAL_NVIC_EnableIRQ  stm32f4xx_hal_cortex.o
    0x080028c2   0x080028c2   0x00000002   PAD
    0x080028c4   0x080028c4   0x00000040   Code   RO         1807    i.HAL_NVIC_SetPriority  stm32f4xx_hal_cortex.o
    0x08002904   0x08002904   0x00000024   Code   RO         1808    i.HAL_NVIC_SetPriorityGrouping  stm32f4xx_hal_cortex.o
    0x08002928   0x08002928   0x00000134   Code   RO          961    i.HAL_RCC_ClockConfig  stm32f4xx_hal_rcc.o
    0x08002a5c   0x08002a5c   0x00000040   Code   RO          965    i.HAL_RCC_GetClockConfig  stm32f4xx_hal_rcc.o
    0x08002a9c   0x08002a9c   0x00000020   Code   RO          968    i.HAL_RCC_GetPCLK1Freq  stm32f4xx_hal_rcc.o
    0x08002abc   0x08002abc   0x00000020   Code   RO          969    i.HAL_RCC_GetPCLK2Freq  stm32f4xx_hal_rcc.o
    0x08002adc   0x08002adc   0x00000064   Code   RO          970    i.HAL_RCC_GetSysClockFreq  stm32f4xx_hal_rcc.o
    0x08002b40   0x08002b40   0x0000036c   Code   RO          973    i.HAL_RCC_OscConfig  stm32f4xx_hal_rcc.o
    0x08002eac   0x08002eac   0x00000002   Code   RO         3085    i.HAL_TIMEx_BreakCallback  stm32f4xx_hal_tim_ex.o
    0x08002eae   0x08002eae   0x00000002   Code   RO         3086    i.HAL_TIMEx_CommutCallback  stm32f4xx_hal_tim_ex.o
    0x08002eb0   0x08002eb0   0x00000054   Code   RO         3088    i.HAL_TIMEx_ConfigBreakDeadTime  stm32f4xx_hal_tim_ex.o
    0x08002f04   0x08002f04   0x00000090   Code   RO         3104    i.HAL_TIMEx_MasterConfigSynchronization  stm32f4xx_hal_tim_ex.o
    0x08002f94   0x08002f94   0x0000005a   Code   RO         2264    i.HAL_TIM_Base_Init  stm32f4xx_hal_tim.o
    0x08002fee   0x08002fee   0x00000002   PAD
    0x08002ff0   0x08002ff0   0x00000074   Code   RO          365    i.HAL_TIM_Base_MspInit  tim.o
    0x08003064   0x08003064   0x00000078   Code   RO         2267    i.HAL_TIM_Base_Start  stm32f4xx_hal_tim.o
    0x080030dc   0x080030dc   0x00000080   Code   RO         2269    i.HAL_TIM_Base_Start_IT  stm32f4xx_hal_tim.o
    0x0800315c   0x0800315c   0x000000dc   Code   RO         2273    i.HAL_TIM_ConfigClockSource  stm32f4xx_hal_tim.o
    0x08003238   0x08003238   0x00000002   Code   RO         2298    i.HAL_TIM_IC_CaptureCallback  stm32f4xx_hal_tim.o
    0x0800323a   0x0800323a   0x00000130   Code   RO         2312    i.HAL_TIM_IRQHandler  stm32f4xx_hal_tim.o
    0x0800336a   0x0800336a   0x00000002   PAD
    0x0800336c   0x0800336c   0x000000b0   Code   RO          366    i.HAL_TIM_MspPostInit  tim.o
    0x0800341c   0x0800341c   0x00000002   Code   RO         2315    i.HAL_TIM_OC_DelayElapsedCallback  stm32f4xx_hal_tim.o
    0x0800341e   0x0800341e   0x000000cc   Code   RO         2336    i.HAL_TIM_PWM_ConfigChannel  stm32f4xx_hal_tim.o
    0x080034ea   0x080034ea   0x0000005a   Code   RO         2339    i.HAL_TIM_PWM_Init  stm32f4xx_hal_tim.o
    0x08003544   0x08003544   0x00000002   Code   RO         2341    i.HAL_TIM_PWM_MspInit  stm32f4xx_hal_tim.o
    0x08003546   0x08003546   0x00000002   Code   RO         2342    i.HAL_TIM_PWM_PulseFinishedCallback  stm32f4xx_hal_tim.o
    0x08003548   0x08003548   0x000000c8   Code   RO         2344    i.HAL_TIM_PWM_Start  stm32f4xx_hal_tim.o
    0x08003610   0x08003610   0x00000120   Code   RO           15    i.HAL_TIM_PeriodElapsedCallback  main.o
    0x08003730   0x08003730   0x00000002   Code   RO         2355    i.HAL_TIM_TriggerCallback  stm32f4xx_hal_tim.o
    0x08003732   0x08003732   0x00000002   Code   RO         3406    i.HAL_UARTEx_RxEventCallback  stm32f4xx_hal_uart.o
    0x08003734   0x08003734   0x00000002   Code   RO         3420    i.HAL_UART_ErrorCallback  stm32f4xx_hal_uart.o
    0x08003736   0x08003736   0x00000002   PAD
    0x08003738   0x08003738   0x00000270   Code   RO         3423    i.HAL_UART_IRQHandler  stm32f4xx_hal_uart.o
    0x080039a8   0x080039a8   0x00000064   Code   RO         3424    i.HAL_UART_Init     stm32f4xx_hal_uart.o
    0x08003a0c   0x08003a0c   0x000001a0   Code   RO          431    i.HAL_UART_MspInit  usart.o
    0x08003bac   0x08003bac   0x00000002   Code   RO         3430    i.HAL_UART_RxCpltCallback  stm32f4xx_hal_uart.o
    0x08003bae   0x08003bae   0x000000a0   Code   RO         3432    i.HAL_UART_Transmit  stm32f4xx_hal_uart.o
    0x08003c4e   0x08003c4e   0x00000002   Code   RO         3435    i.HAL_UART_TxCpltCallback  stm32f4xx_hal_uart.o
    0x08003c50   0x08003c50   0x00000002   Code   RO          488    i.HardFault_Handler  stm32f4xx_it.o
    0x08003c52   0x08003c52   0x00000002   PAD
    0x08003c54   0x08003c54   0x00000044   Code   RO          296    i.MX_CAN1_Init      can.o
    0x08003c98   0x08003c98   0x0000004c   Code   RO          339    i.MX_DMA_Init       dma.o
    0x08003ce4   0x08003ce4   0x00000120   Code   RO          206    i.MX_GPIO_Init      gpio.o
    0x08003e04   0x08003e04   0x0000004c   Code   RO          367    i.MX_TIM12_Init     tim.o
    0x08003e50   0x08003e50   0x000000fc   Code   RO          368    i.MX_TIM1_Init      tim.o
    0x08003f4c   0x08003f4c   0x000000ec   Code   RO          369    i.MX_TIM8_Init      tim.o
    0x08004038   0x08004038   0x00000038   Code   RO          432    i.MX_USART1_UART_Init  usart.o
    0x08004070   0x08004070   0x00000038   Code   RO          433    i.MX_USART6_UART_Init  usart.o
    0x080040a8   0x080040a8   0x00000002   Code   RO          489    i.MemManage_Handler  stm32f4xx_it.o
    0x080040aa   0x080040aa   0x00000002   Code   RO          490    i.NMI_Handler       stm32f4xx_it.o
    0x080040ac   0x080040ac   0x00000002   Code   RO          491    i.PendSV_Handler    stm32f4xx_it.o
    0x080040ae   0x080040ae   0x00000002   Code   RO          492    i.SVC_Handler       stm32f4xx_it.o
    0x080040b0   0x080040b0   0x00000002   Code   RO          493    i.SysTick_Handler   stm32f4xx_it.o
    0x080040b2   0x080040b2   0x00000002   PAD
    0x080040b4   0x080040b4   0x00000010   Code   RO         3818    i.SystemInit        system_stm32f4xx.o
    0x080040c4   0x080040c4   0x0000000c   Code   RO          494    i.TIM7_IRQHandler   stm32f4xx_it.o
    0x080040d0   0x080040d0   0x0000001c   Code   RO          495    i.TIM8_BRK_TIM12_IRQHandler  stm32f4xx_it.o
    0x080040ec   0x080040ec   0x000000d8   Code   RO         2357    i.TIM_Base_SetConfig  stm32f4xx_hal_tim.o
    0x080041c4   0x080041c4   0x0000001a   Code   RO         2358    i.TIM_CCxChannelCmd  stm32f4xx_hal_tim.o
    0x080041de   0x080041de   0x00000014   Code   RO         2363    i.TIM_ETR_SetConfig  stm32f4xx_hal_tim.o
    0x080041f2   0x080041f2   0x00000002   PAD
    0x080041f4   0x080041f4   0x0000006c   Code   RO         2364    i.TIM_OC2_SetConfig  stm32f4xx_hal_tim.o
    0x08004260   0x08004260   0x0000000c   Code   RO          496    i.USART1_IRQHandler  stm32f4xx_it.o
    0x0800426c   0x0800426c   0x0000000c   Code   RO          497    i.USART6_IRQHandler  stm32f4xx_it.o
    0x08004278   0x08004278   0x00000002   Code   RO          498    i.UsageFault_Handler  stm32f4xx_it.o
    0x0800427a   0x0800427a   0x0000004a   Code   RO         3858    i._Z13float_to_uintfffi  robstride01.o
    0x080042c4   0x080042c4   0x00000038   Code   RO         4102    i._Z13usart6_printfPKcz  uart_printf.o
    0x080042fc   0x080042fc   0x0000002a   Code   RO         3859    i._Z15uint16_to_floattffi  robstride01.o
    0x08004326   0x08004326   0x00000002   PAD
    0x08004328   0x08004328   0x00000094   Code   RO           16    i._Z18SystemClock_Configv  main.o
    0x080043bc   0x080043bc   0x00000034   Code   RO         3860    i._Z9mapFaultst     robstride01.o
    0x080043f0   0x080043f0   0x000000bc   Code   RO         3866    i._ZN15RobStride_Motor24RobStride_Motor_AnalysisEPhj  robstride01.o
    0x080044ac   0x080044ac   0x00000050   Code   RO         3867    i._ZN15RobStride_Motor26RobStride_Motor_MIT_EnableEv  robstride01.o
    0x080044fc   0x080044fc   0x00000140   Code   RO         3869    i._ZN15RobStride_Motor27RobStride_Motor_MIT_ControlEfffff  robstride01.o
    0x0800463c   0x0800463c   0x00000054   Code   RO         3883    i._ZN15RobStride_Motor32RobStride_Motor_MIT_SetMotorTypeEh  robstride01.o
    0x08004690   0x08004690   0x00000068   Code   RO         3888    i._ZN15RobStride_Motor38RobStride_Motor_ProactiveEscalationSetEh  robstride01.o
    0x080046f8   0x080046f8   0x00000028   Code   RO         3890    i._ZN15RobStride_MotorC1Ehb  robstride01.o
    0x08004720   0x08004720   0x0000004c   Code   RO         3891    i._ZN15data_read_writeC1EPKt  robstride01.o
    0x0800476c   0x0800476c   0x00000054   Code   RO         1488    i._ZN41_INTERNAL_19_stm32f4xx_hal_dma_c_c25f65ec18DMA_CheckFifoParamEP19__DMA_HandleTypeDef  stm32f4xx_hal_dma.o
    0x080047c0   0x080047c0   0x00000028   Code   RO         1489    i._ZN41_INTERNAL_19_stm32f4xx_hal_dma_c_c25f65ec23DMA_CalcBaseAndBitshiftEP19__DMA_HandleTypeDef  stm32f4xx_hal_dma.o
    0x080047e8   0x080047e8   0x00000060   Code   RO         2366    i._ZN41_INTERNAL_19_stm32f4xx_hal_tim_c_a9d95b5217TIM_OC1_SetConfigEP11TIM_TypeDefPK18TIM_OC_InitTypeDef  stm32f4xx_hal_tim.o
    0x08004848   0x08004848   0x00000068   Code   RO         2367    i._ZN41_INTERNAL_19_stm32f4xx_hal_tim_c_a9d95b5217TIM_OC3_SetConfigEP11TIM_TypeDefPK18TIM_OC_InitTypeDef  stm32f4xx_hal_tim.o
    0x080048b0   0x080048b0   0x00000050   Code   RO         2368    i._ZN41_INTERNAL_19_stm32f4xx_hal_tim_c_a9d95b5217TIM_OC4_SetConfigEP11TIM_TypeDefPK18TIM_OC_InitTypeDef  stm32f4xx_hal_tim.o
    0x08004900   0x08004900   0x00000010   Code   RO         2371    i._ZN41_INTERNAL_19_stm32f4xx_hal_tim_c_a9d95b5218TIM_ITRx_SetConfigEP11TIM_TypeDefj  stm32f4xx_hal_tim.o
    0x08004910   0x08004910   0x00000022   Code   RO         2376    i._ZN41_INTERNAL_19_stm32f4xx_hal_tim_c_a9d95b5224TIM_TI1_ConfigInputStageEP11TIM_TypeDefjj  stm32f4xx_hal_tim.o
    0x08004932   0x08004932   0x00000024   Code   RO         2377    i._ZN41_INTERNAL_19_stm32f4xx_hal_tim_c_a9d95b5224TIM_TI2_ConfigInputStageEP11TIM_TypeDefjj  stm32f4xx_hal_tim.o
    0x08004956   0x08004956   0x00000002   PAD
    0x08004958   0x08004958   0x0000010c   Code   RO         3440    i._ZN42_INTERNAL_20_stm32f4xx_hal_uart_c_d497114f14UART_SetConfigEP20__UART_HandleTypeDef  stm32f4xx_hal_uart.o
    0x08004a64   0x08004a64   0x000000c2   Code   RO         3441    i._ZN42_INTERNAL_20_stm32f4xx_hal_uart_c_d497114f15UART_Receive_ITEP20__UART_HandleTypeDef  stm32f4xx_hal_uart.o
    0x08004b26   0x08004b26   0x0000004e   Code   RO         3444    i._ZN42_INTERNAL_20_stm32f4xx_hal_uart_c_d497114f18UART_EndRxTransferEP20__UART_HandleTypeDef  stm32f4xx_hal_uart.o
    0x08004b74   0x08004b74   0x00000010   Code   RO         3447    i._ZN42_INTERNAL_20_stm32f4xx_hal_uart_c_d497114f20UART_DMAAbortOnErrorEP19__DMA_HandleTypeDef  stm32f4xx_hal_uart.o
    0x08004b84   0x08004b84   0x00000072   Code   RO         3453    i._ZN42_INTERNAL_20_stm32f4xx_hal_uart_c_d497114f27UART_WaitOnFlagUntilTimeoutEP20__UART_HandleTypeDefj10FlagStatusjj  stm32f4xx_hal_uart.o
    0x08004bf6   0x08004bf6   0x00000020   Code   RO         1814    i._ZN44_INTERNAL_22_stm32f4xx_hal_cortex_c_2992dbc018__NVIC_SetPriorityE9IRQn_Typej  stm32f4xx_hal_cortex.o
    0x08004c16   0x08004c16   0x00000030   Code   RO         4449    i.__ARM_fpclassify  m_wm.l(fpclassify.o)
    0x08004c46   0x08004c46   0x00000026   Code   RO         4329    i.__ARM_fpclassifyf  m_wm.l(fpclassifyf.o)
    0x08004c6c   0x08004c6c   0x00000190   Code   RO         4163    i.__hardfp_sinf     m_wm.l(sinf.o)
    0x08004dfc   0x08004dfc   0x00000006   Code   RO         4332    i.__mathlib_flt_infnan  m_wm.l(funder.o)
    0x08004e02   0x08004e02   0x00000002   PAD
    0x08004e04   0x08004e04   0x00000010   Code   RO         4334    i.__mathlib_flt_invalid  m_wm.l(funder.o)
    0x08004e14   0x08004e14   0x00000010   Code   RO         4337    i.__mathlib_flt_underflow  m_wm.l(funder.o)
    0x08004e24   0x08004e24   0x00000154   Code   RO         4345    i.__mathlib_rredf2  m_wm.l(rredf.o)
    0x08004f78   0x08004f78   0x0000007c   Code   RO           17    i.__sti___6_main_c_035040fe  main.o
    0x08004ff4   0x08004ff4   0x0000000e   Code   RO         4240    i._is_digit         c_w.l(__printf_wp.o)
    0x08005002   0x08005002   0x00000002   PAD
    0x08005004   0x08005004   0x00000500   Code   RO           18    i.main              main.o
    0x08005504   0x08005504   0x0000002c   Code   RO         4429    locale$$code        c_w.l(lc_numeric_c.o)
    0x08005530   0x08005530   0x0000002c   Code   RO         4460    locale$$code        c_w.l(lc_ctype_c.o)
    0x0800555c   0x0800555c   0x00000062   Code   RO         4151    x$fpl$d2f           fz_wm.l(d2f.o)
    0x080055be   0x080055be   0x00000026   Code   RO         4153    x$fpl$dfltu         fz_wm.l(dflt_clz.o)
    0x080055e4   0x080055e4   0x00000154   Code   RO         4159    x$fpl$dmul          fz_wm.l(dmul.o)
    0x08005738   0x08005738   0x0000009c   Code   RO         4318    x$fpl$dnaninf       fz_wm.l(dnaninf.o)
    0x080057d4   0x080057d4   0x0000000c   Code   RO         4320    x$fpl$dretinf       fz_wm.l(dretinf.o)
    0x080057e0   0x080057e0   0x00000056   Code   RO         4161    x$fpl$f2d           fz_wm.l(f2d.o)
    0x08005836   0x08005836   0x0000008c   Code   RO         4322    x$fpl$fnaninf       fz_wm.l(fnaninf.o)
    0x080058c2   0x080058c2   0x0000000a   Code   RO         4387    x$fpl$fpinit        fz_wm.l(fpinit.o)
    0x080058cc   0x080058cc   0x0000000a   Code   RO         4324    x$fpl$fretinf       fz_wm.l(fretinf.o)
    0x080058d6   0x080058d6   0x00000004   Code   RO         4326    x$fpl$printf1       fz_wm.l(printf1.o)
    0x080058da   0x080058da   0x00000000   Code   RO         4328    x$fpl$usenofp       fz_wm.l(usenofp.o)
    0x080058da   0x080058da   0x00000008   Data   RO         1505    .constdata          stm32f4xx_hal_dma.o
    0x080058e2   0x080058e2   0x00000010   Data   RO         3821    .constdata          system_stm32f4xx.o
    0x080058f2   0x080058f2   0x00000008   Data   RO         3822    .constdata          system_stm32f4xx.o
    0x080058fa   0x080058fa   0x0000001e   Data   RO         3927    .constdata          robstride01.o
    0x08005918   0x08005918   0x00000008   Data   RO         4199    .constdata          c_w.l(_printf_wctomb.o)
    0x08005920   0x08005920   0x00000028   Data   RO         4228    .constdata          c_w.l(_printf_hex_int_ll_ptr.o)
    0x08005948   0x08005948   0x00000011   Data   RO         4248    .constdata          c_w.l(__printf_flags_ss_wp.o)
    0x08005959   0x08005959   0x00000003   PAD
    0x0800595c   0x0800595c   0x00000020   Data   RO         4346    .constdata          m_wm.l(rredf.o)
    0x0800597c   0x0800597c   0x00000094   Data   RO         4404    .constdata          c_w.l(bigflt0.o)
    0x08005a10   0x08005a10   0x00000020   Data   RO         4529    Region$$Table       anon$$obj.o
    0x08005a30   0x08005a30   0x0000001c   Data   RO         4428    locale$$data        c_w.l(lc_numeric_c.o)
    0x08005a4c   0x08005a4c   0x00000110   Data   RO         4459    locale$$data        c_w.l(lc_ctype_c.o)
    0x08005b5c   0x08005b5c   0x00000004   Data   RO           31    .init_array         main.o
    0x08005b60   0x08005b5c   0x00000000   Data   RO         4146    .init_array         c_w.l(init_aeabi.o)


    Execution Region RW_IRAM1 (Exec base: 0x20000000, Load base: 0x08005b60, Size: 0x000012f8, Max: 0x0001c000, ABSOLUTE)

    Exec Addr    Load Addr    Size         Type   Attr      Idx    E Section Name        Object

    0x20000000   0x08005b60   0x00000058   Data   RW           30    .data               main.o
    0x20000058   0x08005bb8   0x0000000c   Data   RW         2022    .data               stm32f4xx_hal.o
    0x20000064   0x08005bc4   0x00000004   Data   RW         3823    .data               system_stm32f4xx.o
    0x20000068   0x08005bc8   0x00000004   Data   RW         3930    .data               robstride01.o
    0x2000006c   0x08005bcc   0x00000008   Data   RW         4105    .data               uart_printf.o
    0x20000074   0x08005bd4   0x00000004   PAD
    0x20000078        -       0x00000824   Zero   RW           25    .bss                main.o
    0x2000089c        -       0x00000028   Zero   RW          300    .bss                can.o
    0x200008c4        -       0x000000d8   Zero   RW          376    .bss                tim.o
    0x2000099c        -       0x000001b0   Zero   RW          438    .bss                usart.o
    0x20000b4c        -       0x00000048   Zero   RW          654    .bss                stm32f4xx_hal_timebase_tim.o
    0x20000b94        -       0x00000100   Zero   RW         4104    .bss                uart_printf.o
    0x20000c94        -       0x00000060   Zero   RW         4390    .bss                c_w.l(libspace.o)
    0x20000cf4   0x08005bd4   0x00000004   PAD
    0x20000cf8        -       0x00000200   Zero   RW            2    HEAP                startup_stm32f407xx.o
    0x20000ef8        -       0x00000400   Zero   RW            1    STACK               startup_stm32f407xx.o


    Execution Region RW_IRAM2 (Exec base: 0x2001c000, Load base: 0x08005bd4, Size: 0x00000000, Max: 0x00004000, ABSOLUTE)

    **** No section assigned to this execution region ****


==============================================================================

Image component sizes


      Code (inc. data)   RO Data    RW Data    ZI Data      Debug   Object Name

       188         22          0          0         40       1793   can.o
        76          4          0          0          0        850   dma.o
       288         20          0          0          0     695483   gpio.o
      2092        164          4         88       2084     697065   main.o
      1060         74         30          4          0      11788   robstride01.o
        64         26        392          0       1536        860   startup_stm32f407xx.o
       116         18          0         12          0       8870   stm32f4xx_hal.o
      1658          6          0          0          0      14715   stm32f4xx_hal_can.o
       158         14          0          0          0      33138   stm32f4xx_hal_cortex.o
       934         16          8          0          0       5775   stm32f4xx_hal_dma.o
       506         46          0          0          0       2276   stm32f4xx_hal_gpio.o
        48          6          0          0          0        918   stm32f4xx_hal_msp.o
      1412         86          0          0          0       6053   stm32f4xx_hal_rcc.o
      2102        168          0          0          0      18243   stm32f4xx_hal_tim.o
       232         28          0          0          0       3425   stm32f4xx_hal_tim_ex.o
       152         20          0          0         72       1559   stm32f4xx_hal_timebase_tim.o
      1562         16          0          0          0      10812   stm32f4xx_hal_uart.o
       130         52          0          0          0       8312   stm32f4xx_it.o
        16          4         24          4          0       1207   system_stm32f4xx.o
       856         68          0          0        216       4260   tim.o
        56         12          0          8        256       1232   uart_printf.o
       528         48          0          0        432       2872   usart.o

    ----------------------------------------------------------------------
     14260        918        490        116       4640    1531506   Object Totals
         0          0         32          0          0          0   (incl. Generated)
        26          0          0          0          4          0   (incl. Padding)

    ----------------------------------------------------------------------

      Code (inc. data)   RO Data    RW Data    ZI Data      Debug   Library Member Name

         8          0          0          0          0         68   __main.o
       392          4         17          0          0         92   __printf_flags_ss_wp.o
        14          0          0          0          0         68   __printf_wp.o
         0          0          0          0          0          0   __rtentry.o
        12          0          0          0          0          0   __rtentry2.o
         6          0          0          0          0          0   __rtentry4.o
        52          8          0          0          0          0   __scatter.o
        26          0          0          0          0          0   __scatter_copy.o
        28          0          0          0          0          0   __scatter_zi.o
         6          0          0          0          0          0   _printf_a.o
         6          0          0          0          0          0   _printf_c.o
        44          0          0          0          0        108   _printf_char.o
        48          6          0          0          0         96   _printf_char_common.o
        40          0          0          0          0         68   _printf_charcount.o
         6          0          0          0          0          0   _printf_d.o
       120         16          0          0          0         92   _printf_dec.o
         6          0          0          0          0          0   _printf_e.o
         6          0          0          0          0          0   _printf_f.o
      1054          0          0          0          0        216   _printf_fp_dec.o
       128         16          0          0          0         84   _printf_fp_infnan.o
         6          0          0          0          0          0   _printf_g.o
       148          4         40          0          0        160   _printf_hex_int_ll_ptr.o
         6          0          0          0          0          0   _printf_i.o
       178          0          0          0          0         88   _printf_intcommon.o
        10          0          0          0          0          0   _printf_l.o
         6          0          0          0          0          0   _printf_lc.o
        10          0          0          0          0          0   _printf_ll.o
         6          0          0          0          0          0   _printf_lld.o
         6          0          0          0          0          0   _printf_lli.o
         6          0          0          0          0          0   _printf_llo.o
         6          0          0          0          0          0   _printf_llu.o
         6          0          0          0          0          0   _printf_llx.o
       124         16          0          0          0         92   _printf_longlong_dec.o
         6          0          0          0          0          0   _printf_ls.o
         6          0          0          0          0          0   _printf_n.o
         6          0          0          0          0          0   _printf_o.o
       112         10          0          0          0        124   _printf_oct_int_ll.o
         6          0          0          0          0          0   _printf_p.o
        78          0          0          0          0        108   _printf_pad.o
         0          0          0          0          0          0   _printf_percent.o
         4          0          0          0          0          0   _printf_percent_end.o
         6          0          0          0          0          0   _printf_s.o
        82          0          0          0          0         80   _printf_str.o
        36          0          0          0          0         84   _printf_truncate.o
         6          0          0          0          0          0   _printf_u.o
        44          0          0          0          0        108   _printf_wchar.o
       188          6          8          0          0         92   _printf_wctomb.o
         6          0          0          0          0          0   _printf_x.o
        22          0          0          0          0        100   _rserrno.o
        10          0          0          0          0         68   _sputc.o
        64          0          0          0          0         92   _wcrtomb.o
       228          4        148          0          0         96   bigflt0.o
      1936        128          0          0          0        672   btod.o
        36          4          0          0          0         76   c89vsprintf.o
        18          0          0          0          0         80   exit.o
         6          0          0          0          0        152   heapauxi.o
         0          0          0          0          0          0   indicate_semi.o
        36         10          0          0          0         80   init_aeabi.o
        44         10        272          0          0         76   lc_ctype_c.o
        44         10         28          0          0         76   lc_numeric_c.o
         2          0          0          0          0          0   libinit.o
        38          0          0          0          0          0   libinit2.o
         2          0          0          0          0          0   libshutdown.o
         2          0          0          0          0          0   libshutdown2.o
         8          4          0          0         96         68   libspace.o
       138          0          0          0          0         80   lludiv10.o
       238          0          0          0          0        100   lludivv7m.o
        16          4          0          0          0         76   rt_ctype_table.o
         8          4          0          0          0         68   rt_errno_addr_intlibspace.o
         8          4          0          0          0         68   rt_locale_intlibspace.o
        78          0          0          0          0         80   rt_memclr_w.o
         2          0          0          0          0          0   rtexit.o
        10          0          0          0          0          0   rtexit2.o
       128          0          0          0          0         68   strcmpv7m.o
        12          4          0          0          0         68   sys_exit.o
        74          0          0          0          0         80   sys_stackheap_outer.o
         2          0          0          0          0         68   use_no_semi.o
        98          4          0          0          0        140   d2f.o
        38          0          0          0          0        116   dflt_clz.o
       340         12          0          0          0        152   dmul.o
       156          4          0          0          0        140   dnaninf.o
        12          0          0          0          0        116   dretinf.o
        86          4          0          0          0        132   f2d.o
       140          4          0          0          0        132   fnaninf.o
        10          0          0          0          0        116   fpinit.o
        10          0          0          0          0        116   fretinf.o
         4          0          0          0          0        116   printf1.o
         0          0          0          0          0          0   usenofp.o
        48          0          0          0          0        124   fpclassify.o
        38          0          0          0          0        116   fpclassifyf.o
        38         12          0          0          0        348   funder.o
       340         24         32          0          0        160   rredf.o
       400         56          0          0          0        212   sinf.o

    ----------------------------------------------------------------------
      8094        392        548          0        100       6456   Library Totals
        20          0          3          0          4          0   (incl. Padding)

    ----------------------------------------------------------------------

      Code (inc. data)   RO Data    RW Data    ZI Data      Debug   Library Name

      6316        272        513          0         96       4220   c_w.l
       894         28          0          0          0       1276   fz_wm.l
       864         92         32          0          0        960   m_wm.l

    ----------------------------------------------------------------------
      8094        392        548          0        100       6456   Library Totals

    ----------------------------------------------------------------------

==============================================================================


      Code (inc. data)   RO Data    RW Data    ZI Data      Debug   

     22354       1310       1038        116       4740    1522074   Grand Totals
     22354       1310       1038        116       4740    1522074   ELF Image Totals
     22354       1310       1038        116          0          0   ROM Totals

==============================================================================

    Total RO  Size (Code + RO Data)                23392 (  22.84kB)
    Total RW  Size (RW Data + ZI Data)              4856 (   4.74kB)
    Total ROM Size (Code + RO Data + RW Data)      23508 (  22.96kB)

==============================================================================

